#-----------------------------------------------------------
# Vivado v2016.4 (64-bit)
# SW Build 1756540 on Mon Jan 23 19:11:19 MST 2017
# IP Build 1755317 on Mon Jan 23 20:30:07 MST 2017
# Start of session at: Sun Jul  9 20:34:20 2017
# Process ID: 5735
# Current directory: /home/daniele/Sistemi_Embedded/Esercitazione_7/Driver/Esercitazione_7/Driver_GPIO_Xilinx/Terza_tipologia/vivado_project/project_gpio/project_gpio.runs/synth_1
# Command line: vivado -log design_for_gpio_wrapper.vds -product Vivado -mode batch -messageDb vivado.pb -notrace -source design_for_gpio_wrapper.tcl
# Log file: /home/daniele/Sistemi_Embedded/Esercitazione_7/Driver/Esercitazione_7/Driver_GPIO_Xilinx/Terza_tipologia/vivado_project/project_gpio/project_gpio.runs/synth_1/design_for_gpio_wrapper.vds
# Journal file: /home/daniele/Sistemi_Embedded/Esercitazione_7/Driver/Esercitazione_7/Driver_GPIO_Xilinx/Terza_tipologia/vivado_project/project_gpio/project_gpio.runs/synth_1/vivado.jou
#-----------------------------------------------------------
source design_for_gpio_wrapper.tcl -notrace
