Archive member included to satisfy reference by file (symbol)

/home/gianni/Ac6/SystemWorkbench/plugins/fr.ac6.mcu.externaltools.arm-none.linux64_1.13.1.201703061524/tools/compiler/bin/../lib/gcc/arm-none-eabi/5.4.1/../../../../arm-none-eabi/lib/armv7e-m/fpu/libc_nano.a(lib_a-exit.o)
                              /home/gianni/Ac6/SystemWorkbench/plugins/fr.ac6.mcu.externaltools.arm-none.linux64_1.13.1.201703061524/tools/compiler/bin/../lib/gcc/arm-none-eabi/5.4.1/../../../../arm-none-eabi/lib/armv7e-m/fpu/crt0.o (exit)
/home/gianni/Ac6/SystemWorkbench/plugins/fr.ac6.mcu.externaltools.arm-none.linux64_1.13.1.201703061524/tools/compiler/bin/../lib/gcc/arm-none-eabi/5.4.1/../../../../arm-none-eabi/lib/armv7e-m/fpu/libc_nano.a(lib_a-impure.o)
                              /home/gianni/Ac6/SystemWorkbench/plugins/fr.ac6.mcu.externaltools.arm-none.linux64_1.13.1.201703061524/tools/compiler/bin/../lib/gcc/arm-none-eabi/5.4.1/../../../../arm-none-eabi/lib/armv7e-m/fpu/libc_nano.a(lib_a-exit.o) (_global_impure_ptr)
/home/gianni/Ac6/SystemWorkbench/plugins/fr.ac6.mcu.externaltools.arm-none.linux64_1.13.1.201703061524/tools/compiler/bin/../lib/gcc/arm-none-eabi/5.4.1/../../../../arm-none-eabi/lib/armv7e-m/fpu/libc_nano.a(lib_a-init.o)
                              /home/gianni/Ac6/SystemWorkbench/plugins/fr.ac6.mcu.externaltools.arm-none.linux64_1.13.1.201703061524/tools/compiler/bin/../lib/gcc/arm-none-eabi/5.4.1/../../../../arm-none-eabi/lib/armv7e-m/fpu/crt0.o (__libc_init_array)
/home/gianni/Ac6/SystemWorkbench/plugins/fr.ac6.mcu.externaltools.arm-none.linux64_1.13.1.201703061524/tools/compiler/bin/../lib/gcc/arm-none-eabi/5.4.1/../../../../arm-none-eabi/lib/armv7e-m/fpu/libc_nano.a(lib_a-malloc.o)
                              Middlewares/ST/STM32_USB_Device_Library/Class/CDC/Src/usbd_cdc.o (malloc)
/home/gianni/Ac6/SystemWorkbench/plugins/fr.ac6.mcu.externaltools.arm-none.linux64_1.13.1.201703061524/tools/compiler/bin/../lib/gcc/arm-none-eabi/5.4.1/../../../../arm-none-eabi/lib/armv7e-m/fpu/libc_nano.a(lib_a-memcpy-stub.o)
                              Middlewares/Third_Party/FreeRTOS/Source/queue.o (memcpy)
/home/gianni/Ac6/SystemWorkbench/plugins/fr.ac6.mcu.externaltools.arm-none.linux64_1.13.1.201703061524/tools/compiler/bin/../lib/gcc/arm-none-eabi/5.4.1/../../../../arm-none-eabi/lib/armv7e-m/fpu/libc_nano.a(lib_a-memset.o)
                              /home/gianni/Ac6/SystemWorkbench/plugins/fr.ac6.mcu.externaltools.arm-none.linux64_1.13.1.201703061524/tools/compiler/bin/../lib/gcc/arm-none-eabi/5.4.1/../../../../arm-none-eabi/lib/armv7e-m/fpu/crt0.o (memset)
/home/gianni/Ac6/SystemWorkbench/plugins/fr.ac6.mcu.externaltools.arm-none.linux64_1.13.1.201703061524/tools/compiler/bin/../lib/gcc/arm-none-eabi/5.4.1/../../../../arm-none-eabi/lib/armv7e-m/fpu/libc_nano.a(lib_a-nano-freer.o)
                              /home/gianni/Ac6/SystemWorkbench/plugins/fr.ac6.mcu.externaltools.arm-none.linux64_1.13.1.201703061524/tools/compiler/bin/../lib/gcc/arm-none-eabi/5.4.1/../../../../arm-none-eabi/lib/armv7e-m/fpu/libc_nano.a(lib_a-malloc.o) (_free_r)
/home/gianni/Ac6/SystemWorkbench/plugins/fr.ac6.mcu.externaltools.arm-none.linux64_1.13.1.201703061524/tools/compiler/bin/../lib/gcc/arm-none-eabi/5.4.1/../../../../arm-none-eabi/lib/armv7e-m/fpu/libc_nano.a(lib_a-nano-mallocr.o)
                              /home/gianni/Ac6/SystemWorkbench/plugins/fr.ac6.mcu.externaltools.arm-none.linux64_1.13.1.201703061524/tools/compiler/bin/../lib/gcc/arm-none-eabi/5.4.1/../../../../arm-none-eabi/lib/armv7e-m/fpu/libc_nano.a(lib_a-malloc.o) (_malloc_r)
/home/gianni/Ac6/SystemWorkbench/plugins/fr.ac6.mcu.externaltools.arm-none.linux64_1.13.1.201703061524/tools/compiler/bin/../lib/gcc/arm-none-eabi/5.4.1/../../../../arm-none-eabi/lib/armv7e-m/fpu/libc_nano.a(lib_a-sbrkr.o)
                              /home/gianni/Ac6/SystemWorkbench/plugins/fr.ac6.mcu.externaltools.arm-none.linux64_1.13.1.201703061524/tools/compiler/bin/../lib/gcc/arm-none-eabi/5.4.1/../../../../arm-none-eabi/lib/armv7e-m/fpu/libc_nano.a(lib_a-nano-mallocr.o) (_sbrk_r)
/home/gianni/Ac6/SystemWorkbench/plugins/fr.ac6.mcu.externaltools.arm-none.linux64_1.13.1.201703061524/tools/compiler/bin/../lib/gcc/arm-none-eabi/5.4.1/../../../../arm-none-eabi/lib/armv7e-m/fpu/libc_nano.a(lib_a-sprintf.o)
                              Middlewares/Third_Party/FreeRTOS/Source/tasks.o (sprintf)
/home/gianni/Ac6/SystemWorkbench/plugins/fr.ac6.mcu.externaltools.arm-none.linux64_1.13.1.201703061524/tools/compiler/bin/../lib/gcc/arm-none-eabi/5.4.1/../../../../arm-none-eabi/lib/armv7e-m/fpu/libc_nano.a(lib_a-strcpy.o)
                              Middlewares/Third_Party/FreeRTOS/Source/tasks.o (strcpy)
/home/gianni/Ac6/SystemWorkbench/plugins/fr.ac6.mcu.externaltools.arm-none.linux64_1.13.1.201703061524/tools/compiler/bin/../lib/gcc/arm-none-eabi/5.4.1/../../../../arm-none-eabi/lib/armv7e-m/fpu/libc_nano.a(lib_a-strlen.o)
[...]
Memory Configuration

Name             Origin             Length             Attributes
RAM              0x20000000         0x00020000         xrw
CCMRAM           0x10000000         0x00010000         rw
FLASH            0x08000000         0x00100000         xr
*default*        0x00000000         0xffffffff

Linker script and memory map

LOAD /home/gianni/Ac6/SystemWorkbench/plugins/fr.ac6.mcu.externaltools.arm-none.linux64_1.13.1.201703061524/tools/compiler/bin/../lib/gcc/arm-none-eabi/5.4.1/armv7e-m/fpu/crti.o
LOAD /home/gianni/Ac6/SystemWorkbench/plugins/fr.ac6.mcu.externaltools.arm-none.linux64_1.13.1.201703061524/tools/compiler/bin/../lib/gcc/arm-none-eabi/5.4.1/armv7e-m/fpu/crtbegin.o
LOAD /home/gianni/Ac6/SystemWorkbench/plugins/fr.ac6.mcu.externaltools.arm-none.linux64_1.13.1.201703061524/tools/compiler/bin/../lib/gcc/arm-none-eabi/5.4.1/../../../../arm-none-eabi/lib/armv7e-m/fpu/crt0.o
LOAD /home/gianni/Ac6/SystemWorkbench/plugins/fr.ac6.mcu.externaltools.arm-none.linux64_1.13.1.201703061524/tools/compiler/bin/../lib/gcc/arm-none-eabi/5.4.1/../../../../arm-none-eabi/lib/armv7e-m/fpu/libm.a
LOAD Drivers/STM32F4xx_HAL_Driver/Src/stm32f4xx_hal.o
LOAD Drivers/STM32F4xx_HAL_Driver/Src/stm32f4xx_hal_cortex.o
LOAD Drivers/STM32F4xx_HAL_Driver/Src/stm32f4xx_hal_dma.o
LOAD Drivers/STM32F4xx_HAL_Driver/Src/stm32f4xx_hal_dma_ex.o
LOAD Drivers/STM32F4xx_HAL_Driver/Src/stm32f4xx_hal_flash.o
LOAD Drivers/STM32F4xx_HAL_Driver/Src/stm32f4xx_hal_flash_ex.o
LOAD Drivers/STM32F4xx_HAL_Driver/Src/stm32f4xx_hal_flash_ramfunc.o
LOAD Drivers/STM32F4xx_HAL_Driver/Src/stm32f4xx_hal_gpio.o
LOAD Drivers/STM32F4xx_HAL_Driver/Src/stm32f4xx_hal_pcd.o
LOAD Drivers/STM32F4xx_HAL_Driver/Src/stm32f4xx_hal_pcd_ex.o
LOAD Drivers/STM32F4xx_HAL_Driver/Src/stm32f4xx_hal_pwr.o
LOAD Drivers/STM32F4xx_HAL_Driver/Src/stm32f4xx_hal_pwr_ex.o
LOAD Drivers/STM32F4xx_HAL_Driver/Src/stm32f4xx_hal_rcc.o
LOAD Drivers/STM32F4xx_HAL_Driver/Src/stm32f4xx_hal_rcc_ex.o
LOAD Drivers/STM32F4xx_HAL_Driver/Src/stm32f4xx_hal_tim.o
LOAD Drivers/STM32F4xx_HAL_Driver/Src/stm32f4xx_hal_tim_ex.o
LOAD Drivers/STM32F4xx_HAL_Driver/Src/stm32f4xx_ll_usb.o
LOAD Middlewares/ST/STM32_USB_Device_Library/Class/CDC/Src/usbd_cdc.o
LOAD Middlewares/ST/STM32_USB_Device_Library/Core/Src/usbd_core.o
LOAD Middlewares/ST/STM32_USB_Device_Library/Core/Src/usbd_ctlreq.o
LOAD Middlewares/ST/STM32_USB_Device_Library/Core/Src/usbd_ioreq.o
LOAD Middlewares/Third_Party/FreeRTOS/Source/CMSIS_RTOS/cmsis_os.o
LOAD Middlewares/Third_Party/FreeRTOS/Source/croutine.o
LOAD Middlewares/Third_Party/FreeRTOS/Source/event_groups.o
LOAD Middlewares/Third_Party/FreeRTOS/Source/list.o
LOAD Middlewares/Third_Party/FreeRTOS/Source/queue.o
LOAD Middlewares/Third_Party/FreeRTOS/Source/tasks.o
LOAD Middlewares/Third_Party/FreeRTOS/Source/timers.o
LOAD Middlewares/Third_Party/FreeRTOS/Source/portable/GCC/ARM_CM4F/port.o
LOAD Middlewares/Third_Party/FreeRTOS/Source/portable/MemMang/heap_4.o
LOAD Src/freertos.o
LOAD Src/main.o
LOAD Src/stm32f4xx_hal_msp.o
LOAD Src/stm32f4xx_it.o
LOAD Src/system_stm32f4xx.o
LOAD Src/usb_device.o
LOAD Src/usbd_cdc_if.o
LOAD Src/usbd_conf.o
LOAD Src/usbd_desc.o
LOAD startup/startup_stm32f407xx.o
START GROUP
LOAD /home/gianni/Ac6/SystemWorkbench/plugins/fr.ac6.mcu.externaltools.arm-none.linux64_1.13.1.201703061524/tools/compiler/bin/../lib/gcc/arm-none-eabi/5.4.1/armv7e-m/fpu/libgcc.a
LOAD /home/gianni/Ac6/SystemWorkbench/plugins/fr.ac6.mcu.externaltools.arm-none.linux64_1.13.1.201703061524/tools/compiler/bin/../lib/gcc/arm-none-eabi/5.4.1/../../../../arm-none-eabi/lib/armv7e-m/fpu/libc_nano.a
END GROUP
START GROUP
LOAD /home/gianni/Ac6/SystemWorkbench/plugins/fr.ac6.mcu.externaltools.arm-none.linux64_1.13.1.201703061524/tools/compiler/bin/../lib/gcc/arm-none-eabi/5.4.1/armv7e-m/fpu/libgcc.a
LOAD /home/gianni/Ac6/SystemWorkbench/plugins/fr.ac6.mcu.externaltools.arm-none.linux64_1.13.1.201703061524/tools/compiler/bin/../lib/gcc/arm-none-eabi/5.4.1/../../../../arm-none-eabi/lib/armv7e-m/fpu/libc_nano.a
LOAD /home/gianni/Ac6/SystemWorkbench/plugins/fr.ac6.mcu.externaltools.arm-none.linux64_1.13.1.201703061524/tools/compiler/bin/../lib/gcc/arm-none-eabi/5.4.1/../../../../arm-none-eabi/lib/armv7e-m/fpu/libnosys.a
END GROUP
START GROUP
LOAD /home/gianni/Ac6/SystemWorkbench/plugins/fr.ac6.mcu.externaltools.arm-none.linux64_1.13.1.201703061524/tools/compiler/bin/../lib/gcc/arm-none-eabi/5.4.1/armv7e-m/fpu/libgcc.a
LOAD /home/gianni/Ac6/SystemWorkbench/plugins/fr.ac6.mcu.externaltools.arm-none.linux64_1.13.1.201703061524/tools/compiler/bin/../lib/gcc/arm-none-eabi/5.4.1/../../../../arm-none-eabi/lib/armv7e-m/fpu/libc_nano.a
LOAD /home/gianni/Ac6/SystemWorkbench/plugins/fr.ac6.mcu.externaltools.arm-none.linux64_1.13.1.201703061524/tools/compiler/bin/../lib/gcc/arm-none-eabi/5.4.1/../../../../arm-none-eabi/lib/armv7e-m/fpu/libnosys.a
END GROUP
LOAD /home/gianni/Ac6/SystemWorkbench/plugins/fr.ac6.mcu.externaltools.arm-none.linux64_1.13.1.201703061524/tools/compiler/bin/../lib/gcc/arm-none-eabi/5.4.1/armv7e-m/fpu/crtend.o
LOAD /home/gianni/Ac6/SystemWorkbench/plugins/fr.ac6.mcu.externaltools.arm-none.linux64_1.13.1.201703061524/tools/compiler/bin/../lib/gcc/arm-none-eabi/5.4.1/armv7e-m/fpu/crtn.o
                0x20020000                _estack = 0x20020000
                0x00000200                _Min_Heap_Size = 0x200
                0x00000400                _Min_Stack_Size = 0x400

.isr_vector     0x08000000      0x188
                0x08000000                . = ALIGN (0x4)
 *(.isr_vector)
 .isr_vector    0x08000000      0x188 startup/startup_stm32f407xx.o
                0x08000000                g_pfnVectors
                0x08000188                . = ALIGN (0x4)

.text           0x08000190     0x4e9c
                0x08000190                . = ALIGN (0x4)
 *(.text)
 .text          0x08000190       0x5c /home/gianni/Ac6/SystemWorkbench/plugins/fr.ac6.mcu.externaltools.arm-none.linux64_1.13.1.201703061524/tools/compiler/bin/../lib/gcc/arm-none-eabi/5.4.1/armv7e-m/fpu/crtbegin.o
 .text          0x080001ec       0x10 /home/gianni/Ac6/SystemWorkbench/plugins/fr.ac6.mcu.externaltools.arm-none.linux64_1.13.1.201703061524/tools/compiler/bin/../lib/gcc/arm-none-eabi/5.4.1/../../../../arm-none-eabi/lib/armv7e-m/fpu/libc_nano.a(lib_a-strlen.o)
                0x080001ec                strlen
 *(.text*)
 .text.HAL_InitTick
                0x080001fc       0x2c Drivers/STM32F4xx_HAL_Driver/Src/stm32f4xx_hal.o
                0x080001fc                HAL_InitTick
 .text.HAL_Init
                0x08000228       0x34 Drivers/STM32F4xx_HAL_Driver/Src/stm32f4xx_hal.o
                0x08000228                HAL_Init
 .text.HAL_IncTick
                0x0800025c       0x10 Drivers/STM32F4xx_HAL_Driver/Src/stm32f4xx_hal.o
                0x0800025c                HAL_IncTick
 .text.HAL_GetTick
                0x0800026c        0xc Drivers/STM32F4xx_HAL_Driver/Src/stm32f4xx_hal.o
                0x0800026c                HAL_GetTick
 .text.HAL_Delay
                0x08000278       0x24 Drivers/STM32F4xx_HAL_Driver/Src/stm32f4xx_hal.o
                0x08000278                HAL_Delay
 .text.HAL_NVIC_SetPriorityGrouping
                0x0800029c       0x24 Drivers/STM32F4xx_HAL_Driver/Src/stm32f4xx_hal_cortex.o
                0x0800029c                HAL_NVIC_SetPriorityGrouping
 .text.HAL_NVIC_SetPriority
                0x080002c0       0x64 Drivers/STM32F4xx_HAL_Driver/Src/stm32f4xx_hal_cortex.o
                0x080002c0                HAL_NVIC_SetPriority
 .text.HAL_NVIC_EnableIRQ
                0x08000324       0x18 Drivers/STM32F4xx_HAL_Driver/Src/stm32f4xx_hal_cortex.o
                0x08000324                HAL_NVIC_EnableIRQ
 .text.HAL_SYSTICK_Config
                0x0800033c       0x2c Drivers/STM32F4xx_HAL_Driver/Src/stm32f4xx_hal_cortex.o
                0x0800033c                HAL_SYSTICK_Config
 .text.HAL_SYSTICK_CLKSourceConfig
                0x08000368       0x20 Drivers/STM32F4xx_HAL_Driver/Src/stm32f4xx_hal_cortex.o
                0x08000368                HAL_SYSTICK_CLKSourceConfig
 .text.HAL_GPIO_Init
                0x08000388      0x1c0 Drivers/STM32F4xx_HAL_Driver/Src/stm32f4xx_hal_gpio.o
                0x08000388                HAL_GPIO_Init
 .text.HAL_GPIO_WritePin
                0x08000548        0xc Drivers/STM32F4xx_HAL_Driver/Src/stm32f4xx_hal_gpio.o
                0x08000548                HAL_GPIO_WritePin
 .text.HAL_GPIO_TogglePin
                0x08000554        0x8 Drivers/STM32F4xx_HAL_Driver/Src/stm32f4xx_hal_gpio.o
                0x08000554                HAL_GPIO_TogglePin
 .text.PCD_WriteEmptyTxFifo
                0x0800055c       0xb0 Drivers/STM32F4xx_HAL_Driver/Src/stm32f4xx_hal_pcd.o
 .text.HAL_PCD_Init
                0x0800060c       0xe4 Drivers/STM32F4xx_HAL_Driver/Src/stm32f4xx_hal_pcd.o
                0x0800060c                HAL_PCD_Init
 .text.HAL_PCD_Start
                0x080006f0       0x2c Drivers/STM32F4xx_HAL_Driver/Src/stm32f4xx_hal_pcd.o
                0x080006f0                HAL_PCD_Start
 .text.HAL_PCD_IRQHandler
                0x0800071c      0x57c Drivers/STM32F4xx_HAL_Driver/Src/stm32f4xx_hal_pcd.o
                0x0800071c                HAL_PCD_IRQHandler
 .text.HAL_PCD_SetAddress
                0x08000c98       0x24 Drivers/STM32F4xx_HAL_Driver/Src/stm32f4xx_hal_pcd.o
                0x08000c98                HAL_PCD_SetAddress
 .text.HAL_PCD_EP_Open
                0x08000cbc       0x68 Drivers/STM32F4xx_HAL_Driver/Src/stm32f4xx_hal_pcd.o
                0x08000cbc                HAL_PCD_EP_Open
 .text.HAL_PCD_EP_Close
                0x08000d24       0x58 Drivers/STM32F4xx_HAL_Driver/Src/stm32f4xx_hal_pcd.o
                0x08000d24                HAL_PCD_EP_Close
 .text.HAL_PCD_EP_Receive
                0x08000d7c       0x58 Drivers/STM32F4xx_HAL_Driver/Src/stm32f4xx_hal_pcd.o
                0x08000d7c                HAL_PCD_EP_Receive
 .text.HAL_PCD_EP_GetRxCount
                0x08000dd4       0x14 Drivers/STM32F4xx_HAL_Driver/Src/stm32f4xx_hal_pcd.o
                0x08000dd4                HAL_PCD_EP_GetRxCount
 .text.HAL_PCD_EP_Transmit
                0x08000de8       0x50 Drivers/STM32F4xx_HAL_Driver/Src/stm32f4xx_hal_pcd.o
                0x08000de8                HAL_PCD_EP_Transmit
 .text.HAL_PCD_EP_SetStall
                0x08000e38       0x64 Drivers/STM32F4xx_HAL_Driver/Src/stm32f4xx_hal_pcd.o
                0x08000e38                HAL_PCD_EP_SetStall
 .text.HAL_PCD_EP_ClrStall
                0x08000e9c       0x58 Drivers/STM32F4xx_HAL_Driver/Src/stm32f4xx_hal_pcd.o
                0x08000e9c                HAL_PCD_EP_ClrStall
 .text.HAL_PCDEx_SetTxFiFo
                0x08000ef4       0x48 Drivers/STM32F4xx_HAL_Driver/Src/stm32f4xx_hal_pcd_ex.o
                0x08000ef4                HAL_PCDEx_SetTxFiFo
 .text.HAL_PCDEx_SetRxFiFo
                0x08000f3c        0x8 Drivers/STM32F4xx_HAL_Driver/Src/stm32f4xx_hal_pcd_ex.o
                0x08000f3c                HAL_PCDEx_SetRxFiFo
 .text.HAL_RCC_OscConfig
                0x08000f44      0x3c8 Drivers/STM32F4xx_HAL_Driver/Src/stm32f4xx_hal_rcc.o
                0x08000f44                HAL_RCC_OscConfig
 .text.HAL_RCC_GetSysClockFreq
                0x0800130c       0xa4 Drivers/STM32F4xx_HAL_Driver/Src/stm32f4xx_hal_rcc.o
                0x0800130c                HAL_RCC_GetSysClockFreq
 .text.HAL_RCC_ClockConfig
                0x080013b0      0x1b0 Drivers/STM32F4xx_HAL_Driver/Src/stm32f4xx_hal_rcc.o
                0x080013b0                HAL_RCC_ClockConfig
 .text.HAL_RCC_GetHCLKFreq
                0x08001560        0xc Drivers/STM32F4xx_HAL_Driver/Src/stm32f4xx_hal_rcc.o
                0x08001560                HAL_RCC_GetHCLKFreq
 .text.USB_CoreInit
                0x0800156c       0x78 Drivers/STM32F4xx_HAL_Driver/Src/stm32f4xx_ll_usb.o
                0x0800156c                USB_CoreInit
 .text.USB_EnableGlobalInt
                0x080015e4        0xc Drivers/STM32F4xx_HAL_Driver/Src/stm32f4xx_ll_usb.o
                0x080015e4                USB_EnableGlobalInt
 .text.USB_DisableGlobalInt
                0x080015f0        0xc Drivers/STM32F4xx_HAL_Driver/Src/stm32f4xx_ll_usb.o
                0x080015f0                USB_DisableGlobalInt
 .text.USB_SetCurrentMode
                0x080015fc       0x2c Drivers/STM32F4xx_HAL_Driver/Src/stm32f4xx_ll_usb.o
                0x080015fc                USB_SetCurrentMode
 .text.USB_DevInit
                0x08001628      0x14c Drivers/STM32F4xx_HAL_Driver/Src/stm32f4xx_ll_usb.o
                0x08001628                USB_DevInit
 .text.USB_FlushTxFifo
                0x08001774       0x28 Drivers/STM32F4xx_HAL_Driver/Src/stm32f4xx_ll_usb.o
                0x08001774                USB_FlushTxFifo
 .text.USB_FlushRxFifo
                0x0800179c       0x24 Drivers/STM32F4xx_HAL_Driver/Src/stm32f4xx_ll_usb.o
                0x0800179c                USB_FlushRxFifo
 .text.USB_SetDevSpeed
                0x080017c0       0x10 Drivers/STM32F4xx_HAL_Driver/Src/stm32f4xx_ll_usb.o
                0x080017c0                USB_SetDevSpeed
 .text.USB_GetDevSpeed
                0x080017d0       0x40 Drivers/STM32F4xx_HAL_Driver/Src/stm32f4xx_ll_usb.o
                0x080017d0                USB_GetDevSpeed
 .text.USB_ActivateEndpoint
                0x08001810       0x98 Drivers/STM32F4xx_HAL_Driver/Src/stm32f4xx_ll_usb.o
                0x08001810                USB_ActivateEndpoint
 .text.USB_DeactivateEndpoint
                0x080018a8       0xf4 Drivers/STM32F4xx_HAL_Driver/Src/stm32f4xx_ll_usb.o
                0x080018a8                USB_DeactivateEndpoint
 .text.USB_EPStartXfer
                0x0800199c      0x258 Drivers/STM32F4xx_HAL_Driver/Src/stm32f4xx_ll_usb.o
                0x0800199c                USB_EPStartXfer
 .text.USB_EP0StartXfer
                0x08001bf4      0x160 Drivers/STM32F4xx_HAL_Driver/Src/stm32f4xx_ll_usb.o
                0x08001bf4                USB_EP0StartXfer
 .text.USB_WritePacket
                0x08001d54       0x2c Drivers/STM32F4xx_HAL_Driver/Src/stm32f4xx_ll_usb.o
                0x08001d54                USB_WritePacket
 .text.USB_ReadPacket
                0x08001d80       0x24 Drivers/STM32F4xx_HAL_Driver/Src/stm32f4xx_ll_usb.o
                0x08001d80                USB_ReadPacket
 .text.USB_EPSetStall
                0x08001da4       0x64 Drivers/STM32F4xx_HAL_Driver/Src/stm32f4xx_ll_usb.o
                0x08001da4                USB_EPSetStall
 .text.USB_EPClearStall
                0x08001e08       0x68 Drivers/STM32F4xx_HAL_Driver/Src/stm32f4xx_ll_usb.o
                0x08001e08                USB_EPClearStall
 .text.USB_SetDevAddress
                0x08001e70       0x20 Drivers/STM32F4xx_HAL_Driver/Src/stm32f4xx_ll_usb.o
                0x08001e70                USB_SetDevAddress
 .text.USB_DevConnect
                0x08001e90       0x18 Drivers/STM32F4xx_HAL_Driver/Src/stm32f4xx_ll_usb.o
                0x08001e90                USB_DevConnect
 .text.USB_DevDisconnect
                0x08001ea8       0x18 Drivers/STM32F4xx_HAL_Driver/Src/stm32f4xx_ll_usb.o
                0x08001ea8                USB_DevDisconnect
 .text.USB_ReadInterrupts
                0x08001ec0        0x8 Drivers/STM32F4xx_HAL_Driver/Src/stm32f4xx_ll_usb.o
                0x08001ec0                USB_ReadInterrupts
 .text.USB_ReadDevAllOutEpInterrupt
                0x08001ec8       0x10 Drivers/STM32F4xx_HAL_Driver/Src/stm32f4xx_ll_usb.o
                0x08001ec8                USB_ReadDevAllOutEpInterrupt
 .text.USB_ReadDevAllInEpInterrupt
                0x08001ed8       0x10 Drivers/STM32F4xx_HAL_Driver/Src/stm32f4xx_ll_usb.o
                0x08001ed8                USB_ReadDevAllInEpInterrupt
 .text.USB_ReadDevOutEPInterrupt
                0x08001ee8       0x14 Drivers/STM32F4xx_HAL_Driver/Src/stm32f4xx_ll_usb.o
                0x08001ee8                USB_ReadDevOutEPInterrupt
 .text.USB_ReadDevInEPInterrupt
                0x08001efc       0x24 Drivers/STM32F4xx_HAL_Driver/Src/stm32f4xx_ll_usb.o
                0x08001efc                USB_ReadDevInEPInterrupt
 .text.USB_GetMode
                0x08001f20        0x8 Drivers/STM32F4xx_HAL_Driver/Src/stm32f4xx_ll_usb.o
                0x08001f20                USB_GetMode
 .text.USB_ActivateSetup
                0x08001f28       0x38 Drivers/STM32F4xx_HAL_Driver/Src/stm32f4xx_ll_usb.o
                0x08001f28                USB_ActivateSetup
 .text.USB_EP0_OutStart
                0x08001f60       0x44 Drivers/STM32F4xx_HAL_Driver/Src/stm32f4xx_ll_usb.o
                0x08001f60                USB_EP0_OutStart
 .text.USB_CoreReset
                0x08001fa4       0x3c Drivers/STM32F4xx_HAL_Driver/Src/stm32f4xx_ll_usb.o
 .text.USBD_CDC_DataIn
                0x08001fe0       0x14 Middlewares/ST/STM32_USB_Device_Library/Class/CDC/Src/usbd_cdc.o
 .text.USBD_CDC_EP0_RxReady
                0x08001ff4       0x28 Middlewares/ST/STM32_USB_Device_Library/Class/CDC/Src/usbd_cdc.o
 .text.USBD_CDC_GetFSCfgDesc
                0x0800201c        0xc Middlewares/ST/STM32_USB_Device_Library/Class/CDC/Src/usbd_cdc.o
 .text.USBD_CDC_GetHSCfgDesc
                0x08002028        0xc Middlewares/ST/STM32_USB_Device_Library/Class/CDC/Src/usbd_cdc.o
 .text.USBD_CDC_GetOtherSpeedCfgDesc
                0x08002034        0xc Middlewares/ST/STM32_USB_Device_Library/Class/CDC/Src/usbd_cdc.o
 .text.USBD_CDC_GetDeviceQualifierDescriptor
                0x08002040        0xc Middlewares/ST/STM32_USB_Device_Library/Class/CDC/Src/usbd_cdc.o
                0x08002040                USBD_CDC_GetDeviceQualifierDescriptor
 .text.USBD_CDC_DataOut
                0x0800204c       0x30 Middlewares/ST/STM32_USB_Device_Library/Class/CDC/Src/usbd_cdc.o
 .text.USBD_CDC_Setup
                0x0800207c       0x74 Middlewares/ST/STM32_USB_Device_Library/Class/CDC/Src/usbd_cdc.o
 .text.USBD_CDC_DeInit
                0x080020f0       0x3c Middlewares/ST/STM32_USB_Device_Library/Class/CDC/Src/usbd_cdc.o
 .text.USBD_CDC_Init
                0x0800212c       0x98 Middlewares/ST/STM32_USB_Device_Library/Class/CDC/Src/usbd_cdc.o
 .text.USBD_CDC_RegisterInterface
                0x080021c4       0x10 Middlewares/ST/STM32_USB_Device_Library/Class/CDC/Src/usbd_cdc.o
                0x080021c4                USBD_CDC_RegisterInterface
 .text.USBD_CDC_SetTxBuffer
                0x080021d4       0x10 Middlewares/ST/STM32_USB_Device_Library/Class/CDC/Src/usbd_cdc.o
                0x080021d4                USBD_CDC_SetTxBuffer
 .text.USBD_CDC_SetRxBuffer
                0x080021e4        0xc Middlewares/ST/STM32_USB_Device_Library/Class/CDC/Src/usbd_cdc.o
                0x080021e4                USBD_CDC_SetRxBuffer
 .text.USBD_CDC_TransmitPacket
                0x080021f0       0x30 Middlewares/ST/STM32_USB_Device_Library/Class/CDC/Src/usbd_cdc.o
                0x080021f0                USBD_CDC_TransmitPacket
 .text.USBD_CDC_ReceivePacket
                0x08002220       0x34 Middlewares/ST/STM32_USB_Device_Library/Class/CDC/Src/usbd_cdc.o
                0x08002220                USBD_CDC_ReceivePacket
 .text.USBD_Init
                0x08002254       0x30 Middlewares/ST/STM32_USB_Device_Library/Core/Src/usbd_core.o
                0x08002254                USBD_Init
 .text.USBD_RegisterClass
                0x08002284       0x10 Middlewares/ST/STM32_USB_Device_Library/Core/Src/usbd_core.o
                0x08002284                USBD_RegisterClass
 .text.USBD_Start
                0x08002294        0xc Middlewares/ST/STM32_USB_Device_Library/Core/Src/usbd_core.o
                0x08002294                USBD_Start
 .text.USBD_SetClassConfig
                0x080022a0       0x1c Middlewares/ST/STM32_USB_Device_Library/Core/Src/usbd_core.o
                0x080022a0                USBD_SetClassConfig
 .text.USBD_ClrClassConfig
                0x080022bc       0x10 Middlewares/ST/STM32_USB_Device_Library/Core/Src/usbd_core.o
                0x080022bc                USBD_ClrClassConfig
 .text.USBD_LL_SetupStage
                0x080022cc       0x5c Middlewares/ST/STM32_USB_Device_Library/Core/Src/usbd_core.o
                0x080022cc                USBD_LL_SetupStage
 .text.USBD_LL_DataOutStage
                0x08002328       0x68 Middlewares/ST/STM32_USB_Device_Library/Core/Src/usbd_core.o
                0x08002328                USBD_LL_DataOutStage
 .text.USBD_LL_DataInStage
                0x08002390       0xac Middlewares/ST/STM32_USB_Device_Library/Core/Src/usbd_core.o
                0x08002390                USBD_LL_DataInStage
 .text.USBD_LL_Reset
                0x0800243c       0x40 Middlewares/ST/STM32_USB_Device_Library/Core/Src/usbd_core.o
                0x0800243c                USBD_LL_Reset
 .text.USBD_LL_SetSpeed
                0x0800247c        0x8 Middlewares/ST/STM32_USB_Device_Library/Core/Src/usbd_core.o
                0x0800247c                USBD_LL_SetSpeed
 .text.USBD_LL_Suspend
                0x08002484       0x14 Middlewares/ST/STM32_USB_Device_Library/Core/Src/usbd_core.o
                0x08002484                USBD_LL_Suspend
 .text.USBD_LL_Resume
                0x08002498        0xc Middlewares/ST/STM32_USB_Device_Library/Core/Src/usbd_core.o
                0x08002498                USBD_LL_Resume
 .text.USBD_LL_SOF
                0x080024a4       0x18 Middlewares/ST/STM32_USB_Device_Library/Core/Src/usbd_core.o
                0x080024a4                USBD_LL_SOF
 .text.USBD_LL_IsoINIncomplete
                0x080024bc        0x4 Middlewares/ST/STM32_USB_Device_Library/Core/Src/usbd_core.o
                0x080024bc                USBD_LL_IsoINIncomplete
 .text.USBD_LL_IsoOUTIncomplete
                0x080024c0        0x4 Middlewares/ST/STM32_USB_Device_Library/Core/Src/usbd_core.o
                0x080024c0                USBD_LL_IsoOUTIncomplete
 .text.USBD_LL_DevConnected
                0x080024c4        0x4 Middlewares/ST/STM32_USB_Device_Library/Core/Src/usbd_core.o
                0x080024c4                USBD_LL_DevConnected
 .text.USBD_LL_DevDisconnected
                0x080024c8       0x18 Middlewares/ST/STM32_USB_Device_Library/Core/Src/usbd_core.o
                0x080024c8                USBD_LL_DevDisconnected
 .text.USBD_GetLen
                0x080024e0       0x14 Middlewares/ST/STM32_USB_Device_Library/Core/Src/usbd_ctlreq.o
 .text.USBD_SetFeature
                0x080024f4       0x20 Middlewares/ST/STM32_USB_Device_Library/Core/Src/usbd_ctlreq.o
 .text.USBD_ParseSetupRequest
                0x08002514       0x28 Middlewares/ST/STM32_USB_Device_Library/Core/Src/usbd_ctlreq.o
                0x08002514                USBD_ParseSetupRequest
 .text.USBD_CtlError
                0x0800253c       0x14 Middlewares/ST/STM32_USB_Device_Library/Core/Src/usbd_ctlreq.o
                0x0800253c                USBD_CtlError
 .text.USBD_GetDescriptor
                0x08002550      0x130 Middlewares/ST/STM32_USB_Device_Library/Core/Src/usbd_ctlreq.o
 .text.USBD_SetAddress
                0x08002680       0x4c Middlewares/ST/STM32_USB_Device_Library/Core/Src/usbd_ctlreq.o
 .text.USBD_SetConfig
                0x080026cc       0xa8 Middlewares/ST/STM32_USB_Device_Library/Core/Src/usbd_ctlreq.o
 .text.USBD_GetConfig
                0x08002774       0x3c Middlewares/ST/STM32_USB_Device_Library/Core/Src/usbd_ctlreq.o
 .text.USBD_GetStatus
                0x080027b0       0x2c Middlewares/ST/STM32_USB_Device_Library/Core/Src/usbd_ctlreq.o
 .text.USBD_ClrFeature
                0x080027dc       0x30 Middlewares/ST/STM32_USB_Device_Library/Core/Src/usbd_ctlreq.o
 .text.USBD_StdDevReq
                0x0800280c       0x48 Middlewares/ST/STM32_USB_Device_Library/Core/Src/usbd_ctlreq.o
                0x0800280c                USBD_StdDevReq
 .text.USBD_StdItfReq
                0x08002854       0x38 Middlewares/ST/STM32_USB_Device_Library/Core/Src/usbd_ctlreq.o
                0x08002854                USBD_StdItfReq
 .text.USBD_StdEPReq
                0x0800288c      0x11c Middlewares/ST/STM32_USB_Device_Library/Core/Src/usbd_ctlreq.o
                0x0800288c                USBD_StdEPReq
 .text.USBD_GetString
                0x080029a8       0x3c Middlewares/ST/STM32_USB_Device_Library/Core/Src/usbd_ctlreq.o
                0x080029a8                USBD_GetString
 .text.USBD_CtlSendData
                0x080029e4       0x1c Middlewares/ST/STM32_USB_Device_Library/Core/Src/usbd_ioreq.o
                0x080029e4                USBD_CtlSendData
 .text.USBD_CtlContinueSendData
                0x08002a00       0x10 Middlewares/ST/STM32_USB_Device_Library/Core/Src/usbd_ioreq.o
                0x08002a00                USBD_CtlContinueSendData
 .text.USBD_CtlPrepareRx
                0x08002a10       0x20 Middlewares/ST/STM32_USB_Device_Library/Core/Src/usbd_ioreq.o
                0x08002a10                USBD_CtlPrepareRx
 .text.USBD_CtlContinueRx
                0x08002a30       0x10 Middlewares/ST/STM32_USB_Device_Library/Core/Src/usbd_ioreq.o
                0x08002a30                USBD_CtlContinueRx
 .text.USBD_CtlSendStatus
                0x08002a40       0x18 Middlewares/ST/STM32_USB_Device_Library/Core/Src/usbd_ioreq.o
                0x08002a40                USBD_CtlSendStatus
 .text.USBD_CtlReceiveStatus
                0x08002a58       0x18 Middlewares/ST/STM32_USB_Device_Library/Core/Src/usbd_ioreq.o
                0x08002a58                USBD_CtlReceiveStatus
 .text.osKernelStart
                0x08002a70        0xc Middlewares/Third_Party/FreeRTOS/Source/CMSIS_RTOS/cmsis_os.o
                0x08002a70                osKernelStart
 .text.osDelay  0x08002a7c       0x10 Middlewares/Third_Party/FreeRTOS/Source/CMSIS_RTOS/cmsis_os.o
                0x08002a7c                osDelay
 .text.osSystickHandler
                0x08002a8c       0x10 Middlewares/Third_Party/FreeRTOS/Source/CMSIS_RTOS/cmsis_os.o
                0x08002a8c                osSystickHandler
 .text.vListInitialise
                0x08002a9c       0x18 Middlewares/Third_Party/FreeRTOS/Source/list.o
                0x08002a9c                vListInitialise
 .text.vListInitialiseItem
                0x08002ab4        0x8 Middlewares/Third_Party/FreeRTOS/Source/list.o
                0x08002ab4                vListInitialiseItem
 .text.vListInsertEnd
                0x08002abc       0x18 Middlewares/Third_Party/FreeRTOS/Source/list.o
                0x08002abc                vListInsertEnd
 .text.vListInsert
                0x08002ad4       0x34 Middlewares/Third_Party/FreeRTOS/Source/list.o
                0x08002ad4                vListInsert
 .text.uxListRemove
                0x08002b08       0x24 Middlewares/Third_Party/FreeRTOS/Source/list.o
                0x08002b08                uxListRemove
 .text.prvIsQueueFull
                0x08002b2c       0x20 Middlewares/Third_Party/FreeRTOS/Source/queue.o
 .text.prvIsQueueEmpty
                0x08002b4c       0x1c Middlewares/Third_Party/FreeRTOS/Source/queue.o
 .text.prvCopyDataToQueue
                0x08002b68       0x78 Middlewares/Third_Party/FreeRTOS/Source/queue.o
 .text.prvCopyDataFromQueue
                0x08002be0       0x24 Middlewares/Third_Party/FreeRTOS/Source/queue.o
 .text.prvUnlockQueue
                0x08002c04       0x68 Middlewares/Third_Party/FreeRTOS/Source/queue.o
 .text.xQueueGenericReset
                0x08002c6c       0x80 Middlewares/Third_Party/FreeRTOS/Source/queue.o
                0x08002c6c                xQueueGenericReset
 .text.prvInitialiseNewQueue
                0x08002cec       0x24 Middlewares/Third_Party/FreeRTOS/Source/queue.o
 .text.xQueueGenericCreate
                0x08002d10       0x4c Middlewares/Third_Party/FreeRTOS/Source/queue.o
                0x08002d10                xQueueGenericCreate
 .text.xQueueGenericSend
                0x08002d5c      0x190 Middlewares/Third_Party/FreeRTOS/Source/queue.o
                0x08002d5c                xQueueGenericSend
 .text.xQueueGenericSendFromISR
                0x08002eec       0xe4 Middlewares/Third_Party/FreeRTOS/Source/queue.o
                0x08002eec                xQueueGenericSendFromISR
 .text.xQueueGenericReceive
                0x08002fd0      0x1a0 Middlewares/Third_Party/FreeRTOS/Source/queue.o
                0x08002fd0                xQueueGenericReceive
 .text.vQueueAddToRegistry
                0x08003170       0x28 Middlewares/Third_Party/FreeRTOS/Source/queue.o
                0x08003170                vQueueAddToRegistry
 .text.vQueueWaitForMessageRestricted
                0x08003198       0x4c Middlewares/Third_Party/FreeRTOS/Source/queue.o
                0x08003198                vQueueWaitForMessageRestricted
 .text.prvResetNextTaskUnblockTime
                0x080031e4       0x2c Middlewares/Third_Party/FreeRTOS/Source/tasks.o
 .text.prvDeleteTCB
                0x08003210       0x14 Middlewares/Third_Party/FreeRTOS/Source/tasks.o
 .text.prvInitialiseNewTask
                0x08003224       0x98 Middlewares/Third_Party/FreeRTOS/Source/tasks.o
 .text.prvInitialiseTaskLists
                0x080032bc       0x58 Middlewares/Third_Party/FreeRTOS/Source/tasks.o
 .text.prvAddNewTaskToReadyList
                0x08003314       0xac Middlewares/Third_Party/FreeRTOS/Source/tasks.o
 .text.prvAddCurrentTaskToDelayedList
                0x080033c0       0x90 Middlewares/Third_Party/FreeRTOS/Source/tasks.o
 .text.xTaskCreate
                0x08003450       0x64 Middlewares/Third_Party/FreeRTOS/Source/tasks.o
                0x08003450                xTaskCreate
 .text.vTaskStartScheduler
                0x080034b4       0x80 Middlewares/Third_Party/FreeRTOS/Source/tasks.o
                0x080034b4                vTaskStartScheduler
 .text.vTaskSuspendAll
                0x08003534       0x14 Middlewares/Third_Party/FreeRTOS/Source/tasks.o
                0x08003534                vTaskSuspendAll
 .text.xTaskGetTickCount
                0x08003548        0xc Middlewares/Third_Party/FreeRTOS/Source/tasks.o
                0x08003548                xTaskGetTickCount
 .text.xTaskIncrementTick
                0x08003554      0x128 Middlewares/Third_Party/FreeRTOS/Source/tasks.o
                0x08003554                xTaskIncrementTick
 .text.xTaskResumeAll
                0x0800367c       0xf4 Middlewares/Third_Party/FreeRTOS/Source/tasks.o
                0x0800367c                xTaskResumeAll
 .text.vTaskDelay
                0x08003770       0x50 Middlewares/Third_Party/FreeRTOS/Source/tasks.o
                0x08003770                vTaskDelay
 .text.prvCheckTasksWaitingTermination
                0x080037c0       0x54 Middlewares/Third_Party/FreeRTOS/Source/tasks.o
 .text.prvIdleTask
                0x08003814       0x2c Middlewares/Third_Party/FreeRTOS/Source/tasks.o
 .text.vTaskSwitchContext
                0x08003840       0xac Middlewares/Third_Party/FreeRTOS/Source/tasks.o
                0x08003840                vTaskSwitchContext
 .text.vTaskPlaceOnEventList
                0x080038ec       0x34 Middlewares/Third_Party/FreeRTOS/Source/tasks.o
                0x080038ec                vTaskPlaceOnEventList
 .text.vTaskPlaceOnEventListRestricted
                0x08003920       0x3c Middlewares/Third_Party/FreeRTOS/Source/tasks.o
                0x08003920                vTaskPlaceOnEventListRestricted
 .text.xTaskRemoveFromEventList
                0x0800395c       0x88 Middlewares/Third_Party/FreeRTOS/Source/tasks.o
                0x0800395c                xTaskRemoveFromEventList
 .text.vTaskSetTimeOutState
                0x080039e4       0x28 Middlewares/Third_Party/FreeRTOS/Source/tasks.o
                0x080039e4                vTaskSetTimeOutState
 .text.xTaskCheckForTimeOut
                0x08003a0c       0x9c Middlewares/Third_Party/FreeRTOS/Source/tasks.o
                0x08003a0c                xTaskCheckForTimeOut
 .text.vTaskMissedYield
                0x08003aa8       0x10 Middlewares/Third_Party/FreeRTOS/Source/tasks.o
                0x08003aa8                vTaskMissedYield
 .text.xTaskGetSchedulerState
                0x08003ab8       0x20 Middlewares/Third_Party/FreeRTOS/Source/tasks.o
                0x08003ab8                xTaskGetSchedulerState
 .text.vTaskPriorityInherit
                0x08003ad8       0xb4 Middlewares/Third_Party/FreeRTOS/Source/tasks.o
                0x08003ad8                vTaskPriorityInherit
 .text.xTaskPriorityDisinherit
                0x08003b8c       0xb8 Middlewares/Third_Party/FreeRTOS/Source/tasks.o
                0x08003b8c                xTaskPriorityDisinherit
 .text.pvTaskIncrementMutexHeldCount
                0x08003c44       0x20 Middlewares/Third_Party/FreeRTOS/Source/tasks.o
                0x08003c44                pvTaskIncrementMutexHeldCount
 .text.prvGetNextExpireTime
                0x08003c64       0x20 Middlewares/Third_Party/FreeRTOS/Source/timers.o
 .text.prvInsertTimerInActiveList
                0x08003c84       0x44 Middlewares/Third_Party/FreeRTOS/Source/timers.o
 .text.prvCheckForValidListAndQueue
                0x08003cc8       0x48 Middlewares/Third_Party/FreeRTOS/Source/timers.o
 .text.xTimerCreateTimerTask
                0x08003d10       0x54 Middlewares/Third_Party/FreeRTOS/Source/timers.o
                0x08003d10                xTimerCreateTimerTask
 .text.xTimerGenericCommand
                0x08003d64       0x6c Middlewares/Third_Party/FreeRTOS/Source/timers.o
                0x08003d64                xTimerGenericCommand
 .text.prvSwitchTimerLists
                0x08003dd0       0x74 Middlewares/Third_Party/FreeRTOS/Source/timers.o
 .text.prvSampleTimeNow
                0x08003e44       0x2c Middlewares/Third_Party/FreeRTOS/Source/timers.o
 .text.prvProcessExpiredTimer
                0x08003e70       0x5c Middlewares/Third_Party/FreeRTOS/Source/timers.o
 .text.prvProcessTimerOrBlockTask
                0x08003ecc       0x70 Middlewares/Third_Party/FreeRTOS/Source/timers.o
 .text.prvProcessReceivedCommands
                0x08003f3c       0xcc Middlewares/Third_Party/FreeRTOS/Source/timers.o
 .text.prvTimerTask
                0x08004008       0x18 Middlewares/Third_Party/FreeRTOS/Source/timers.o
 .text.prvTaskExitError
                0x08004020       0x34 Middlewares/Third_Party/FreeRTOS/Source/portable/GCC/ARM_CM4F/port.o
 .text.prvPortStartFirstTask
                0x08004054       0x20 Middlewares/Third_Party/FreeRTOS/Source/portable/GCC/ARM_CM4F/port.o
 .text.vPortEnableVFP
                0x08004074       0x14 Middlewares/Third_Party/FreeRTOS/Source/portable/GCC/ARM_CM4F/port.o
 .text.pxPortInitialiseStack
                0x08004088       0x2c Middlewares/Third_Party/FreeRTOS/Source/portable/GCC/ARM_CM4F/port.o
                0x08004088                pxPortInitialiseStack
 *fill*         0x080040b4        0xc 
 .text.SVC_Handler
                0x080040c0       0x24 Middlewares/Third_Party/FreeRTOS/Source/portable/GCC/ARM_CM4F/port.o
                0x080040c0                SVC_Handler
 .text.vPortEnterCritical
                0x080040e4       0x44 Middlewares/Third_Party/FreeRTOS/Source/portable/GCC/ARM_CM4F/port.o
                0x080040e4                vPortEnterCritical
 .text.vPortExitCritical
                0x08004128       0x2c Middlewares/Third_Party/FreeRTOS/Source/portable/GCC/ARM_CM4F/port.o
                0x08004128                vPortExitCritical
 *fill*         0x08004154        0xc 
 .text.PendSV_Handler
                0x08004160       0x64 Middlewares/Third_Party/FreeRTOS/Source/portable/GCC/ARM_CM4F/port.o
                0x08004160                PendSV_Handler
 .text.xPortSysTickHandler
                0x080041c4       0x2c Middlewares/Third_Party/FreeRTOS/Source/portable/GCC/ARM_CM4F/port.o
                0x080041c4                xPortSysTickHandler
 .text.vPortSetupTimerInterrupt
                0x080041f0       0x2c Middlewares/Third_Party/FreeRTOS/Source/portable/GCC/ARM_CM4F/port.o
                0x080041f0                vPortSetupTimerInterrupt
 .text.xPortStartScheduler
                0x0800421c       0xe8 Middlewares/Third_Party/FreeRTOS/Source/portable/GCC/ARM_CM4F/port.o
                0x0800421c                xPortStartScheduler
 .text.vPortValidateInterruptPriority
                0x08004304       0x58 Middlewares/Third_Party/FreeRTOS/Source/portable/GCC/ARM_CM4F/port.o
                0x08004304                vPortValidateInterruptPriority
 .text.prvHeapInit
                0x0800435c       0x58 Middlewares/Third_Party/FreeRTOS/Source/portable/MemMang/heap_4.o
 .text.prvInsertBlockIntoFreeList
                0x080043b4       0x58 Middlewares/Third_Party/FreeRTOS/Source/portable/MemMang/heap_4.o
 .text.pvPortMalloc
                0x0800440c      0x10c Middlewares/Third_Party/FreeRTOS/Source/portable/MemMang/heap_4.o
                0x0800440c                pvPortMalloc
 .text.vPortFree
                0x08004518       0x78 Middlewares/Third_Party/FreeRTOS/Source/portable/MemMang/heap_4.o
                0x08004518                vPortFree
 .text.configureTimerForRunTimeStats
                0x08004590        0x4 Src/freertos.o
                0x08004590                configureTimerForRunTimeStats
 .text.getRunTimeCounterValue
                0x08004594        0x4 Src/freertos.o
                0x08004594                getRunTimeCounterValue
 .text.vApplicationIdleHook
                0x08004598        0x4 Src/freertos.o
                0x08004598                vApplicationIdleHook
 .text.vApplicationTickHook
                0x0800459c        0x4 Src/freertos.o
                0x0800459c                vApplicationTickHook
 .text.Task4    0x080045a0       0x44 Src/main.o
 .text.Task3    0x080045e4       0x3c Src/main.o
 .text.Task2    0x08004620       0x3c Src/main.o
 .text.Task1    0x0800465c       0x38 Src/main.o
 .text.MX_GPIO_Init
                0x08004694       0x74 Src/main.o
 .text._Error_Handler
                0x08004708        0x4 Src/main.o
                0x08004708                _Error_Handler
 .text.SystemClock_Config
                0x0800470c       0xc0 Src/main.o
                0x0800470c                SystemClock_Config
 .text.main     0x080047cc       0x98 Src/main.o
                0x080047cc                main
 .text.HAL_MspInit
                0x08004864       0x60 Src/stm32f4xx_hal_msp.o
                0x08004864                HAL_MspInit
 .text.SysTick_Handler
                0x080048c4        0xc Src/stm32f4xx_it.o
                0x080048c4                SysTick_Handler
 .text.OTG_FS_IRQHandler
                0x080048d0       0x10 Src/stm32f4xx_it.o
                0x080048d0                OTG_FS_IRQHandler
 .text.SystemInit
                0x080048e0       0x4c Src/system_stm32f4xx.o
                0x080048e0                SystemInit
 .text.MX_USB_DEVICE_Init
                0x0800492c       0x38 Src/usb_device.o
                0x0800492c                MX_USB_DEVICE_Init
 .text.CDC_DeInit_FS
                0x08004964        0x4 Src/usbd_cdc_if.o
 .text.CDC_Control_FS
                0x08004968        0x4 Src/usbd_cdc_if.o
 .text.CDC_Receive_FS
                0x0800496c       0x1c Src/usbd_cdc_if.o
 .text.CDC_Init_FS
                0x08004988       0x28 Src/usbd_cdc_if.o
 .text.CDC_Transmit_FS
                0x080049b0       0x2c Src/usbd_cdc_if.o
                0x080049b0                CDC_Transmit_FS
 .text.HAL_PCD_MspInit
                0x080049dc       0x68 Src/usbd_conf.o
                0x080049dc                HAL_PCD_MspInit
 .text.HAL_PCD_SetupStageCallback
                0x08004a44       0x10 Src/usbd_conf.o
                0x08004a44                HAL_PCD_SetupStageCallback
 .text.HAL_PCD_DataOutStageCallback
                0x08004a54       0x18 Src/usbd_conf.o
                0x08004a54                HAL_PCD_DataOutStageCallback
 .text.HAL_PCD_DataInStageCallback
                0x08004a6c       0x18 Src/usbd_conf.o
                0x08004a6c                HAL_PCD_DataInStageCallback
 .text.HAL_PCD_SOFCallback
                0x08004a84        0xc Src/usbd_conf.o
                0x08004a84                HAL_PCD_SOFCallback
 .text.HAL_PCD_ResetCallback
                0x08004a90       0x20 Src/usbd_conf.o
                0x08004a90                HAL_PCD_ResetCallback
 .text.HAL_PCD_SuspendCallback
                0x08004ab0       0x30 Src/usbd_conf.o
                0x08004ab0                HAL_PCD_SuspendCallback
 .text.HAL_PCD_ResumeCallback
                0x08004ae0        0xc Src/usbd_conf.o
                0x08004ae0                HAL_PCD_ResumeCallback
 .text.HAL_PCD_ISOOUTIncompleteCallback
                0x08004aec        0xc Src/usbd_conf.o
                0x08004aec                HAL_PCD_ISOOUTIncompleteCallback
 .text.HAL_PCD_ISOINIncompleteCallback
                0x08004af8        0xc Src/usbd_conf.o
                0x08004af8                HAL_PCD_ISOINIncompleteCallback
 .text.HAL_PCD_ConnectCallback
                0x08004b04        0xc Src/usbd_conf.o
                0x08004b04                HAL_PCD_ConnectCallback
 .text.HAL_PCD_DisconnectCallback
                0x08004b10        0xc Src/usbd_conf.o
                0x08004b10                HAL_PCD_DisconnectCallback
 .text.USBD_LL_Init
                0x08004b1c       0x74 Src/usbd_conf.o
                0x08004b1c                USBD_LL_Init
 .text.USBD_LL_Start
                0x08004b90       0x20 Src/usbd_conf.o
                0x08004b90                USBD_LL_Start
 .text.USBD_LL_OpenEP
                0x08004bb0       0x24 Src/usbd_conf.o
                0x08004bb0                USBD_LL_OpenEP
 .text.USBD_LL_CloseEP
                0x08004bd4       0x20 Src/usbd_conf.o
                0x08004bd4                USBD_LL_CloseEP
 .text.USBD_LL_StallEP
                0x08004bf4       0x20 Src/usbd_conf.o
                0x08004bf4                USBD_LL_StallEP
 .text.USBD_LL_ClearStallEP
                0x08004c14       0x20 Src/usbd_conf.o
                0x08004c14                USBD_LL_ClearStallEP
 .text.USBD_LL_IsStallEP
                0x08004c34       0x30 Src/usbd_conf.o
                0x08004c34                USBD_LL_IsStallEP
 .text.USBD_LL_SetUSBAddress
                0x08004c64       0x20 Src/usbd_conf.o
                0x08004c64                USBD_LL_SetUSBAddress
 .text.USBD_LL_Transmit
                0x08004c84       0x20 Src/usbd_conf.o
                0x08004c84                USBD_LL_Transmit
 .text.USBD_LL_PrepareReceive
                0x08004ca4       0x20 Src/usbd_conf.o
                0x08004ca4                USBD_LL_PrepareReceive
 .text.USBD_LL_GetRxDataSize
                0x08004cc4        0xc Src/usbd_conf.o
                0x08004cc4                USBD_LL_GetRxDataSize
 .text.USBD_FS_DeviceDescriptor
                0x08004cd0        0xc Src/usbd_desc.o
                0x08004cd0                USBD_FS_DeviceDescriptor
 .text.USBD_FS_LangIDStrDescriptor
                0x08004cdc        0xc Src/usbd_desc.o
                0x08004cdc                USBD_FS_LangIDStrDescriptor
 .text.USBD_FS_ProductStrDescriptor
                0x08004ce8       0x24 Src/usbd_desc.o
                0x08004ce8                USBD_FS_ProductStrDescriptor
 .text.USBD_FS_ManufacturerStrDescriptor
                0x08004d0c       0x1c Src/usbd_desc.o
                0x08004d0c                USBD_FS_ManufacturerStrDescriptor
 .text.USBD_FS_SerialStrDescriptor
                0x08004d28       0x24 Src/usbd_desc.o
                0x08004d28                USBD_FS_SerialStrDescriptor
 .text.USBD_FS_ConfigStrDescriptor
                0x08004d4c       0x24 Src/usbd_desc.o
                0x08004d4c                USBD_FS_ConfigStrDescriptor
 .text.USBD_FS_InterfaceStrDescriptor
                0x08004d70       0x24 Src/usbd_desc.o
                0x08004d70                USBD_FS_InterfaceStrDescriptor
 .text.Reset_Handler
                0x08004d94       0x50 startup/startup_stm32f407xx.o
                0x08004d94                Reset_Handler
 .text.Default_Handler
                0x08004de4        0x2 startup/startup_stm32f407xx.o
                0x08004de4                RTC_Alarm_IRQHandler
                0x08004de4                HASH_RNG_IRQHandler
                0x08004de4                EXTI2_IRQHandler
                0x08004de4                TIM8_CC_IRQHandler
                0x08004de4                DebugMon_Handler
                0x08004de4                TIM1_CC_IRQHandler
                0x08004de4                DMA2_Stream5_IRQHandler
                0x08004de4                HardFault_Handler
                0x08004de4                DMA1_Stream5_IRQHandler
                0x08004de4                PVD_IRQHandler
                0x08004de4                SDIO_IRQHandler
                0x08004de4                TAMP_STAMP_IRQHandler
                0x08004de4                NMI_Handler
                0x08004de4                CAN2_RX1_IRQHandler
                0x08004de4                EXTI3_IRQHandler
                0x08004de4                TIM8_TRG_COM_TIM14_IRQHandler
                0x08004de4                TIM1_UP_TIM10_IRQHandler
                0x08004de4                TIM8_UP_TIM13_IRQHandler
                0x08004de4                I2C3_ER_IRQHandler
                0x08004de4                EXTI0_IRQHandler
                0x08004de4                I2C2_EV_IRQHandler
                0x08004de4                DMA1_Stream2_IRQHandler
                0x08004de4                CAN1_RX0_IRQHandler
                0x08004de4                FPU_IRQHandler
                0x08004de4                OTG_HS_WKUP_IRQHandler
                0x08004de4                UsageFault_Handler
                0x08004de4                CAN2_SCE_IRQHandler
                0x08004de4                DMA2_Stream2_IRQHandler
                0x08004de4                SPI1_IRQHandler
                0x08004de4                TIM6_DAC_IRQHandler
                0x08004de4                TIM1_BRK_TIM9_IRQHandler
                0x08004de4                DCMI_IRQHandler
                0x08004de4                CAN2_RX0_IRQHandler
                0x08004de4                DMA2_Stream3_IRQHandler
                0x08004de4                USART6_IRQHandler
                0x08004de4                USART3_IRQHandler
                0x08004de4                CAN1_RX1_IRQHandler
                0x08004de4                UART5_IRQHandler
                0x08004de4                DMA2_Stream0_IRQHandler
                0x08004de4                TIM4_IRQHandler
                0x08004de4                I2C1_EV_IRQHandler
                0x08004de4                DMA1_Stream6_IRQHandler
                0x08004de4                DMA1_Stream1_IRQHandler
                0x08004de4                UART4_IRQHandler
                0x08004de4                TIM3_IRQHandler
                0x08004de4                RCC_IRQHandler
                0x08004de4                TIM8_BRK_TIM12_IRQHandler
                0x08004de4                Default_Handler
                0x08004de4                EXTI15_10_IRQHandler
                0x08004de4                ADC_IRQHandler
                0x08004de4                DMA1_Stream7_IRQHandler
                0x08004de4                TIM7_IRQHandler
                0x08004de4                CAN2_TX_IRQHandler
                0x08004de4                TIM5_IRQHandler
                0x08004de4                DMA2_Stream7_IRQHandler
                0x08004de4                I2C3_EV_IRQHandler
                0x08004de4                EXTI9_5_IRQHandler
                0x08004de4                RTC_WKUP_IRQHandler
                0x08004de4                ETH_WKUP_IRQHandler
                0x08004de4                SPI2_IRQHandler
                0x08004de4                OTG_HS_EP1_IN_IRQHandler
                0x08004de4                MemManage_Handler
                0x08004de4                DMA1_Stream0_IRQHandler
                0x08004de4                CAN1_TX_IRQHandler
                0x08004de4                EXTI4_IRQHandler
                0x08004de4                FSMC_IRQHandler
                0x08004de4                ETH_IRQHandler
                0x08004de4                OTG_HS_EP1_OUT_IRQHandler
                0x08004de4                WWDG_IRQHandler
                0x08004de4                TIM2_IRQHandler
                0x08004de4                OTG_FS_WKUP_IRQHandler
                0x08004de4                TIM1_TRG_COM_TIM11_IRQHandler
                0x08004de4                OTG_HS_IRQHandler
                0x08004de4                EXTI1_IRQHandler
                0x08004de4                USART2_IRQHandler
                0x08004de4                I2C2_ER_IRQHandler
                0x08004de4                DMA2_Stream1_IRQHandler
                0x08004de4                CAN1_SCE_IRQHandler
                0x08004de4                FLASH_IRQHandler
                0x08004de4                DMA2_Stream4_IRQHandler
                0x08004de4                BusFault_Handler
                0x08004de4                USART1_IRQHandler
                0x08004de4                SPI3_IRQHandler
                0x08004de4                DMA1_Stream4_IRQHandler
                0x08004de4                I2C1_ER_IRQHandler
                0x08004de4                DMA2_Stream6_IRQHandler
                0x08004de4                DMA1_Stream3_IRQHandler
 *fill*         0x08004de6        0x2 
 .text.__libc_init_array
                0x08004de8       0x4c /home/gianni/Ac6/SystemWorkbench/plugins/fr.ac6.mcu.externaltools.arm-none.linux64_1.13.1.201703061524/tools/compiler/bin/../lib/gcc/arm-none-eabi/5.4.1/../../../../arm-none-eabi/lib/armv7e-m/fpu/libc_nano.a(lib_a-init.o)
                0x08004de8                __libc_init_array
 .text.malloc   0x08004e34       0x10 /home/gianni/Ac6/SystemWorkbench/plugins/fr.ac6.mcu.externaltools.arm-none.linux64_1.13.1.201703061524/tools/compiler/bin/../lib/gcc/arm-none-eabi/5.4.1/../../../../arm-none-eabi/lib/armv7e-m/fpu/libc_nano.a(lib_a-malloc.o)
                0x08004e34                malloc
 .text.free     0x08004e44       0x10 /home/gianni/Ac6/SystemWorkbench/plugins/fr.ac6.mcu.externaltools.arm-none.linux64_1.13.1.201703061524/tools/compiler/bin/../lib/gcc/arm-none-eabi/5.4.1/../../../../arm-none-eabi/lib/armv7e-m/fpu/libc_nano.a(lib_a-malloc.o)
                0x08004e44                free
 .text.memcpy   0x08004e54       0x16 /home/gianni/Ac6/SystemWorkbench/plugins/fr.ac6.mcu.externaltools.arm-none.linux64_1.13.1.201703061524/tools/compiler/bin/../lib/gcc/arm-none-eabi/5.4.1/../../../../arm-none-eabi/lib/armv7e-m/fpu/libc_nano.a(lib_a-memcpy-stub.o)
                0x08004e54                memcpy
 .text.memset   0x08004e6a       0x10 /home/gianni/Ac6/SystemWorkbench/plugins/fr.ac6.mcu.externaltools.arm-none.linux64_1.13.1.201703061524/tools/compiler/bin/../lib/gcc/arm-none-eabi/5.4.1/../../../../arm-none-eabi/lib/armv7e-m/fpu/libc_nano.a(lib_a-memset.o)
                0x08004e6a                memset
 *fill*         0x08004e7a        0x2 
 .text._free_r  0x08004e7c       0x9c /home/gianni/Ac6/SystemWorkbench/plugins/fr.ac6.mcu.externaltools.arm-none.linux64_1.13.1.201703061524/tools/compiler/bin/../lib/gcc/arm-none-eabi/5.4.1/../../../../arm-none-eabi/lib/armv7e-m/fpu/libc_nano.a(lib_a-nano-freer.o)
                0x08004e7c                _free_r
 .text._malloc_r
                0x08004f18       0xbc /home/gianni/Ac6/SystemWorkbench/plugins/fr.ac6.mcu.externaltools.arm-none.linux64_1.13.1.201703061524/tools/compiler/bin/../lib/gcc/arm-none-eabi/5.4.1/../../../../arm-none-eabi/lib/armv7e-m/fpu/libc_nano.a(lib_a-nano-mallocr.o)
                0x08004f18                _malloc_r
 .text._sbrk_r  0x08004fd4       0x20 /home/gianni/Ac6/SystemWorkbench/plugins/fr.ac6.mcu.externaltools.arm-none.linux64_1.13.1.201703061524/tools/compiler/bin/../lib/gcc/arm-none-eabi/5.4.1/../../../../arm-none-eabi/lib/armv7e-m/fpu/libc_nano.a(lib_a-sbrkr.o)
                0x08004fd4                _sbrk_r
 .text.__malloc_lock
                0x08004ff4        0x2 /home/gianni/Ac6/SystemWorkbench/plugins/fr.ac6.mcu.externaltools.arm-none.linux64_1.13.1.201703061524/tools/compiler/bin/../lib/gcc/arm-none-eabi/5.4.1/../../../../arm-none-eabi/lib/armv7e-m/fpu/libc_nano.a(lib_a-mlock.o)
                0x08004ff4                __malloc_lock
 .text.__malloc_unlock
                0x08004ff6        0x2 /home/gianni/Ac6/SystemWorkbench/plugins/fr.ac6.mcu.externaltools.arm-none.linux64_1.13.1.201703061524/tools/compiler/bin/../lib/gcc/arm-none-eabi/5.4.1/../../../../arm-none-eabi/lib/armv7e-m/fpu/libc_nano.a(lib_a-mlock.o)
                0x08004ff6                __malloc_unlock
 .text._sbrk    0x08004ff8       0x1c /home/gianni/Ac6/SystemWorkbench/plugins/fr.ac6.mcu.externaltools.arm-none.linux64_1.13.1.201703061524/tools/compiler/bin/../lib/gcc/arm-none-eabi/5.4.1/../../../../arm-none-eabi/lib/armv7e-m/fpu/libnosys.a(sbrk.o)
                0x08004ff8                _sbrk
 *(.glue_7)
 .glue_7        0x08005014        0x0 linker stubs
 *(.glue_7t)
 .glue_7t       0x08005014        0x0 linker stubs
 *(.eh_frame)
 .eh_frame      0x08005014        0x0 /home/gianni/Ac6/SystemWorkbench/plugins/fr.ac6.mcu.externaltools.arm-none.linux64_1.13.1.201703061524/tools/compiler/bin/../lib/gcc/arm-none-eabi/5.4.1/armv7e-m/fpu/crtbegin.o
 *(.init)
 .init          0x08005014        0x4 /home/gianni/Ac6/SystemWorkbench/plugins/fr.ac6.mcu.externaltools.arm-none.linux64_1.13.1.201703061524/tools/compiler/bin/../lib/gcc/arm-none-eabi/5.4.1/armv7e-m/fpu/crti.o
                0x08005014                _init
 .init          0x08005018        0x8 /home/gianni/Ac6/SystemWorkbench/plugins/fr.ac6.mcu.externaltools.arm-none.linux64_1.13.1.201703061524/tools/compiler/bin/../lib/gcc/arm-none-eabi/5.4.1/armv7e-m/fpu/crtn.o
 *(.fini)
 .fini          0x08005020        0x4 /home/gianni/Ac6/SystemWorkbench/plugins/fr.ac6.mcu.externaltools.arm-none.linux64_1.13.1.201703061524/tools/compiler/bin/../lib/gcc/arm-none-eabi/5.4.1/armv7e-m/fpu/crti.o
                0x08005020                _fini
 .fini          0x08005024        0x8 /home/gianni/Ac6/SystemWorkbench/plugins/fr.ac6.mcu.externaltools.arm-none.linux64_1.13.1.201703061524/tools/compiler/bin/../lib/gcc/arm-none-eabi/5.4.1/armv7e-m/fpu/crtn.o
                0x0800502c                . = ALIGN (0x4)
                0x0800502c                _etext = .

.vfp11_veneer   0x0800502c        0x0
 .vfp11_veneer  0x0800502c        0x0 linker stubs

.v4_bx          0x0800502c        0x0
 .v4_bx         0x0800502c        0x0 linker stubs

.iplt           0x0800502c        0x0
 .iplt          0x0800502c        0x0 /home/gianni/Ac6/SystemWorkbench/plugins/fr.ac6.mcu.externaltools.arm-none.linux64_1.13.1.201703061524/tools/compiler/bin/../lib/gcc/arm-none-eabi/5.4.1/armv7e-m/fpu/crtbegin.o

.rodata         0x0800502c      0x19c
                0x0800502c                . = ALIGN (0x4)
 *(.rodata)
 .rodata        0x0800502c       0x18 Src/system_stm32f4xx.o
                0x0800502c                AHBPrescTable
                0x0800503c                APBPrescTable
 *(.rodata*)
 .rodata.str1.4
                0x08005044       0x30 Middlewares/Third_Party/FreeRTOS/Source/tasks.o
 .rodata.str1.4
                0x08005074       0x10 Middlewares/Third_Party/FreeRTOS/Source/timers.o
 .rodata.str1.4
                0x08005084       0xd6 Src/main.o
 *fill*         0x0800515a        0x2 
 .rodata.str1.4
                0x0800515c       0x13 Src/usbd_conf.o
 *fill*         0x0800516f        0x1 
 .rodata.str1.4
                0x08005170       0x58 Src/usbd_desc.o
                                 0x56 (size before relaxing)
                0x080051c8                . = ALIGN (0x4)

.rel.dyn        0x080051c8        0x0
 .rel.iplt      0x080051c8        0x0 /home/gianni/Ac6/SystemWorkbench/plugins/fr.ac6.mcu.externaltools.arm-none.linux64_1.13.1.201703061524/tools/compiler/bin/../lib/gcc/arm-none-eabi/5.4.1/armv7e-m/fpu/crtbegin.o

.ARM.extab
 *(.ARM.extab* .gnu.linkonce.armextab.*)

.ARM            0x080051c8        0x0
                0x080051c8                __exidx_start = .
 *(.ARM.exidx*)
                0x080051c8                __exidx_end = .

.preinit_array  0x080051c8        0x0
                0x080051c8                PROVIDE (__preinit_array_start, .)
 *(.preinit_array*)
                0x080051c8                PROVIDE (__preinit_array_end, .)

.init_array     0x080051c8        0x4
                0x080051c8                PROVIDE (__init_array_start, .)
 *(SORT(.init_array.*))
 *(.init_array*)
 .init_array    0x080051c8        0x4 /home/gianni/Ac6/SystemWorkbench/plugins/fr.ac6.mcu.externaltools.arm-none.linux64_1.13.1.201703061524/tools/compiler/bin/../lib/gcc/arm-none-eabi/5.4.1/armv7e-m/fpu/crtbegin.o
                0x080051cc                PROVIDE (__init_array_end, .)

.fini_array     0x080051cc        0x4
                [!provide]                PROVIDE (__fini_array_start, .)
 *(SORT(.fini_array.*))
 *(.fini_array*)
 .fini_array    0x080051cc        0x4 /home/gianni/Ac6/SystemWorkbench/plugins/fr.ac6.mcu.externaltools.arm-none.linux64_1.13.1.201703061524/tools/compiler/bin/../lib/gcc/arm-none-eabi/5.4.1/armv7e-m/fpu/crtbegin.o
                [!provide]                PROVIDE (__fini_array_end, .)
                0x080051d0                _sidata = LOADADDR (.data)

.data           0x20000000      0x1c0 load address 0x080051d0
                0x20000000                . = ALIGN (0x4)
                0x20000000                _sdata = .
 *(.data)
 .data          0x20000000      0x110 Middlewares/ST/STM32_USB_Device_Library/Class/CDC/Src/usbd_cdc.o
                0x20000000                USBD_CDC_CfgFSDesc
                0x20000044                USBD_CDC_CfgHSDesc
                0x20000088                USBD_CDC_OtherSpeedCfgDesc
                0x200000d8                USBD_CDC
 .data          0x20000110        0x4 Middlewares/Third_Party/FreeRTOS/Source/portable/GCC/ARM_CM4F/port.o
 .data          0x20000114        0x4 Src/system_stm32f4xx.o
                0x20000114                SystemCoreClock
 .data          0x20000118       0x10 Src/usbd_cdc_if.o
                0x20000118                USBD_Interface_fops_FS
 .data          0x20000128       0x34 Src/usbd_desc.o
                0x20000128                USBD_FS_DeviceDesc
                0x2000013c                USBD_LangIDDesc
                0x20000140                FS_Desc
 *(.data*)
 .data.impure_data
                0x2000015c       0x60 /home/gianni/Ac6/SystemWorkbench/plugins/fr.ac6.mcu.externaltools.arm-none.linux64_1.13.1.201703061524/tools/compiler/bin/../lib/gcc/arm-none-eabi/5.4.1/../../../../arm-none-eabi/lib/armv7e-m/fpu/libc_nano.a(lib_a-impure.o)
 .data._impure_ptr
                0x200001bc        0x4 /home/gianni/Ac6/SystemWorkbench/plugins/fr.ac6.mcu.externaltools.arm-none.linux64_1.13.1.201703061524/tools/compiler/bin/../lib/gcc/arm-none-eabi/5.4.1/../../../../arm-none-eabi/lib/armv7e-m/fpu/libc_nano.a(lib_a-impure.o)
                0x200001bc                _impure_ptr
                0x200001c0                . = ALIGN (0x4)
                0x200001c0                _edata = .
                0x08005390                _siccmram = LOADADDR (.ccmram)

.jcr            0x200001c0        0x0 load address 0x08005390
 .jcr           0x200001c0        0x0 /home/gianni/Ac6/SystemWorkbench/plugins/fr.ac6.mcu.externaltools.arm-none.linux64_1.13.1.201703061524/tools/compiler/bin/../lib/gcc/arm-none-eabi/5.4.1/armv7e-m/fpu/crtbegin.o

.igot.plt       0x200001c0        0x0 load address 0x08005390
 .igot.plt      0x200001c0        0x0 /home/gianni/Ac6/SystemWorkbench/plugins/fr.ac6.mcu.externaltools.arm-none.linux64_1.13.1.201703061524/tools/compiler/bin/../lib/gcc/arm-none-eabi/5.4.1/armv7e-m/fpu/crtbegin.o

.ccmram         0x10000000        0x0 load address 0x08005390
                0x10000000                . = ALIGN (0x4)
                0x10000000                _sccmram = .
 *(.ccmram)
 *(.ccmram*)
                0x10000000                . = ALIGN (0x4)
                0x10000000                _eccmram = .
                0x10000000                . = ALIGN (0x4)

.bss            0x200001c0     0x461c
                0x200001c0                _sbss = .
                0x200001c0                __bss_start__ = _sbss
 *(.bss)
 .bss           0x200001c0       0x1c /home/gianni/Ac6/SystemWorkbench/plugins/fr.ac6.mcu.externaltools.arm-none.linux64_1.13.1.201703061524/tools/compiler/bin/../lib/gcc/arm-none-eabi/5.4.1/armv7e-m/fpu/crtbegin.o
 .bss           0x200001dc        0x1 Middlewares/ST/STM32_USB_Device_Library/Class/CDC/Src/usbd_cdc.o
 .bss           0x200001dd        0x1 Middlewares/ST/STM32_USB_Device_Library/Core/Src/usbd_ctlreq.o
 *fill*         0x200001de        0x2 
 .bss           0x200001e0      0x130 Middlewares/Third_Party/FreeRTOS/Source/tasks.o
                0x200002e0                pxCurrentTCB
 .bss           0x20000310       0x3c Middlewares/Third_Party/FreeRTOS/Source/timers.o
 .bss           0x2000034c        0x8 Middlewares/Third_Party/FreeRTOS/Source/portable/GCC/ARM_CM4F/port.o
 .bss           0x20000354     0x3c18 Middlewares/Third_Party/FreeRTOS/Source/portable/MemMang/heap_4.o
 *(.bss*)
 .bss.__malloc_sbrk_start
                0x20003f6c        0x4 /home/gianni/Ac6/SystemWorkbench/plugins/fr.ac6.mcu.externaltools.arm-none.linux64_1.13.1.201703061524/tools/compiler/bin/../lib/gcc/arm-none-eabi/5.4.1/../../../../arm-none-eabi/lib/armv7e-m/fpu/libc_nano.a(lib_a-nano-mallocr.o)
                0x20003f6c                __malloc_sbrk_start
 .bss.__malloc_free_list
                0x20003f70        0x4 /home/gianni/Ac6/SystemWorkbench/plugins/fr.ac6.mcu.externaltools.arm-none.linux64_1.13.1.201703061524/tools/compiler/bin/../lib/gcc/arm-none-eabi/5.4.1/../../../../arm-none-eabi/lib/armv7e-m/fpu/libc_nano.a(lib_a-nano-mallocr.o)
                0x20003f70                __malloc_free_list
 .bss.heap_end.4169
                0x20003f74        0x4 /home/gianni/Ac6/SystemWorkbench/plugins/fr.ac6.mcu.externaltools.arm-none.linux64_1.13.1.201703061524/tools/compiler/bin/../lib/gcc/arm-none-eabi/5.4.1/../../../../arm-none-eabi/lib/armv7e-m/fpu/libnosys.a(sbrk.o)
 *(COMMON)
 COMMON         0x20003f78        0x4 Drivers/STM32F4xx_HAL_Driver/Src/stm32f4xx_hal.o
                0x20003f78                uwTick
 COMMON         0x20003f7c       0x40 Middlewares/Third_Party/FreeRTOS/Source/queue.o
                0x20003f7c                xQueueRegistry
 COMMON         0x20003fbc      0x224 Src/usb_device.o
                0x20003fbc                hUsbDeviceFS
 COMMON         0x200041e0        0x8 Src/usbd_cdc_if.o
                0x200041e0                UserRxBufferFS
                0x200041e4                UserTxBufferFS
 COMMON         0x200041e8      0x3f0 Src/usbd_conf.o
                0x200041e8                hpcd_USB_OTG_FS
 COMMON         0x200045d8      0x200 Src/usbd_desc.o
                0x200045d8                USBD_StrDesc
 COMMON         0x200047d8        0x4 /home/gianni/Ac6/SystemWorkbench/plugins/fr.ac6.mcu.externaltools.arm-none.linux64_1.13.1.201703061524/tools/compiler/bin/../lib/gcc/arm-none-eabi/5.4.1/../../../../arm-none-eabi/lib/armv7e-m/fpu/libc_nano.a(lib_a-reent.o)
                0x200047d8                errno
                0x200047dc                . = ALIGN (0x4)
                0x200047dc                _ebss = .
                0x200047dc                __bss_end__ = _ebss

._user_heap_stack
                0x200047dc      0x604
                0x200047e0                . = ALIGN (0x8)
 *fill*         0x200047dc        0x4 
                0x200047e0                PROVIDE (end, .)
                [!provide]                PROVIDE (_end, .)
                0x200049e0                . = (. + _Min_Heap_Size)
 *fill*         0x200047e0      0x200 
                0x20004de0                . = (. + _Min_Stack_Size)
 *fill*         0x200049e0      0x400 
                0x20004de0                . = ALIGN (0x8)

/DISCARD/
 libc.a(*)
 libm.a(*)
 libgcc.a(*)

.ARM.attributes
                0x00000000       0x30
 *(.ARM.attributes)
 .ARM.attributes
                0x00000000       0x22 /home/gianni/Ac6/SystemWorkbench/plugins/fr.ac6.mcu.externaltools.arm-none.linux64_1.13.1.201703061524/tools/compiler/bin/../lib/gcc/arm-none-eabi/5.4.1/armv7e-m/fpu/crti.o
 .ARM.attributes
                0x00000022       0x34 /home/gianni/Ac6/SystemWorkbench/plugins/fr.ac6.mcu.externaltools.arm-none.linux64_1.13.1.201703061524/tools/compiler/bin/../lib/gcc/arm-none-eabi/5.4.1/armv7e-m/fpu/crtbegin.o
 .ARM.attributes
                0x00000056       0x39 Drivers/STM32F4xx_HAL_Driver/Src/stm32f4xx_hal.o
 .ARM.attributes
                0x0000008f       0x39 Drivers/STM32F4xx_HAL_Driver/Src/stm32f4xx_hal_cortex.o
 .ARM.attributes
                0x000000c8       0x39 Drivers/STM32F4xx_HAL_Driver/Src/stm32f4xx_hal_gpio.o
 .ARM.attributes
                0x00000101       0x39 Drivers/STM32F4xx_HAL_Driver/Src/stm32f4xx_hal_pcd.o
 .ARM.attributes
                0x0000013a       0x39 Drivers/STM32F4xx_HAL_Driver/Src/stm32f4xx_hal_pcd_ex.o
 .ARM.attributes
                0x00000173       0x39 Drivers/STM32F4xx_HAL_Driver/Src/stm32f4xx_hal_rcc.o
 .ARM.attributes
                0x000001ac       0x39 Drivers/STM32F4xx_HAL_Driver/Src/stm32f4xx_ll_usb.o
 .ARM.attributes
                0x000001e5       0x39 Middlewares/ST/STM32_USB_Device_Library/Class/CDC/Src/usbd_cdc.o
 .ARM.attributes
                0x0000021e       0x39 Middlewares/ST/STM32_USB_Device_Library/Core/Src/usbd_core.o
 .ARM.attributes
                0x00000257       0x39 Middlewares/ST/STM32_USB_Device_Library/Core/Src/usbd_ctlreq.o
 .ARM.attributes
                0x00000290       0x39 Middlewares/ST/STM32_USB_Device_Library/Core/Src/usbd_ioreq.o
 .ARM.attributes
                0x000002c9       0x39 Middlewares/Third_Party/FreeRTOS/Source/CMSIS_RTOS/cmsis_os.o
 .ARM.attributes
                0x00000302       0x39 Middlewares/Third_Party/FreeRTOS/Source/list.o
 .ARM.attributes
                0x0000033b       0x39 Middlewares/Third_Party/FreeRTOS/Source/queue.o
 .ARM.attributes
                0x00000374       0x39 Middlewares/Third_Party/FreeRTOS/Source/tasks.o
 .ARM.attributes
                0x000003ad       0x39 Middlewares/Third_Party/FreeRTOS/Source/timers.o
 .ARM.attributes
                0x000003e6       0x39 Middlewares/Third_Party/FreeRTOS/Source/portable/GCC/ARM_CM4F/port.o
 .ARM.attributes
                0x0000041f       0x39 Middlewares/Third_Party/FreeRTOS/Source/portable/MemMang/heap_4.o
 .ARM.attributes
                0x00000458       0x39 Src/freertos.o
 .ARM.attributes
                0x00000491       0x39 Src/main.o
 .ARM.attributes
                0x000004ca       0x39 Src/stm32f4xx_hal_msp.o
 .ARM.attributes
                0x00000503       0x39 Src/stm32f4xx_it.o
 .ARM.attributes
                0x0000053c       0x39 Src/system_stm32f4xx.o
 .ARM.attributes
                0x00000575       0x39 Src/usb_device.o
 .ARM.attributes
                0x000005ae       0x39 Src/usbd_cdc_if.o
 .ARM.attributes
                0x000005e7       0x39 Src/usbd_conf.o
 .ARM.attributes
                0x00000620       0x39 Src/usbd_desc.o
 .ARM.attributes
                0x00000659       0x21 startup/startup_stm32f407xx.o
 .ARM.attributes
                0x0000067a       0x34 /home/gianni/Ac6/SystemWorkbench/plugins/fr.ac6.mcu.externaltools.arm-none.linux64_1.13.1.201703061524/tools/compiler/bin/../lib/gcc/arm-none-eabi/5.4.1/../../../../arm-none-eabi/lib/armv7e-m/fpu/libc_nano.a(lib_a-impure.o)
 .ARM.attributes
                0x000006ae       0x34 /home/gianni/Ac6/SystemWorkbench/plugins/fr.ac6.mcu.externaltools.arm-none.linux64_1.13.1.201703061524/tools/compiler/bin/../lib/gcc/arm-none-eabi/5.4.1/../../../../arm-none-eabi/lib/armv7e-m/fpu/libc_nano.a(lib_a-init.o)
 .ARM.attributes
                0x000006e2       0x34 /home/gianni/Ac6/SystemWorkbench/plugins/fr.ac6.mcu.externaltools.arm-none.linux64_1.13.1.201703061524/tools/compiler/bin/../lib/gcc/arm-none-eabi/5.4.1/../../../../arm-none-eabi/lib/armv7e-m/fpu/libc_nano.a(lib_a-malloc.o)
 .ARM.attributes
                0x00000716       0x34 /home/gianni/Ac6/SystemWorkbench/plugins/fr.ac6.mcu.externaltools.arm-none.linux64_1.13.1.201703061524/tools/compiler/bin/../lib/gcc/arm-none-eabi/5.4.1/../../../../arm-none-eabi/lib/armv7e-m/fpu/libc_nano.a(lib_a-memcpy-stub.o)
 .ARM.attributes
                0x0000074a       0x34 /home/gianni/Ac6/SystemWorkbench/plugins/fr.ac6.mcu.externaltools.arm-none.linux64_1.13.1.201703061524/tools/compiler/bin/../lib/gcc/arm-none-eabi/5.4.1/../../../../arm-none-eabi/lib/armv7e-m/fpu/libc_nano.a(lib_a-memset.o)
 .ARM.attributes
                0x0000077e       0x34 /home/gianni/Ac6/SystemWorkbench/plugins/fr.ac6.mcu.externaltools.arm-none.linux64_1.13.1.201703061524/tools/compiler/bin/../lib/gcc/arm-none-eabi/5.4.1/../../../../arm-none-eabi/lib/armv7e-m/fpu/libc_nano.a(lib_a-nano-freer.o)
 .ARM.attributes
                0x000007b2       0x34 /home/gianni/Ac6/SystemWorkbench/plugins/fr.ac6.mcu.externaltools.arm-none.linux64_1.13.1.201703061524/tools/compiler/bin/../lib/gcc/arm-none-eabi/5.4.1/../../../../arm-none-eabi/lib/armv7e-m/fpu/libc_nano.a(lib_a-nano-mallocr.o)
 .ARM.attributes
                0x000007e6       0x34 /home/gianni/Ac6/SystemWorkbench/plugins/fr.ac6.mcu.externaltools.arm-none.linux64_1.13.1.201703061524/tools/compiler/bin/../lib/gcc/arm-none-eabi/5.4.1/../../../../arm-none-eabi/lib/armv7e-m/fpu/libc_nano.a(lib_a-sbrkr.o)
 .ARM.attributes
                0x0000081a       0x1b /home/gianni/Ac6/SystemWorkbench/plugins/fr.ac6.mcu.externaltools.arm-none.linux64_1.13.1.201703061524/tools/compiler/bin/../lib/gcc/arm-none-eabi/5.4.1/../../../../arm-none-eabi/lib/armv7e-m/fpu/libc_nano.a(lib_a-strlen.o)
 .ARM.attributes
                0x00000835       0x34 /home/gianni/Ac6/SystemWorkbench/plugins/fr.ac6.mcu.externaltools.arm-none.linux64_1.13.1.201703061524/tools/compiler/bin/../lib/gcc/arm-none-eabi/5.4.1/../../../../arm-none-eabi/lib/armv7e-m/fpu/libc_nano.a(lib_a-mlock.o)
 .ARM.attributes
                0x00000869       0x34 /home/gianni/Ac6/SystemWorkbench/plugins/fr.ac6.mcu.externaltools.arm-none.linux64_1.13.1.201703061524/tools/compiler/bin/../lib/gcc/arm-none-eabi/5.4.1/../../../../arm-none-eabi/lib/armv7e-m/fpu/libc_nano.a(lib_a-reent.o)
 .ARM.attributes
                0x0000089d       0x34 /home/gianni/Ac6/SystemWorkbench/plugins/fr.ac6.mcu.externaltools.arm-none.linux64_1.13.1.201703061524/tools/compiler/bin/../lib/gcc/arm-none-eabi/5.4.1/../../../../arm-none-eabi/lib/armv7e-m/fpu/libnosys.a(sbrk.o)
 .ARM.attributes
                0x000008d1       0x22 /home/gianni/Ac6/SystemWorkbench/plugins/fr.ac6.mcu.externaltools.arm-none.linux64_1.13.1.201703061524/tools/compiler/bin/../lib/gcc/arm-none-eabi/5.4.1/armv7e-m/fpu/crtn.o
OUTPUT(FREERTOS_F4CIAOCIAOCIAOICOA.elf elf32-littlearm)

.debug_info     0x00000000    0x15a2f
 .debug_info    0x00000000      0x928 Drivers/STM32F4xx_HAL_Driver/Src/stm32f4xx_hal.o
 .debug_info    0x00000928      0xf0d Drivers/STM32F4xx_HAL_Driver/Src/stm32f4xx_hal_cortex.o
 .debug_info    0x00001835      0x72a Drivers/STM32F4xx_HAL_Driver/Src/stm32f4xx_hal_gpio.o
 .debug_info    0x00001f5f     0x143e Drivers/STM32F4xx_HAL_Driver/Src/stm32f4xx_hal_pcd.o
 .debug_info    0x0000339d      0x574 Drivers/STM32F4xx_HAL_Driver/Src/stm32f4xx_hal_pcd_ex.o
 .debug_info    0x00003911      0xce5 Drivers/STM32F4xx_HAL_Driver/Src/stm32f4xx_hal_rcc.o
 .debug_info    0x000045f6     0x16ac Drivers/STM32F4xx_HAL_Driver/Src/stm32f4xx_ll_usb.o
 .debug_info    0x00005ca2      0xd07 Middlewares/ST/STM32_USB_Device_Library/Class/CDC/Src/usbd_cdc.o
 .debug_info    0x000069a9      0xc42 Middlewares/ST/STM32_USB_Device_Library/Core/Src/usbd_core.o
 .debug_info    0x000075eb      0xdfb Middlewares/ST/STM32_USB_Device_Library/Core/Src/usbd_ctlreq.o
 .debug_info    0x000083e6      0x765 Middlewares/ST/STM32_USB_Device_Library/Core/Src/usbd_ioreq.o
 .debug_info    0x00008b4b     0x1dc8 Middlewares/Third_Party/FreeRTOS/Source/CMSIS_RTOS/cmsis_os.o
 .debug_info    0x0000a913      0x2a5 Middlewares/Third_Party/FreeRTOS/Source/list.o
 .debug_info    0x0000abb8     0x18fb Middlewares/Third_Party/FreeRTOS/Source/queue.o
 .debug_info    0x0000c4b3     0x2e74 Middlewares/Third_Party/FreeRTOS/Source/tasks.o
 .debug_info    0x0000f327     0x124e Middlewares/Third_Party/FreeRTOS/Source/timers.o
 .debug_info    0x00010575      0x534 Middlewares/Third_Party/FreeRTOS/Source/portable/GCC/ARM_CM4F/port.o
 .debug_info    0x00010aa9      0x445 Middlewares/Third_Party/FreeRTOS/Source/portable/MemMang/heap_4.o
 .debug_info    0x00010eee       0xcd Src/freertos.o
 .debug_info    0x00010fbb      0xed4 Src/main.o
 .debug_info    0x00011e8f      0x3de Src/stm32f4xx_hal_msp.o
 .debug_info    0x0001226d      0x51c Src/stm32f4xx_it.o
 .debug_info    0x00012789      0x500 Src/system_stm32f4xx.o
 .debug_info    0x00012c89      0x616 Src/usb_device.o
 .debug_info    0x0001329f      0x827 Src/usbd_cdc_if.o
 .debug_info    0x00013ac6     0x1a18 Src/usbd_conf.o
 .debug_info    0x000154de      0x4cc Src/usbd_desc.o
 .debug_info    0x000159aa       0x85 startup/startup_stm32f407xx.o

.debug_abbrev   0x00000000     0x358a
 .debug_abbrev  0x00000000      0x25c Drivers/STM32F4xx_HAL_Driver/Src/stm32f4xx_hal.o
 .debug_abbrev  0x0000025c      0x2fe Drivers/STM32F4xx_HAL_Driver/Src/stm32f4xx_hal_cortex.o
 .debug_abbrev  0x0000055a      0x1cd Drivers/STM32F4xx_HAL_Driver/Src/stm32f4xx_hal_gpio.o
 .debug_abbrev  0x00000727      0x283 Drivers/STM32F4xx_HAL_Driver/Src/stm32f4xx_hal_pcd.o
 .debug_abbrev  0x000009aa      0x172 Drivers/STM32F4xx_HAL_Driver/Src/stm32f4xx_hal_pcd_ex.o
 .debug_abbrev  0x00000b1c      0x2b0 Drivers/STM32F4xx_HAL_Driver/Src/stm32f4xx_hal_rcc.o
 .debug_abbrev  0x00000dcc      0x242 Drivers/STM32F4xx_HAL_Driver/Src/stm32f4xx_ll_usb.o
 .debug_abbrev  0x0000100e      0x24a Middlewares/ST/STM32_USB_Device_Library/Class/CDC/Src/usbd_cdc.o
 .debug_abbrev  0x00001258      0x1ef Middlewares/ST/STM32_USB_Device_Library/Core/Src/usbd_core.o
 .debug_abbrev  0x00001447      0x26c Middlewares/ST/STM32_USB_Device_Library/Core/Src/usbd_ctlreq.o
 .debug_abbrev  0x000016b3      0x158 Middlewares/ST/STM32_USB_Device_Library/Core/Src/usbd_ioreq.o
 .debug_abbrev  0x0000180b      0x2fe Middlewares/Third_Party/FreeRTOS/Source/CMSIS_RTOS/cmsis_os.o
 .debug_abbrev  0x00001b09       0xdf Middlewares/Third_Party/FreeRTOS/Source/list.o
 .debug_abbrev  0x00001be8      0x297 Middlewares/Third_Party/FreeRTOS/Source/queue.o
 .debug_abbrev  0x00001e7f      0x32b Middlewares/Third_Party/FreeRTOS/Source/tasks.o
 .debug_abbrev  0x000021aa      0x24c Middlewares/Third_Party/FreeRTOS/Source/timers.o
 .debug_abbrev  0x000023f6      0x21c Middlewares/Third_Party/FreeRTOS/Source/portable/GCC/ARM_CM4F/port.o
 .debug_abbrev  0x00002612      0x20d Middlewares/Third_Party/FreeRTOS/Source/portable/MemMang/heap_4.o
 .debug_abbrev  0x0000281f       0x5f Src/freertos.o
 .debug_abbrev  0x0000287e      0x266 Src/main.o
 .debug_abbrev  0x00002ae4       0xc2 Src/stm32f4xx_hal_msp.o
 .debug_abbrev  0x00002ba6      0x172 Src/stm32f4xx_it.o
 .debug_abbrev  0x00002d18      0x104 Src/system_stm32f4xx.o
 .debug_abbrev  0x00002e1c      0x170 Src/usb_device.o
 .debug_abbrev  0x00002f8c      0x207 Src/usbd_cdc_if.o
 .debug_abbrev  0x00003193      0x27e Src/usbd_conf.o
 .debug_abbrev  0x00003411      0x167 Src/usbd_desc.o
 .debug_abbrev  0x00003578       0x12 startup/startup_stm32f407xx.o

.debug_loc      0x00000000     0xa30e
 .debug_loc     0x00000000       0x91 Drivers/STM32F4xx_HAL_Driver/Src/stm32f4xx_hal.o
 .debug_loc     0x00000091      0x548 Drivers/STM32F4xx_HAL_Driver/Src/stm32f4xx_hal_cortex.o
 .debug_loc     0x000005d9      0x38f Drivers/STM32F4xx_HAL_Driver/Src/stm32f4xx_hal_gpio.o
 .debug_loc     0x00000968      0xb6d Drivers/STM32F4xx_HAL_Driver/Src/stm32f4xx_hal_pcd.o
 .debug_loc     0x000014d5       0xd0 Drivers/STM32F4xx_HAL_Driver/Src/stm32f4xx_hal_pcd_ex.o
 .debug_loc     0x000015a5      0x622 Drivers/STM32F4xx_HAL_Driver/Src/stm32f4xx_hal_rcc.o
 .debug_loc     0x00001bc7     0x133b Drivers/STM32F4xx_HAL_Driver/Src/stm32f4xx_ll_usb.o
 .debug_loc     0x00002f02      0x4b1 Middlewares/ST/STM32_USB_Device_Library/Class/CDC/Src/usbd_cdc.o
 .debug_loc     0x000033b3      0x629 Middlewares/ST/STM32_USB_Device_Library/Core/Src/usbd_core.o
 .debug_loc     0x000039dc      0xb12 Middlewares/ST/STM32_USB_Device_Library/Core/Src/usbd_ctlreq.o
 .debug_loc     0x000044ee      0x23c Middlewares/ST/STM32_USB_Device_Library/Core/Src/usbd_ioreq.o
 .debug_loc     0x0000472a     0x1151 Middlewares/Third_Party/FreeRTOS/Source/CMSIS_RTOS/cmsis_os.o
 .debug_loc     0x0000587b       0x65 Middlewares/Third_Party/FreeRTOS/Source/list.o
 .debug_loc     0x000058e0      0xefe Middlewares/Third_Party/FreeRTOS/Source/queue.o
 .debug_loc     0x000067de     0x1b65 Middlewares/Third_Party/FreeRTOS/Source/tasks.o
 .debug_loc     0x00008343      0xb4b Middlewares/Third_Party/FreeRTOS/Source/timers.o
 .debug_loc     0x00008e8e       0xdc Middlewares/Third_Party/FreeRTOS/Source/portable/GCC/ARM_CM4F/port.o
 .debug_loc     0x00008f6a      0x282 Middlewares/Third_Party/FreeRTOS/Source/portable/MemMang/heap_4.o
 .debug_loc     0x000091ec       0xa5 Src/main.o
 .debug_loc     0x00009291      0x132 Src/system_stm32f4xx.o
 .debug_loc     0x000093c3      0x12a Src/usbd_cdc_if.o
 .debug_loc     0x000094ed      0xb6a Src/usbd_conf.o
 .debug_loc     0x0000a057      0x2b7 Src/usbd_desc.o

.debug_aranges  0x00000000     0x10e8
 .debug_aranges
                0x00000000       0xc8 Drivers/STM32F4xx_HAL_Driver/Src/stm32f4xx_hal.o
 .debug_aranges
                0x000000c8       0xa8 Drivers/STM32F4xx_HAL_Driver/Src/stm32f4xx_hal_cortex.o
 .debug_aranges
                0x00000170       0x58 Drivers/STM32F4xx_HAL_Driver/Src/stm32f4xx_hal_gpio.o
 .debug_aranges
                0x000001c8      0x120 Drivers/STM32F4xx_HAL_Driver/Src/stm32f4xx_hal_pcd.o
 .debug_aranges
                0x000002e8       0x28 Drivers/STM32F4xx_HAL_Driver/Src/stm32f4xx_hal_pcd_ex.o
 .debug_aranges
                0x00000310       0x88 Drivers/STM32F4xx_HAL_Driver/Src/stm32f4xx_hal_rcc.o
 .debug_aranges
                0x00000398      0x180 Drivers/STM32F4xx_HAL_Driver/Src/stm32f4xx_ll_usb.o
 .debug_aranges
                0x00000518       0x90 Middlewares/ST/STM32_USB_Device_Library/Class/CDC/Src/usbd_cdc.o
 .debug_aranges
                0x000005a8       0xb8 Middlewares/ST/STM32_USB_Device_Library/Core/Src/usbd_core.o
 .debug_aranges
                0x00000660       0x88 Middlewares/ST/STM32_USB_Device_Library/Core/Src/usbd_ctlreq.o
 .debug_aranges
                0x000006e8       0x50 Middlewares/ST/STM32_USB_Device_Library/Core/Src/usbd_ioreq.o
 .debug_aranges
                0x00000738      0x1e8 Middlewares/Third_Party/FreeRTOS/Source/CMSIS_RTOS/cmsis_os.o
 .debug_aranges
                0x00000920       0x40 Middlewares/Third_Party/FreeRTOS/Source/list.o
 .debug_aranges
                0x00000960      0x108 Middlewares/Third_Party/FreeRTOS/Source/queue.o
 .debug_aranges
                0x00000a68      0x210 Middlewares/Third_Party/FreeRTOS/Source/tasks.o
 .debug_aranges
                0x00000c78       0xc8 Middlewares/Third_Party/FreeRTOS/Source/timers.o
 .debug_aranges
                0x00000d40       0x80 Middlewares/Third_Party/FreeRTOS/Source/portable/GCC/ARM_CM4F/port.o
 .debug_aranges
                0x00000dc0       0x50 Middlewares/Third_Party/FreeRTOS/Source/portable/MemMang/heap_4.o
 .debug_aranges
                0x00000e10       0x38 Src/freertos.o
 .debug_aranges
                0x00000e48       0x60 Src/main.o
 .debug_aranges
                0x00000ea8       0x20 Src/stm32f4xx_hal_msp.o
 .debug_aranges
                0x00000ec8       0x28 Src/stm32f4xx_it.o
 .debug_aranges
                0x00000ef0       0x28 Src/system_stm32f4xx.o
 .debug_aranges
                0x00000f18       0x20 Src/usb_device.o
 .debug_aranges
                0x00000f38       0x40 Src/usbd_cdc_if.o
 .debug_aranges
                0x00000f78       0xf8 Src/usbd_conf.o
 .debug_aranges
                0x00001070       0x50 Src/usbd_desc.o
 .debug_aranges
                0x000010c0       0x28 startup/startup_stm32f407xx.o

.debug_ranges   0x00000000      0xfb0
 .debug_ranges  0x00000000       0xb8 Drivers/STM32F4xx_HAL_Driver/Src/stm32f4xx_hal.o
 .debug_ranges  0x000000b8       0x98 Drivers/STM32F4xx_HAL_Driver/Src/stm32f4xx_hal_cortex.o
 .debug_ranges  0x00000150       0x48 Drivers/STM32F4xx_HAL_Driver/Src/stm32f4xx_hal_gpio.o
 .debug_ranges  0x00000198      0x110 Drivers/STM32F4xx_HAL_Driver/Src/stm32f4xx_hal_pcd.o
 .debug_ranges  0x000002a8       0x18 Drivers/STM32F4xx_HAL_Driver/Src/stm32f4xx_hal_pcd_ex.o
 .debug_ranges  0x000002c0       0x78 Drivers/STM32F4xx_HAL_Driver/Src/stm32f4xx_hal_rcc.o
 .debug_ranges  0x00000338      0x170 Drivers/STM32F4xx_HAL_Driver/Src/stm32f4xx_ll_usb.o
 .debug_ranges  0x000004a8       0x80 Middlewares/ST/STM32_USB_Device_Library/Class/CDC/Src/usbd_cdc.o
 .debug_ranges  0x00000528       0xa8 Middlewares/ST/STM32_USB_Device_Library/Core/Src/usbd_core.o
 .debug_ranges  0x000005d0       0x78 Middlewares/ST/STM32_USB_Device_Library/Core/Src/usbd_ctlreq.o
 .debug_ranges  0x00000648       0x40 Middlewares/ST/STM32_USB_Device_Library/Core/Src/usbd_ioreq.o
 .debug_ranges  0x00000688      0x1d8 Middlewares/Third_Party/FreeRTOS/Source/CMSIS_RTOS/cmsis_os.o
 .debug_ranges  0x00000860       0x30 Middlewares/Third_Party/FreeRTOS/Source/list.o
 .debug_ranges  0x00000890      0x140 Middlewares/Third_Party/FreeRTOS/Source/queue.o
 .debug_ranges  0x000009d0      0x238 Middlewares/Third_Party/FreeRTOS/Source/tasks.o
 .debug_ranges  0x00000c08       0xb8 Middlewares/Third_Party/FreeRTOS/Source/timers.o
 .debug_ranges  0x00000cc0       0x70 Middlewares/Third_Party/FreeRTOS/Source/portable/GCC/ARM_CM4F/port.o
 .debug_ranges  0x00000d30       0x40 Middlewares/Third_Party/FreeRTOS/Source/portable/MemMang/heap_4.o
 .debug_ranges  0x00000d70       0x28 Src/freertos.o
 .debug_ranges  0x00000d98       0x50 Src/main.o
 .debug_ranges  0x00000de8       0x10 Src/stm32f4xx_hal_msp.o
 .debug_ranges  0x00000df8       0x18 Src/stm32f4xx_it.o
 .debug_ranges  0x00000e10       0x18 Src/system_stm32f4xx.o
 .debug_ranges  0x00000e28       0x10 Src/usb_device.o
 .debug_ranges  0x00000e38       0x30 Src/usbd_cdc_if.o
 .debug_ranges  0x00000e68       0xe8 Src/usbd_conf.o
 .debug_ranges  0x00000f50       0x40 Src/usbd_desc.o
 .debug_ranges  0x00000f90       0x20 startup/startup_stm32f407xx.o

.debug_macro    0x00000000    0x247d9
 .debug_macro   0x00000000      0x36e Drivers/STM32F4xx_HAL_Driver/Src/stm32f4xx_hal.o
 .debug_macro   0x0000036e      0x898 Drivers/STM32F4xx_HAL_Driver/Src/stm32f4xx_hal.o
 .debug_macro   0x00000c06       0x10 Drivers/STM32F4xx_HAL_Driver/Src/stm32f4xx_hal.o
 .debug_macro   0x00000c16      0x17a Drivers/STM32F4xx_HAL_Driver/Src/stm32f4xx_hal.o
 .debug_macro   0x00000d90       0x33 Drivers/STM32F4xx_HAL_Driver/Src/stm32f4xx_hal.o
 .debug_macro   0x00000dc3       0x28 Drivers/STM32F4xx_HAL_Driver/Src/stm32f4xx_hal.o
 .debug_macro   0x00000deb       0x22 Drivers/STM32F4xx_HAL_Driver/Src/stm32f4xx_hal.o
 .debug_macro   0x00000e0d       0x87 Drivers/STM32F4xx_HAL_Driver/Src/stm32f4xx_hal.o
 .debug_macro   0x00000e94       0x44 Drivers/STM32F4xx_HAL_Driver/Src/stm32f4xx_hal.o
 .debug_macro   0x00000ed8       0xfd Drivers/STM32F4xx_HAL_Driver/Src/stm32f4xx_hal.o
 .debug_macro   0x00000fd5       0x5e Drivers/STM32F4xx_HAL_Driver/Src/stm32f4xx_hal.o
 .debug_macro   0x00001033      0x1df Drivers/STM32F4xx_HAL_Driver/Src/stm32f4xx_hal.o
 .debug_macro   0x00001212       0x35 Drivers/STM32F4xx_HAL_Driver/Src/stm32f4xx_hal.o
 .debug_macro   0x00001247       0x50 Drivers/STM32F4xx_HAL_Driver/Src/stm32f4xx_hal.o
 .debug_macro   0x00001297      0xe66 Drivers/STM32F4xx_HAL_Driver/Src/stm32f4xx_hal.o
 .debug_macro   0x000020fd    0x15e04 Drivers/STM32F4xx_HAL_Driver/Src/stm32f4xx_hal.o
 .debug_macro   0x00017f01       0x43 Drivers/STM32F4xx_HAL_Driver/Src/stm32f4xx_hal.o
 .debug_macro   0x00017f44     0x3574 Drivers/STM32F4xx_HAL_Driver/Src/stm32f4xx_hal.o
 .debug_macro   0x0001b4b8       0x52 Drivers/STM32F4xx_HAL_Driver/Src/stm32f4xx_hal.o
 .debug_macro   0x0001b50a       0x35 Drivers/STM32F4xx_HAL_Driver/Src/stm32f4xx_hal.o
 .debug_macro   0x0001b53f       0x9c Drivers/STM32F4xx_HAL_Driver/Src/stm32f4xx_hal.o
 .debug_macro   0x0001b5db       0x16 Drivers/STM32F4xx_HAL_Driver/Src/stm32f4xx_hal.o
 .debug_macro   0x0001b5f1       0x97 Drivers/STM32F4xx_HAL_Driver/Src/stm32f4xx_hal.o
 .debug_macro   0x0001b688      0x30d Drivers/STM32F4xx_HAL_Driver/Src/stm32f4xx_hal.o
 .debug_macro   0x0001b995       0xfd Drivers/STM32F4xx_HAL_Driver/Src/stm32f4xx_hal.o
 .debug_macro   0x0001ba92       0x10 Drivers/STM32F4xx_HAL_Driver/Src/stm32f4xx_hal.o
 .debug_macro   0x0001baa2       0x52 Drivers/STM32F4xx_HAL_Driver/Src/stm32f4xx_hal.o
 .debug_macro   0x0001baf4       0x1f Drivers/STM32F4xx_HAL_Driver/Src/stm32f4xx_hal.o
 .debug_macro   0x0001bb13       0x43 Drivers/STM32F4xx_HAL_Driver/Src/stm32f4xx_hal.o
 .debug_macro   0x0001bb56       0x20 Drivers/STM32F4xx_HAL_Driver/Src/stm32f4xx_hal.o
 .debug_macro   0x0001bb76      0x187 Drivers/STM32F4xx_HAL_Driver/Src/stm32f4xx_hal.o
 .debug_macro   0x0001bcfd       0x10 Drivers/STM32F4xx_HAL_Driver/Src/stm32f4xx_hal.o
 .debug_macro   0x0001bd0d       0x1c Drivers/STM32F4xx_HAL_Driver/Src/stm32f4xx_hal.o
 .debug_macro   0x0001bd29       0x52 Drivers/STM32F4xx_HAL_Driver/Src/stm32f4xx_hal.o
 .debug_macro   0x0001bd7b       0x40 Drivers/STM32F4xx_HAL_Driver/Src/stm32f4xx_hal.o
 .debug_macro   0x0001bdbb       0x10 Drivers/STM32F4xx_HAL_Driver/Src/stm32f4xx_hal.o
 .debug_macro   0x0001bdcb       0x40 Drivers/STM32F4xx_HAL_Driver/Src/stm32f4xx_hal.o
 .debug_macro   0x0001be0b       0xd7 Drivers/STM32F4xx_HAL_Driver/Src/stm32f4xx_hal.o
 .debug_macro   0x0001bee2       0x16 Drivers/STM32F4xx_HAL_Driver/Src/stm32f4xx_hal.o
 .debug_macro   0x0001bef8      0x18b Drivers/STM32F4xx_HAL_Driver/Src/stm32f4xx_hal.o
 .debug_macro   0x0001c083       0x50 Drivers/STM32F4xx_HAL_Driver/Src/stm32f4xx_hal.o
 .debug_macro   0x0001c0d3      0x96b Drivers/STM32F4xx_HAL_Driver/Src/stm32f4xx_hal.o
 .debug_macro   0x0001ca3e      0x9e1 Drivers/STM32F4xx_HAL_Driver/Src/stm32f4xx_hal.o
 .debug_macro   0x0001d41f      0x11e Drivers/STM32F4xx_HAL_Driver/Src/stm32f4xx_hal.o
 .debug_macro   0x0001d53d      0x13e Drivers/STM32F4xx_HAL_Driver/Src/stm32f4xx_hal.o
 .debug_macro   0x0001d67b       0x27 Drivers/STM32F4xx_HAL_Driver/Src/stm32f4xx_hal.o
 .debug_macro   0x0001d6a2      0x287 Drivers/STM32F4xx_HAL_Driver/Src/stm32f4xx_hal.o
 .debug_macro   0x0001d929       0x5f Drivers/STM32F4xx_HAL_Driver/Src/stm32f4xx_hal.o
 .debug_macro   0x0001d988      0x23a Drivers/STM32F4xx_HAL_Driver/Src/stm32f4xx_hal.o
 .debug_macro   0x0001dbc2      0x133 Drivers/STM32F4xx_HAL_Driver/Src/stm32f4xx_hal.o
 .debug_macro   0x0001dcf5      0x21e Drivers/STM32F4xx_HAL_Driver/Src/stm32f4xx_hal.o
 .debug_macro   0x0001df13       0x2e Drivers/STM32F4xx_HAL_Driver/Src/stm32f4xx_hal.o
 .debug_macro   0x0001df41      0x11e Drivers/STM32F4xx_HAL_Driver/Src/stm32f4xx_hal.o
 .debug_macro   0x0001e05f       0x7f Drivers/STM32F4xx_HAL_Driver/Src/stm32f4xx_hal.o
 .debug_macro   0x0001e0de       0x89 Drivers/STM32F4xx_HAL_Driver/Src/stm32f4xx_hal.o
 .debug_macro   0x0001e167      0x1df Drivers/STM32F4xx_HAL_Driver/Src/stm32f4xx_hal.o
 .debug_macro   0x0001e346      0x115 Drivers/STM32F4xx_HAL_Driver/Src/stm32f4xx_hal.o
 .debug_macro   0x0001e45b      0x125 Drivers/STM32F4xx_HAL_Driver/Src/stm32f4xx_hal.o
 .debug_macro   0x0001e580      0x30e Drivers/STM32F4xx_HAL_Driver/Src/stm32f4xx_hal_cortex.o
 .debug_macro   0x0001e88e      0x346 Drivers/STM32F4xx_HAL_Driver/Src/stm32f4xx_hal_gpio.o
 .debug_macro   0x0001ebd4      0x31a Drivers/STM32F4xx_HAL_Driver/Src/stm32f4xx_hal_pcd.o
 .debug_macro   0x0001eeee      0x30e Drivers/STM32F4xx_HAL_Driver/Src/stm32f4xx_hal_pcd_ex.o
 .debug_macro   0x0001f1fc      0x338 Drivers/STM32F4xx_HAL_Driver/Src/stm32f4xx_hal_rcc.o
 .debug_macro   0x0001f534      0x315 Drivers/STM32F4xx_HAL_Driver/Src/stm32f4xx_ll_usb.o
 .debug_macro   0x0001f849      0x3c4 Middlewares/ST/STM32_USB_Device_Library/Class/CDC/Src/usbd_cdc.o
 .debug_macro   0x0001fc0d       0x4c Middlewares/ST/STM32_USB_Device_Library/Class/CDC/Src/usbd_cdc.o
 .debug_macro   0x0001fc59       0x8d Middlewares/ST/STM32_USB_Device_Library/Class/CDC/Src/usbd_cdc.o
 .debug_macro   0x0001fce6       0x4a Middlewares/ST/STM32_USB_Device_Library/Class/CDC/Src/usbd_cdc.o
 .debug_macro   0x0001fd30       0x16 Middlewares/ST/STM32_USB_Device_Library/Class/CDC/Src/usbd_cdc.o
 .debug_macro   0x0001fd46       0x35 Middlewares/ST/STM32_USB_Device_Library/Class/CDC/Src/usbd_cdc.o
 .debug_macro   0x0001fd7b       0x16 Middlewares/ST/STM32_USB_Device_Library/Class/CDC/Src/usbd_cdc.o
 .debug_macro   0x0001fd91       0x29 Middlewares/ST/STM32_USB_Device_Library/Class/CDC/Src/usbd_cdc.o
 .debug_macro   0x0001fdba       0x16 Middlewares/ST/STM32_USB_Device_Library/Class/CDC/Src/usbd_cdc.o
 .debug_macro   0x0001fdd0       0x71 Middlewares/ST/STM32_USB_Device_Library/Class/CDC/Src/usbd_cdc.o
 .debug_macro   0x0001fe41      0x1c3 Middlewares/ST/STM32_USB_Device_Library/Class/CDC/Src/usbd_cdc.o
 .debug_macro   0x00020004       0x83 Middlewares/ST/STM32_USB_Device_Library/Class/CDC/Src/usbd_cdc.o
 .debug_macro   0x00020087      0x39d Middlewares/ST/STM32_USB_Device_Library/Core/Src/usbd_core.o
 .debug_macro   0x00020424      0x1c9 Middlewares/ST/STM32_USB_Device_Library/Core/Src/usbd_core.o
 .debug_macro   0x000205ed      0x3a7 Middlewares/ST/STM32_USB_Device_Library/Core/Src/usbd_ctlreq.o
 .debug_macro   0x00020994      0x3a3 Middlewares/ST/STM32_USB_Device_Library/Core/Src/usbd_ioreq.o
 .debug_macro   0x00020d37      0x1f5 Middlewares/Third_Party/FreeRTOS/Source/CMSIS_RTOS/cmsis_os.o
 .debug_macro   0x00020f2c      0x174 Middlewares/Third_Party/FreeRTOS/Source/CMSIS_RTOS/cmsis_os.o
 .debug_macro   0x000210a0       0x10 Middlewares/Third_Party/FreeRTOS/Source/CMSIS_RTOS/cmsis_os.o
 .debug_macro   0x000210b0      0x158 Middlewares/Third_Party/FreeRTOS/Source/CMSIS_RTOS/cmsis_os.o
 .debug_macro   0x00021208      0x168 Middlewares/Third_Party/FreeRTOS/Source/CMSIS_RTOS/cmsis_os.o
 .debug_macro   0x00021370       0xe4 Middlewares/Third_Party/FreeRTOS/Source/CMSIS_RTOS/cmsis_os.o
 .debug_macro   0x00021454       0x10 Middlewares/Third_Party/FreeRTOS/Source/CMSIS_RTOS/cmsis_os.o
 .debug_macro   0x00021464       0x1f Middlewares/Third_Party/FreeRTOS/Source/CMSIS_RTOS/cmsis_os.o
 .debug_macro   0x00021483      0x3b4 Middlewares/Third_Party/FreeRTOS/Source/CMSIS_RTOS/cmsis_os.o
 .debug_macro   0x00021837       0xc0 Middlewares/Third_Party/FreeRTOS/Source/CMSIS_RTOS/cmsis_os.o
 .debug_macro   0x000218f7       0x8c Middlewares/Third_Party/FreeRTOS/Source/CMSIS_RTOS/cmsis_os.o
 .debug_macro   0x00021983       0x91 Middlewares/Third_Party/FreeRTOS/Source/CMSIS_RTOS/cmsis_os.o
 .debug_macro   0x00021a14       0x94 Middlewares/Third_Party/FreeRTOS/Source/CMSIS_RTOS/cmsis_os.o
 .debug_macro   0x00021aa8       0x63 Middlewares/Third_Party/FreeRTOS/Source/CMSIS_RTOS/cmsis_os.o
 .debug_macro   0x00021b0b       0xcf Middlewares/Third_Party/FreeRTOS/Source/CMSIS_RTOS/cmsis_os.o
 .debug_macro   0x00021bda       0x26 Middlewares/Third_Party/FreeRTOS/Source/CMSIS_RTOS/cmsis_os.o
 .debug_macro   0x00021c00      0x18b Middlewares/Third_Party/FreeRTOS/Source/list.o
 .debug_macro   0x00021d8b      0x207 Middlewares/Third_Party/FreeRTOS/Source/queue.o
 .debug_macro   0x00021f92      0x316 Middlewares/Third_Party/FreeRTOS/Source/tasks.o
 .debug_macro   0x000222a8       0x11 Middlewares/Third_Party/FreeRTOS/Source/tasks.o
 .debug_macro   0x000222b9       0x1c Middlewares/Third_Party/FreeRTOS/Source/tasks.o
 .debug_macro   0x000222d5      0x1c8 Middlewares/Third_Party/FreeRTOS/Source/timers.o
 .debug_macro   0x0002249d      0x1ad Middlewares/Third_Party/FreeRTOS/Source/portable/GCC/ARM_CM4F/port.o
 .debug_macro   0x0002264a      0x1b2 Middlewares/Third_Party/FreeRTOS/Source/portable/MemMang/heap_4.o
 .debug_macro   0x000227fc       0xe0 Src/freertos.o
 .debug_macro   0x000228dc      0x47b Src/main.o
 .debug_macro   0x00022d57      0x15e Src/main.o
 .debug_macro   0x00022eb5      0x30e Src/stm32f4xx_hal_msp.o
 .debug_macro   0x000231c3      0x3ce Src/stm32f4xx_it.o
 .debug_macro   0x00023591      0x314 Src/system_stm32f4xx.o
 .debug_macro   0x000238a5      0x3de Src/usb_device.o
 .debug_macro   0x00023c83      0x3c8 Src/usbd_cdc_if.o
 .debug_macro   0x0002404b      0x3ad Src/usbd_conf.o
 .debug_macro   0x000243f8      0x3e1 Src/usbd_desc.o

.debug_line     0x00000000    0x11169
 .debug_line    0x00000000      0x9cc Drivers/STM32F4xx_HAL_Driver/Src/stm32f4xx_hal.o
 .debug_line    0x000009cc      0xa29 Drivers/STM32F4xx_HAL_Driver/Src/stm32f4xx_hal_cortex.o
 .debug_line    0x000013f5      0x9a3 Drivers/STM32F4xx_HAL_Driver/Src/stm32f4xx_hal_gpio.o
 .debug_line    0x00001d98      0xcfd Drivers/STM32F4xx_HAL_Driver/Src/stm32f4xx_hal_pcd.o
 .debug_line    0x00002a95      0x867 Drivers/STM32F4xx_HAL_Driver/Src/stm32f4xx_hal_pcd_ex.o
 .debug_line    0x000032fc      0xb49 Drivers/STM32F4xx_HAL_Driver/Src/stm32f4xx_hal_rcc.o
 .debug_line    0x00003e45      0xe33 Drivers/STM32F4xx_HAL_Driver/Src/stm32f4xx_ll_usb.o
 .debug_line    0x00004c78      0xb34 Middlewares/ST/STM32_USB_Device_Library/Class/CDC/Src/usbd_cdc.o
 .debug_line    0x000057ac      0xb0b Middlewares/ST/STM32_USB_Device_Library/Core/Src/usbd_core.o
 .debug_line    0x000062b7      0xb09 Middlewares/ST/STM32_USB_Device_Library/Core/Src/usbd_ctlreq.o
 .debug_line    0x00006dc0      0x9b8 Middlewares/ST/STM32_USB_Device_Library/Core/Src/usbd_ioreq.o
 .debug_line    0x00007778      0xc97 Middlewares/Third_Party/FreeRTOS/Source/CMSIS_RTOS/cmsis_os.o
 .debug_line    0x0000840f      0x5c8 Middlewares/Third_Party/FreeRTOS/Source/list.o
 .debug_line    0x000089d7      0xb5a Middlewares/Third_Party/FreeRTOS/Source/queue.o
 .debug_line    0x00009531     0x1206 Middlewares/Third_Party/FreeRTOS/Source/tasks.o
 .debug_line    0x0000a737      0x86a Middlewares/Third_Party/FreeRTOS/Source/timers.o
 .debug_line    0x0000afa1      0x65a Middlewares/Third_Party/FreeRTOS/Source/portable/GCC/ARM_CM4F/port.o
 .debug_line    0x0000b5fb      0x683 Middlewares/Third_Party/FreeRTOS/Source/portable/MemMang/heap_4.o
 .debug_line    0x0000bc7e      0x4eb Src/freertos.o
 .debug_line    0x0000c169      0xc02 Src/main.o