#-----------------------------------------------------------
# Vivado v2016.4 (64-bit)
# SW Build 1756540 on Mon Jan 23 19:11:19 MST 2017
# IP Build 1755317 on Mon Jan 23 20:30:07 MST 2017
# Start of session at: Thu Jul  6 15:33:11 2017
# Process ID: 11582
# Current directory: /home/daniele/Sistemi_Embedded/Esercitazione_6/Elaborato6_kernel/workspace_master/zybo_base_system/source/hw/project_gpio_interrupt/project_gpio_interrupt.runs/synth_1
# Command line: vivado -log design_gpio_interrupt_wrapper.vds -product Vivado -mode batch -messageDb vivado.pb -notrace -source design_gpio_interrupt_wrapper.tcl
# Log file: /home/daniele/Sistemi_Embedded/Esercitazione_6/Elaborato6_kernel/workspace_master/zybo_base_system/source/hw/project_gpio_interrupt/project_gpio_interrupt.runs/synth_1/design_gpio_interrupt_wrapper.vds
# Journal file: /home/daniele/Sistemi_Embedded/Esercitazione_6/Elaborato6_kernel/workspace_master/zybo_base_system/source/hw/project_gpio_interrupt/project_gpio_interrupt.runs/synth_1/vivado.jou
#-----------------------------------------------------------
source design_gpio_interrupt_wrapper.tcl -notrace
