17:44:13 **** Build of project gpio_bsp ****
make -k all 
Running Make include in ps7_cortexa9_0/libsrc/coresightps_dcc_v1_2/src
make -C ps7_cortexa9_0/libsrc/coresightps_dcc_v1_2/src -s include  "SHELL=/bin/sh" "COMPILER=arm-none-eabi-gcc" "ARCHIVER=arm-none-eabi-ar" "COMPILER_FLAGS=  -O2 -c" "EXTRA_COMPILER_FLAGS=-mcpu=cortex-a9 -mfpu=vfpv3 -mfloat-abi=hard -nostartfiles"
Running Make include in ps7_cortexa9_0/libsrc/cpu_cortexa9_v2_2/src
make -C ps7_cortexa9_0/libsrc/cpu_cortexa9_v2_2/src -s include  "SHELL=/bin/sh" "COMPILER=arm-none-eabi-gcc" "ARCHIVER=arm-none-eabi-ar" "COMPILER_FLAGS=  -O2 -c" "EXTRA_COMPILER_FLAGS=-mcpu=cortex-a9 -mfpu=vfpv3 -mfloat-abi=hard -nostartfiles"
Running Make include in ps7_cortexa9_0/libsrc/ddrps_v1_0/src
make -C ps7_cortexa9_0/libsrc/ddrps_v1_0/src -s include  "SHELL=/bin/sh" "COMPILER=arm-none-eabi-gcc" "ARCHIVER=arm-none-eabi-ar" "COMPILER_FLAGS=  -O2 -c" "EXTRA_COMPILER_FLAGS=-mcpu=cortex-a9 -mfpu=vfpv3 -mfloat-abi=hard -nostartfiles"
Running Make include in ps7_cortexa9_0/libsrc/devcfg_v3_4/src
make -C ps7_cortexa9_0/libsrc/devcfg_v3_4/src -s include  "SHELL=/bin/sh" "COMPILER=arm-none-eabi-gcc" "ARCHIVER=arm-none-eabi-ar" "COMPILER_FLAGS=  -O2 -c" "EXTRA_COMPILER_FLAGS=-mcpu=cortex-a9 -mfpu=vfpv3 -mfloat-abi=hard -nostartfiles"
Running Make include in ps7_cortexa9_0/libsrc/dmaps_v2_1/src
make -C ps7_cortexa9_0/libsrc/dmaps_v2_1/src -s include  "SHELL=/bin/sh" "COMPILER=arm-none-eabi-gcc" "ARCHIVER=arm-none-eabi-ar" "COMPILER_FLAGS=  -O2 -c" "EXTRA_COMPILER_FLAGS=-mcpu=cortex-a9 -mfpu=vfpv3 -mfloat-abi=hard -nostartfiles"
Running Make include in ps7_cortexa9_0/libsrc/emacps_v3_2/src
make -C ps7_cortexa9_0/libsrc/emacps_v3_2/src -s include  "SHELL=/bin/sh" "COMPILER=arm-none-eabi-gcc" "ARCHIVER=arm-none-eabi-ar" "COMPILER_FLAGS=  -O2 -c" "EXTRA_COMPILER_FLAGS=-mcpu=cortex-a9 -mfpu=vfpv3 -mfloat-abi=hard -nostartfiles"
Running Make include in ps7_cortexa9_0/libsrc/gpiops_v3_1/src
make -C ps7_cortexa9_0/libsrc/gpiops_v3_1/src -s include  "SHELL=/bin/sh" "COMPILER=arm-none-eabi-gcc" "ARCHIVER=arm-none-eabi-ar" "COMPILER_FLAGS=  -O2 -c" "EXTRA_COMPILER_FLAGS=-mcpu=cortex-a9 -mfpu=vfpv3 -mfloat-abi=hard -nostartfiles"
Running Make include in ps7_cortexa9_0/libsrc/my_gpio_v1_0/src
make -C ps7_cortexa9_0/libsrc/my_gpio_v1_0/src -s include  "SHELL=/bin/sh" "COMPILER=arm-none-eabi-gcc" "ARCHIVER=arm-none-eabi-ar" "COMPILER_FLAGS=  -O2 -c" "EXTRA_COMPILER_FLAGS=-mcpu=cortex-a9 -mfpu=vfpv3 -mfloat-abi=hard -nostartfiles"
Running Make include in ps7_cortexa9_0/libsrc/qspips_v3_3/src
make -C ps7_cortexa9_0/libsrc/qspips_v3_3/src -s include  "SHELL=/bin/sh" "COMPILER=arm-none-eabi-gcc" "ARCHIVER=arm-none-eabi-ar" "COMPILER_FLAGS=  -O2 -c" "EXTRA_COMPILER_FLAGS=-mcpu=cortex-a9 -mfpu=vfpv3 -mfloat-abi=hard -nostartfiles"
Running Make include in ps7_cortexa9_0/libsrc/scugic_v3_2/src
make -C ps7_cortexa9_0/libsrc/scugic_v3_2/src -s include  "SHELL=/bin/sh" "COMPILER=arm-none-eabi-gcc" "ARCHIVER=arm-none-eabi-ar" "COMPILER_FLAGS=  -O2 -c" "EXTRA_COMPILER_FLAGS=-mcpu=cortex-a9 -mfpu=vfpv3 -mfloat-abi=hard -nostartfiles"
Running Make include in ps7_cortexa9_0/libsrc/scutimer_v2_1/src
make -C ps7_cortexa9_0/libsrc/scutimer_v2_1/src -s include  "SHELL=/bin/sh" "COMPILER=arm-none-eabi-gcc" "ARCHIVER=arm-none-eabi-ar" "COMPILER_FLAGS=  -O2 -c" "EXTRA_COMPILER_FLAGS=-mcpu=cortex-a9 -mfpu=vfpv3 -mfloat-abi=hard -nostartfiles"
Running Make include in ps7_cortexa9_0/libsrc/scuwdt_v2_1/src
make -C ps7_cortexa9_0/libsrc/scuwdt_v2_1/src -s include  "SHELL=/bin/sh" "COMPILER=arm-none-eabi-gcc" "ARCHIVER=arm-none-eabi-ar" "COMPILER_FLAGS=  -O2 -c" "EXTRA_COMPILER_FLAGS=-mcpu=cortex-a9 -mfpu=vfpv3 -mfloat-abi=hard -nostartfiles"
Running Make include in ps7_cortexa9_0/libsrc/sdps_v2_7/src
make -C ps7_cortexa9_0/libsrc/sdps_v2_7/src -s include  "SHELL=/bin/sh" "COMPILER=arm-none-eabi-gcc" "ARCHIVER=arm-none-eabi-ar" "COMPILER_FLAGS=  -O2 -c" "EXTRA_COMPILER_FLAGS=-mcpu=cortex-a9 -mfpu=vfpv3 -mfloat-abi=hard -nostartfiles"
Running Make include in ps7_cortexa9_0/libsrc/standalone_v5_4/src
make -C ps7_cortexa9_0/libsrc/standalone_v5_4/src -s include  "SHELL=/bin/sh" "COMPILER=arm-none-eabi-gcc" "ARCHIVER=arm-none-eabi-ar" "COMPILER_FLAGS=  -O2 -c" "EXTRA_COMPILER_FLAGS=-mcpu=cortex-a9 -mfpu=vfpv3 -mfloat-abi=hard -nostartfiles"
Running Make include in ps7_cortexa9_0/libsrc/ttcps_v3_1/src
make -C ps7_cortexa9_0/libsrc/ttcps_v3_1/src -s include  "SHELL=/bin/sh" "COMPILER=arm-none-eabi-gcc" "ARCHIVER=arm-none-eabi-ar" "COMPILER_FLAGS=  -O2 -c" "EXTRA_COMPILER_FLAGS=-mcpu=cortex-a9 -mfpu=vfpv3 -mfloat-abi=hard -nostartfiles"
Running Make include in ps7_cortexa9_0/libsrc/uartps_v3_1/src
make -C ps7_cortexa9_0/libsrc/uartps_v3_1/src -s include  "SHELL=/bin/sh" "COMPILER=arm-none-eabi-gcc" "ARCHIVER=arm-none-eabi-ar" "COMPILER_FLAGS=  -O2 -c" "EXTRA_COMPILER_FLAGS=-mcpu=cortex-a9 -mfpu=vfpv3 -mfloat-abi=hard -nostartfiles"
Running Make include in ps7_cortexa9_0/libsrc/usbps_v2_3/src
make -C ps7_cortexa9_0/libsrc/usbps_v2_3/src -s include  "SHELL=/bin/sh" "COMPILER=arm-none-eabi-gcc" "ARCHIVER=arm-none-eabi-ar" "COMPILER_FLAGS=  -O2 -c" "EXTRA_COMPILER_FLAGS=-mcpu=cortex-a9 -mfpu=vfpv3 -mfloat-abi=hard -nostartfiles"
Running Make include in ps7_cortexa9_0/libsrc/xadcps_v2_2/src
make -C ps7_cortexa9_0/libsrc/xadcps_v2_2/src -s include  "SHELL=/bin/sh" "COMPILER=arm-none-eabi-gcc" "ARCHIVER=arm-none-eabi-ar" "COMPILER_FLAGS=  -O2 -c" "EXTRA_COMPILER_FLAGS=-mcpu=cortex-a9 -mfpu=vfpv3 -mfloat-abi=hard -nostartfiles"
Running Make libs in ps7_cortexa9_0/libsrc/coresightps_dcc_v1_2/src
make -C ps7_cortexa9_0/libsrc/coresightps_dcc_v1_2/src -s libs  "SHELL=/bin/sh" "COMPILER=arm-none-eabi-gcc" "ARCHIVER=arm-none-eabi-ar" "COMPILER_FLAGS=  -O2 -c" "EXTRA_COMPILER_FLAGS=-mcpu=cortex-a9 -mfpu=vfpv3 -mfloat-abi=hard -nostartfiles"
Compiling coresightps_dcc
arm-none-eabi-ar: creazione di ../../../lib/libxil.a
Running Make libs in ps7_cortexa9_0/libsrc/cpu_cortexa9_v2_2/src
make -C ps7_cortexa9_0/libsrc/cpu_cortexa9_v2_2/src -s libs  "SHELL=/bin/sh" "COMPILER=arm-none-eabi-gcc" "ARCHIVER=arm-none-eabi-ar" "COMPILER_FLAGS=  -O2 -c" "EXTRA_COMPILER_FLAGS=-mcpu=cortex-a9 -mfpu=vfpv3 -mfloat-abi=hard -nostartfiles"
Compiling cpu_cortexa9
Running Make libs in ps7_cortexa9_0/libsrc/ddrps_v1_0/src
make -C ps7_cortexa9_0/libsrc/ddrps_v1_0/src -s libs  "SHELL=/bin/sh" "COMPILER=arm-none-eabi-gcc" "ARCHIVER=arm-none-eabi-ar" "COMPILER_FLAGS=  -O2 -c" "EXTRA_COMPILER_FLAGS=-mcpu=cortex-a9 -mfpu=vfpv3 -mfloat-abi=hard -nostartfiles"
Compiling ddrps
Running Make libs in ps7_cortexa9_0/libsrc/devcfg_v3_4/src
make -C ps7_cortexa9_0/libsrc/devcfg_v3_4/src -s libs  "SHELL=/bin/sh" "COMPILER=arm-none-eabi-gcc" "ARCHIVER=arm-none-eabi-ar" "COMPILER_FLAGS=  -O2 -c" "EXTRA_COMPILER_FLAGS=-mcpu=cortex-a9 -mfpu=vfpv3 -mfloat-abi=hard -nostartfiles"
Compiling devcfg
Running Make libs in ps7_cortexa9_0/libsrc/dmaps_v2_1/src
make -C ps7_cortexa9_0/libsrc/dmaps_v2_1/src -s libs  "SHELL=/bin/sh" "COMPILER=arm-none-eabi-gcc" "ARCHIVER=arm-none-eabi-ar" "COMPILER_FLAGS=  -O2 -c" "EXTRA_COMPILER_FLAGS=-mcpu=cortex-a9 -mfpu=vfpv3 -mfloat-abi=hard -nostartfiles"
Compiling dmaps
Running Make libs in ps7_cortexa9_0/libsrc/emacps_v3_2/src
make -C ps7_cortexa9_0/libsrc/emacps_v3_2/src -s libs  "SHELL=/bin/sh" "COMPILER=arm-none-eabi-gcc" "ARCHIVER=arm-none-eabi-ar" "COMPILER_FLAGS=  -O2 -c" "EXTRA_COMPILER_FLAGS=-mcpu=cortex-a9 -mfpu=vfpv3 -mfloat-abi=hard -nostartfiles"
Compiling emacps
Running Make libs in ps7_cortexa9_0/libsrc/gpiops_v3_1/src
make -C ps7_cortexa9_0/libsrc/gpiops_v3_1/src -s libs  "SHELL=/bin/sh" "COMPILER=arm-none-eabi-gcc" "ARCHIVER=arm-none-eabi-ar" "COMPILER_FLAGS=  -O2 -c" "EXTRA_COMPILER_FLAGS=-mcpu=cortex-a9 -mfpu=vfpv3 -mfloat-abi=hard -nostartfiles"
Compiling gpiops
Running Make libs in ps7_cortexa9_0/libsrc/my_gpio_v1_0/src
make -C ps7_cortexa9_0/libsrc/my_gpio_v1_0/src -s libs  "SHELL=/bin/sh" "COMPILER=arm-none-eabi-gcc" "ARCHIVER=arm-none-eabi-ar" "COMPILER_FLAGS=  -O2 -c" "EXTRA_COMPILER_FLAGS=-mcpu=cortex-a9 -mfpu=vfpv3 -mfloat-abi=hard -nostartfiles"
Compiling my_gpio...
Running Make libs in ps7_cortexa9_0/libsrc/qspips_v3_3/src
make -C ps7_cortexa9_0/libsrc/qspips_v3_3/src -s libs  "SHELL=/bin/sh" "COMPILER=arm-none-eabi-gcc" "ARCHIVER=arm-none-eabi-ar" "COMPILER_FLAGS=  -O2 -c" "EXTRA_COMPILER_FLAGS=-mcpu=cortex-a9 -mfpu=vfpv3 -mfloat-abi=hard -nostartfiles"
Compiling qspips
Running Make libs in ps7_cortexa9_0/libsrc/scugic_v3_2/src
make -C ps7_cortexa9_0/libsrc/scugic_v3_2/src -s libs  "SHELL=/bin/sh" "COMPILER=arm-none-eabi-gcc" "ARCHIVER=arm-none-eabi-ar" "COMPILER_FLAGS=  -O2 -c" "EXTRA_COMPILER_FLAGS=-mcpu=cortex-a9 -mfpu=vfpv3 -mfloat-abi=hard -nostartfiles"
Compiling scugic
Running Make libs in ps7_cortexa9_0/libsrc/scutimer_v2_1/src
make -C ps7_cortexa9_0/libsrc/scutimer_v2_1/src -s libs  "SHELL=/bin/sh" "COMPILER=arm-none-eabi-gcc" "ARCHIVER=arm-none-eabi-ar" "COMPILER_FLAGS=  -O2 -c" "EXTRA_COMPILER_FLAGS=-mcpu=cortex-a9 -mfpu=vfpv3 -mfloat-abi=hard -nostartfiles"
Compiling scutimer
Running Make libs in ps7_cortexa9_0/libsrc/scuwdt_v2_1/src
make -C ps7_cortexa9_0/libsrc/scuwdt_v2_1/src -s libs  "SHELL=/bin/sh" "COMPILER=arm-none-eabi-gcc" "ARCHIVER=arm-none-eabi-ar" "COMPILER_FLAGS=  -O2 -c" "EXTRA_COMPILER_FLAGS=-mcpu=cortex-a9 -mfpu=vfpv3 -mfloat-abi=hard -nostartfiles"
Compiling scuwdt
Running Make libs in ps7_cortexa9_0/libsrc/sdps_v2_7/src
make -C ps7_cortexa9_0/libsrc/sdps_v2_7/src -s libs  "SHELL=/bin/sh" "COMPILER=arm-none-eabi-gcc" "ARCHIVER=arm-none-eabi-ar" "COMPILER_FLAGS=  -O2 -c" "EXTRA_COMPILER_FLAGS=-mcpu=cortex-a9 -mfpu=vfpv3 -mfloat-abi=hard -nostartfiles"
Compiling sdps
Running Make libs in ps7_cortexa9_0/libsrc/standalone_v5_4/src
make -C ps7_cortexa9_0/libsrc/standalone_v5_4/src -s libs  "SHELL=/bin/sh" "COMPILER=arm-none-eabi-gcc" "ARCHIVER=arm-none-eabi-ar" "COMPILER_FLAGS=  -O2 -c" "EXTRA_COMPILER_FLAGS=-mcpu=cortex-a9 -mfpu=vfpv3 -mfloat-abi=hard -nostartfiles"
Compiling standalone
Running Make libs in ps7_cortexa9_0/libsrc/ttcps_v3_1/src
make -C ps7_cortexa9_0/libsrc/ttcps_v3_1/src -s libs  "SHELL=/bin/sh" "COMPILER=arm-none-eabi-gcc" "ARCHIVER=arm-none-eabi-ar" "COMPILER_FLAGS=  -O2 -c" "EXTRA_COMPILER_FLAGS=-mcpu=cortex-a9 -mfpu=vfpv3 -mfloat-abi=hard -nostartfiles"
Compiling ttcps
Running Make libs in ps7_cortexa9_0/libsrc/uartps_v3_1/src
make -C ps7_cortexa9_0/libsrc/uartps_v3_1/src -s libs  "SHELL=/bin/sh" "COMPILER=arm-none-eabi-gcc" "ARCHIVER=arm-none-eabi-ar" "COMPILER_FLAGS=  -O2 -c" "EXTRA_COMPILER_FLAGS=-mcpu=cortex-a9 -mfpu=vfpv3 -mfloat-abi=hard -nostartfiles"
Compiling uartps
Running Make libs in ps7_cortexa9_0/libsrc/usbps_v2_3/src
make -C ps7_cortexa9_0/libsrc/usbps_v2_3/src -s libs  "SHELL=/bin/sh" "COMPILER=arm-none-eabi-gcc" "ARCHIVER=arm-none-eabi-ar" "COMPILER_FLAGS=  -O2 -c" "EXTRA_COMPILER_FLAGS=-mcpu=cortex-a9 -mfpu=vfpv3 -mfloat-abi=hard -nostartfiles"
Compiling usbps
Running Make libs in ps7_cortexa9_0/libsrc/xadcps_v2_2/src
make -C ps7_cortexa9_0/libsrc/xadcps_v2_2/src -s libs  "SHELL=/bin/sh" "COMPILER=arm-none-eabi-gcc" "ARCHIVER=arm-none-eabi-ar" "COMPILER_FLAGS=  -O2 -c" "EXTRA_COMPILER_FLAGS=-mcpu=cortex-a9 -mfpu=vfpv3 -mfloat-abi=hard -nostartfiles"
Compiling xadcps
Finished building libraries
17:44:20 **** Build of configuration Debug for project gpio ****
make pre-build main-build 
a9-linaro-pre-build-step
 
Building file: ../src/helloworld.c
Invoking: ARM v7 gcc compiler
arm-none-eabi-gcc -Wall -O0 -g3 -c -fmessage-length=0 -MT"src/helloworld.o" -mcpu=cortex-a9 -mfpu=vfpv3 -mfloat-abi=hard -I../../gpio_bsp/ps7_cortexa9_0/include -MMD -MP -MF"src/helloworld.d" -MT"src/helloworld.o" -o "src/helloworld.o" "../src/helloworld.c"
Finished building: ../src/helloworld.c
 
Building file: ../src/platform.c
Invoking: ARM v7 gcc compiler
arm-none-eabi-gcc -Wall -O0 -g3 -c -fmessage-length=0 -MT"src/platform.o" -mcpu=cortex-a9 -mfpu=vfpv3 -mfloat-abi=hard -I../../gpio_bsp/ps7_cortexa9_0/include -MMD -MP -MF"src/platform.d" -MT"src/platform.o" -o "src/platform.o" "../src/platform.c"
Finished building: ../src/platform.c
 
Building target: gpio.elf
Invoking: ARM v7 gcc linker
arm-none-eabi-gcc -mcpu=cortex-a9 -mfpu=vfpv3 -mfloat-abi=hard -Wl,-build-id=none -specs=Xilinx.spec -Wl,-T -Wl,../src/lscript.ld -L../../gpio_bsp/ps7_cortexa9_0/lib -o "gpio.elf"  ./src/helloworld.o ./src/platform.o   -Wl,--start-group,-lxil,-lgcc,-lc,--end-group
Finished building target: gpio.elf
 
Invoking: ARM v7 Print Size
arm-none-eabi-size gpio.elf  |tee "gpio.elf.size"
   text	   data	    bss	    dec	    hex	filename
  22964	   1152	  22580	  46696	   b668	gpio.elf
Finished building: gpio.elf.size
 
17:45:31 **** Incremental Build of configuration Debug for project gpio ****
make pre-build main-build 
a9-linaro-pre-build-step
 
make: Nessuna operazione da eseguire per "main-build".
17:46:35 **** Incremental Build of configuration Debug for project gpio ****
make pre-build main-build 
a9-linaro-pre-build-step
 
make: Nessuna operazione da eseguire per "main-build".
17:48:05 **** Incremental Build of configuration Debug for project gpio ****
make pre-build main-build 
a9-linaro-pre-build-step
 
make: Nessuna operazione da eseguire per "main-build".
17:48:43 **** Incremental Build of configuration Debug for project gpio ****
make pre-build main-build 
a9-linaro-pre-build-step
 
make: Nessuna operazione da eseguire per "main-build".
17:51:06 **** Incremental Build of configuration Debug for project gpio ****
make pre-build main-build 
a9-linaro-pre-build-step
 
make: Nessuna operazione da eseguire per "main-build".
17:52:19 **** Incremental Build of configuration Debug for project gpio ****
make pre-build main-build 
a9-linaro-pre-build-step
 
make: Nessuna operazione da eseguire per "main-build".
10:41:47 **** Auto Build of configuration Debug for project gpio ****
make pre-build main-build 
a9-linaro-pre-build-step
 
make: Nessuna operazione da eseguire per "main-build".
10:52:35 **** Auto Build of configuration Debug for project gpio ****
make pre-build main-build 
a9-linaro-pre-build-step
 
Building file: ../src/gpio_functions.c
Invoking: ARM v7 gcc compiler
arm-none-eabi-gcc -Wall -O0 -g3 -c -fmessage-length=0 -MT"src/gpio_functions.o" -mcpu=cortex-a9 -mfpu=vfpv3 -mfloat-abi=hard -I../../gpio_bsp/ps7_cortexa9_0/include -MMD -MP -MF"src/gpio_functions.d" -MT"src/gpio_functions.o" -o "src/gpio_functions.o" "../src/gpio_functions.c"
Finished building: ../src/gpio_functions.c
 
Building target: gpio.elf
Invoking: ARM v7 gcc linker
arm-none-eabi-gcc -mcpu=cortex-a9 -mfpu=vfpv3 -mfloat-abi=hard -Wl,-build-id=none -specs=Xilinx.spec -Wl,-T -Wl,../src/lscript.ld -L../../gpio_bsp/ps7_cortexa9_0/lib -o "gpio.elf"  ./src/gpio_functions.o ./src/helloworld.o ./src/platform.o   -Wl,--start-group,-lxil,-lgcc,-lc,--end-group
Finished building target: gpio.elf
 
Invoking: ARM v7 Print Size
arm-none-eabi-size gpio.elf  |tee "gpio.elf.size"
   text	   data	    bss	    dec	    hex	filename
  24128	   1152	  22580	  47860	   baf4	gpio.elf
Finished building: gpio.elf.size
 
10:54:26 **** Auto Build of configuration Debug for project gpio ****
make pre-build main-build 
a9-linaro-pre-build-step
 
Building file: ../src/gpio_functions.c
Invoking: ARM v7 gcc compiler
arm-none-eabi-gcc -Wall -O0 -g3 -c -fmessage-length=0 -MT"src/gpio_functions.o" -mcpu=cortex-a9 -mfpu=vfpv3 -mfloat-abi=hard -I../../gpio_bsp/ps7_cortexa9_0/include -MMD -MP -MF"src/gpio_functions.d" -MT"src/gpio_functions.o" -o "src/gpio_functions.o" "../src/gpio_functions.c"
Finished building: ../src/gpio_functions.c
 
Building target: gpio.elf
Invoking: ARM v7 gcc linker
arm-none-eabi-gcc -mcpu=cortex-a9 -mfpu=vfpv3 -mfloat-abi=hard -Wl,-build-id=none -specs=Xilinx.spec -Wl,-T -Wl,../src/lscript.ld -L../../gpio_bsp/ps7_cortexa9_0/lib -o "gpio.elf"  ./src/gpio_functions.o ./src/helloworld.o ./src/platform.o   -Wl,--start-group,-lxil,-lgcc,-lc,--end-group
Finished building target: gpio.elf
 
Invoking: ARM v7 Print Size
arm-none-eabi-size gpio.elf  |tee "gpio.elf.size"
   text	   data	    bss	    dec	    hex	filename
  24128	   1152	  22580	  47860	   baf4	gpio.elf
Finished building: gpio.elf.size
 
11:05:00 **** Auto Build of configuration Debug for project gpio ****
make pre-build main-build 
a9-linaro-pre-build-step
 
Building file: ../src/gpio_functions.c
Invoking: ARM v7 gcc compiler
arm-none-eabi-gcc -Wall -O0 -g3 -c -fmessage-length=0 -MT"src/gpio_functions.o" -mcpu=cortex-a9 -mfpu=vfpv3 -mfloat-abi=hard -I../../gpio_bsp/ps7_cortexa9_0/include -MMD -MP -MF"src/gpio_functions.d" -MT"src/gpio_functions.o" -o "src/gpio_functions.o" "../src/gpio_functions.c"
Finished building: ../src/gpio_functions.c
 
Building target: gpio.elf
Invoking: ARM v7 gcc linker
arm-none-eabi-gcc -mcpu=cortex-a9 -mfpu=vfpv3 -mfloat-abi=hard -Wl,-build-id=none -specs=Xilinx.spec -Wl,-T -Wl,../src/lscript.ld -L../../gpio_bsp/ps7_cortexa9_0/lib -o "gpio.elf"  ./src/gpio_functions.o ./src/helloworld.o ./src/platform.o   -Wl,--start-group,-lxil,-lgcc,-lc,--end-group
Finished building target: gpio.elf
 
Invoking: ARM v7 Print Size
arm-none-eabi-size gpio.elf  |tee "gpio.elf.size"
   text	   data	    bss	    dec	    hex	filename
  24128	   1152	  22580	  47860	   baf4	gpio.elf
Finished building: gpio.elf.size
 
11:12:23 **** Auto Build of configuration Debug for project gpio ****
make pre-build main-build 
a9-linaro-pre-build-step
 
Building file: ../src/gpio_functions.c
Invoking: ARM v7 gcc compiler
arm-none-eabi-gcc -Wall -O0 -g3 -c -fmessage-length=0 -MT"src/gpio_functions.o" -mcpu=cortex-a9 -mfpu=vfpv3 -mfloat-abi=hard -I../../gpio_bsp/ps7_cortexa9_0/include -MMD -MP -MF"src/gpio_functions.d" -MT"src/gpio_functions.o" -o "src/gpio_functions.o" "../src/gpio_functions.c"
Finished building: ../src/gpio_functions.c
 
Building target: gpio.elf
Invoking: ARM v7 gcc linker
arm-none-eabi-gcc -mcpu=cortex-a9 -mfpu=vfpv3 -mfloat-abi=hard -Wl,-build-id=none -specs=Xilinx.spec -Wl,-T -Wl,../src/lscript.ld -L../../gpio_bsp/ps7_cortexa9_0/lib -o "gpio.elf"  ./src/gpio_functions.o ./src/helloworld.o ./src/platform.o   -Wl,--start-group,-lxil,-lgcc,-lc,--end-group
Finished building target: gpio.elf
 
Invoking: ARM v7 Print Size
arm-none-eabi-size gpio.elf  |tee "gpio.elf.size"
   text	   data	    bss	    dec	    hex	filename
  24128	   1152	  22580	  47860	   baf4	gpio.elf
Finished building: gpio.elf.size
 
11:15:09 **** Auto Build of configuration Debug for project gpio ****
make pre-build main-build 
a9-linaro-pre-build-step
 
Building file: ../src/gpio_functions.c
Invoking: ARM v7 gcc compiler
arm-none-eabi-gcc -Wall -O0 -g3 -c -fmessage-length=0 -MT"src/gpio_functions.o" -mcpu=cortex-a9 -mfpu=vfpv3 -mfloat-abi=hard -I../../gpio_bsp/ps7_cortexa9_0/include -MMD -MP -MF"src/gpio_functions.d" -MT"src/gpio_functions.o" -o "src/gpio_functions.o" "../src/gpio_functions.c"
Finished building: ../src/gpio_functions.c
 
Building target: gpio.elf
Invoking: ARM v7 gcc linker
arm-none-eabi-gcc -mcpu=cortex-a9 -mfpu=vfpv3 -mfloat-abi=hard -Wl,-build-id=none -specs=Xilinx.spec -Wl,-T -Wl,../src/lscript.ld -L../../gpio_bsp/ps7_cortexa9_0/lib -o "gpio.elf"  ./src/gpio_functions.o ./src/helloworld.o ./src/platform.o   -Wl,--start-group,-lxil,-lgcc,-lc,--end-group
Finished building target: gpio.elf
 
Invoking: ARM v7 Print Size
arm-none-eabi-size gpio.elf  |tee "gpio.elf.size"
   text	   data	    bss	    dec	    hex	filename
  24128	   1152	  22580	  47860	   baf4	gpio.elf
Finished building: gpio.elf.size
 
11:48:34 **** Auto Build of configuration Debug for project gpio ****
make pre-build main-build 
a9-linaro-pre-build-step
 
Building file: ../src/gpio_functions.c
Invoking: ARM v7 gcc compiler
arm-none-eabi-gcc -Wall -O0 -g3 -c -fmessage-length=0 -MT"src/gpio_functions.o" -mcpu=cortex-a9 -mfpu=vfpv3 -mfloat-abi=hard -I../../gpio_bsp/ps7_cortexa9_0/include -MMD -MP -MF"src/gpio_functions.d" -MT"src/gpio_functions.o" -o "src/gpio_functions.o" "../src/gpio_functions.c"
../src/gpio_functions.c:32:6: error: conflicting types for ‘gpio_enable_mask’
 void gpio_enable_mask(uint8_t set, uint32_t mask, uint8_t value){
      ^
In file included from ../src/gpio_functions.c:7:0:
../src/gpio_header.h:44:6: note: previous declaration of ‘gpio_enable_mask’ was here
 void gpio_enable_mask(uint32_t mask, uint8_t value); //ok
      ^
../src/gpio_functions.c:38:6: error: conflicting types for ‘gpio_enable_one’
 void gpio_enable_one(uint8_t set, uint8_t position, uint8_t value){
      ^
In file included from ../src/gpio_functions.c:7:0:
../src/gpio_header.h:45:6: note: previous declaration of ‘gpio_enable_one’ was here
 void gpio_enable_one(uint8_t position, uint8_t value); //ok
      ^
../src/gpio_functions.c:46:6: error: conflicting types for ‘gpio_pad_out_mask’
 void gpio_pad_out_mask(uint8_t set, uint32_t mask, uint8_t value){
      ^
In file included from ../src/gpio_functions.c:7:0:
../src/gpio_header.h:46:6: note: previous declaration of ‘gpio_pad_out_mask’ was here
 void gpio_pad_out_mask(uint32_t mask, uint8_t value); //ok
      ^
../src/gpio_functions.c:52:6: error: conflicting types for ‘gpio_pad_out_one’
 void gpio_pad_out_one(uint8_t set, uint8_t position, uint8_t value){
      ^
In file included from ../src/gpio_functions.c:7:0:
../src/gpio_header.h:47:6: note: previous declaration of ‘gpio_pad_out_one’ was here
 void gpio_pad_out_one( uint8_t position, uint8_t value); //ok
      ^
../src/gpio_functions.c:56:10: error: conflicting types for ‘gpio_pad_in_mask’
 uint32_t gpio_pad_in_mask(uint8_t set, uint32_t mask){
          ^
In file included from ../src/gpio_functions.c:7:0:
../src/gpio_header.h:48:10: note: previous declaration of ‘gpio_pad_in_mask’ was here
 uint32_t gpio_pad_in_mask(uint32_t mask);
          ^
../src/gpio_functions.c:63:10: error: conflicting types for ‘gpio_pad_in_one’
 uint32_t gpio_pad_in_one(uint8_t set, uint8_t position){
          ^
In file included from ../src/gpio_functions.c:7:0:
../src/gpio_header.h:49:10: note: previous declaration of ‘gpio_pad_in_one’ was here
 uint32_t gpio_pad_in_one(uint8_t position);
          ^
../src/gpio_functions.c:67:6: error: conflicting types for ‘gpio_toggle_one’
 void gpio_toggle_one(uint8_t set,uint8_t position){
      ^
In file included from ../src/gpio_functions.c:7:0:
../src/gpio_header.h:50:6: note: previous declaration of ‘gpio_toggle_one’ was here
 void gpio_toggle_one(uint8_t position);
      ^
../src/gpio_functions.c:71:6: error: conflicting types for ‘gpio_toggle_mask’
 void gpio_toggle_mask(uint8_t set,uint32_t mask){
      ^
In file included from ../src/gpio_functions.c:7:0:
../src/gpio_header.h:51:6: note: previous declaration of ‘gpio_toggle_mask’ was here
 void gpio_toggle_mask(uint32_t mask);
      ^
make: *** [src/gpio_functions.o] Errore 1
11:56:04 **** Auto Build of configuration Debug for project gpio ****
make pre-build main-build 
a9-linaro-pre-build-step
 
Building file: ../src/gpio_functions.c
Invoking: ARM v7 gcc compiler
arm-none-eabi-gcc -Wall -O0 -g3 -c -fmessage-length=0 -MT"src/gpio_functions.o" -mcpu=cortex-a9 -mfpu=vfpv3 -mfloat-abi=hard -I../../gpio_bsp/ps7_cortexa9_0/include -MMD -MP -MF"src/gpio_functions.d" -MT"src/gpio_functions.o" -o "src/gpio_functions.o" "../src/gpio_functions.c"
../src/gpio_functions.c: In function ‘gpio_enable_mask’:
../src/gpio_functions.c:33:19: error: ‘set’ undeclared (first use in this function)
  if(((0x0000000F<<set) & mask)==mask){
                   ^
../src/gpio_functions.c:33:19: note: each undeclared identifier is reported only once for each function it appears in
../src/gpio_functions.c: In function ‘gpio_enable_one’:
../src/gpio_functions.c:39:19: error: ‘set’ undeclared (first use in this function)
  gpio_enable_mask(set,0x1<<position,value);
                   ^
../src/gpio_functions.c:39:2: error: too many arguments to function ‘gpio_enable_mask’
  gpio_enable_mask(set,0x1<<position,value);
  ^
../src/gpio_functions.c:32:6: note: declared here
 void gpio_enable_mask(uint32_t mask, uint8_t value){
      ^
../src/gpio_functions.c: In function ‘gpio_pad_out_mask’:
../src/gpio_functions.c:47:19: error: ‘set’ undeclared (first use in this function)
  if(((0x0000000F<<set)&mask)==mask){
                   ^
../src/gpio_functions.c: In function ‘gpio_pad_out_one’:
../src/gpio_functions.c:53:20: error: ‘set’ undeclared (first use in this function)
  gpio_pad_out_mask(set,0x1<<position,value);
                    ^
../src/gpio_functions.c:53:2: error: too many arguments to function ‘gpio_pad_out_mask’
  gpio_pad_out_mask(set,0x1<<position,value);
  ^
../src/gpio_functions.c:46:6: note: declared here
 void gpio_pad_out_mask(uint32_t mask, uint8_t value){
      ^
../src/gpio_functions.c: In function ‘gpio_pad_in_mask’:
../src/gpio_functions.c:57:19: error: ‘set’ undeclared (first use in this function)
  if(((0x0000000F<<set) & mask) == mask){
                   ^
../src/gpio_functions.c: In function ‘gpio_pad_in_one’:
../src/gpio_functions.c:64:26: error: ‘set’ undeclared (first use in this function)
  return gpio_pad_in_mask(set,0x1<<position) == (0x1<<position);
                          ^
../src/gpio_functions.c:64:9: error: too many arguments to function ‘gpio_pad_in_mask’
  return gpio_pad_in_mask(set,0x1<<position) == (0x1<<position);
         ^
../src/gpio_functions.c:56:10: note: declared here
 uint32_t gpio_pad_in_mask(uint32_t mask){
          ^
../src/gpio_functions.c: In function ‘gpio_toggle_one’:
../src/gpio_functions.c:68:18: error: ‘set’ undeclared (first use in this function)
  gpio_pad_in_one(set,position) == HIGH ? gpio_pad_out_one(set,position,LOW) : gpio_pad_out_one(set,position,HIGH);
                  ^
../src/gpio_functions.c:68:2: error: too many arguments to function ‘gpio_pad_in_one’
  gpio_pad_in_one(set,position) == HIGH ? gpio_pad_out_one(set,position,LOW) : gpio_pad_out_one(set,position,HIGH);
  ^
../src/gpio_functions.c:63:10: note: declared here
 uint32_t gpio_pad_in_one(uint8_t position){
          ^
../src/gpio_functions.c:68:42: error: too many arguments to function ‘gpio_pad_out_one’
  gpio_pad_in_one(set,position) == HIGH ? gpio_pad_out_one(set,position,LOW) : gpio_pad_out_one(set,position,HIGH);
                                          ^
../src/gpio_functions.c:52:6: note: declared here
 void gpio_pad_out_one(uint8_t position, uint8_t value){
      ^
../src/gpio_functions.c:68:79: error: too many arguments to function ‘gpio_pad_out_one’
  gpio_pad_in_one(set,position) == HIGH ? gpio_pad_out_one(set,position,LOW) : gpio_pad_out_one(set,position,HIGH);
                                                                               ^
../src/gpio_functions.c:52:6: note: declared here
 void gpio_pad_out_one(uint8_t position, uint8_t value){
      ^
make: *** [src/gpio_functions.o] Errore 1
12:08:34 **** Auto Build of configuration Debug for project gpio ****
make pre-build main-build 
a9-linaro-pre-build-step
 
Building file: ../src/gpio_functions.c
Invoking: ARM v7 gcc compiler
arm-none-eabi-gcc -Wall -O0 -g3 -c -fmessage-length=0 -MT"src/gpio_functions.o" -mcpu=cortex-a9 -mfpu=vfpv3 -mfloat-abi=hard -I../../gpio_bsp/ps7_cortexa9_0/include -MMD -MP -MF"src/gpio_functions.d" -MT"src/gpio_functions.o" -o "src/gpio_functions.o" "../src/gpio_functions.c"
../src/gpio_functions.c: In function ‘gpio_enable_mask’:
../src/gpio_functions.c:33:19: error: ‘set’ undeclared (first use in this function)
  if(((0x0000000F<<set) & mask)==mask){
                   ^
../src/gpio_functions.c:33:19: note: each undeclared identifier is reported only once for each function it appears in
../src/gpio_functions.c: In function ‘gpio_enable_one’:
../src/gpio_functions.c:39:19: error: ‘set’ undeclared (first use in this function)
  gpio_enable_mask(set,0x1<<position,value);
                   ^
../src/gpio_functions.c:39:2: error: too many arguments to function ‘gpio_enable_mask’
  gpio_enable_mask(set,0x1<<position,value);
  ^
../src/gpio_functions.c:32:6: note: declared here
 void gpio_enable_mask(uint32_t mask, uint8_t value){
      ^
../src/gpio_functions.c: In function ‘gpio_pad_out_one’:
../src/gpio_functions.c:53:20: error: ‘set’ undeclared (first use in this function)
  gpio_pad_out_mask(set,0x1<<position,value);
                    ^
../src/gpio_functions.c:53:2: error: too many arguments to function ‘gpio_pad_out_mask’
  gpio_pad_out_mask(set,0x1<<position,value);
  ^
../src/gpio_functions.c:46:6: note: declared here
 void gpio_pad_out_mask(uint32_t mask, uint8_t value){
      ^
../src/gpio_functions.c: In function ‘gpio_pad_in_mask’:
../src/gpio_functions.c:57:19: error: ‘set’ undeclared (first use in this function)
  if(((0x0000000F<<set) & mask) == mask){
                   ^
../src/gpio_functions.c: In function ‘gpio_pad_in_one’:
../src/gpio_functions.c:64:26: error: ‘set’ undeclared (first use in this function)
  return gpio_pad_in_mask(set,0x1<<position) == (0x1<<position);
                          ^
../src/gpio_functions.c:64:9: error: too many arguments to function ‘gpio_pad_in_mask’
  return gpio_pad_in_mask(set,0x1<<position) == (0x1<<position);
         ^
../src/gpio_functions.c:56:10: note: declared here
 uint32_t gpio_pad_in_mask(uint32_t mask){
          ^
../src/gpio_functions.c: In function ‘gpio_toggle_one’:
../src/gpio_functions.c:68:18: error: ‘set’ undeclared (first use in this function)
  gpio_pad_in_one(set,position) == HIGH ? gpio_pad_out_one(set,position,LOW) : gpio_pad_out_one(set,position,HIGH);
                  ^
../src/gpio_functions.c:68:2: error: too many arguments to function ‘gpio_pad_in_one’
  gpio_pad_in_one(set,position) == HIGH ? gpio_pad_out_one(set,position,LOW) : gpio_pad_out_one(set,position,HIGH);
  ^
../src/gpio_functions.c:63:10: note: declared here
 uint32_t gpio_pad_in_one(uint8_t position){
          ^
../src/gpio_functions.c:68:42: error: too many arguments to function ‘gpio_pad_out_one’
  gpio_pad_in_one(set,position) == HIGH ? gpio_pad_out_one(set,position,LOW) : gpio_pad_out_one(set,position,HIGH);
                                          ^
../src/gpio_functions.c:52:6: note: declared here
 void gpio_pad_out_one(uint8_t position, uint8_t value){
      ^
../src/gpio_functions.c:68:79: error: too many arguments to function ‘gpio_pad_out_one’
  gpio_pad_in_one(set,position) == HIGH ? gpio_pad_out_one(set,position,LOW) : gpio_pad_out_one(set,position,HIGH);
                                                                               ^
../src/gpio_functions.c:52:6: note: declared here
 void gpio_pad_out_one(uint8_t position, uint8_t value){
      ^
make: *** [src/gpio_functions.o] Errore 1
12:08:55 **** Auto Build of configuration Debug for project gpio ****
make pre-build main-build 
a9-linaro-pre-build-step
 
Building file: ../src/gpio_functions.c
Invoking: ARM v7 gcc compiler
arm-none-eabi-gcc -Wall -O0 -g3 -c -fmessage-length=0 -MT"src/gpio_functions.o" -mcpu=cortex-a9 -mfpu=vfpv3 -mfloat-abi=hard -I../../gpio_bsp/ps7_cortexa9_0/include -MMD -MP -MF"src/gpio_functions.d" -MT"src/gpio_functions.o" -o "src/gpio_functions.o" "../src/gpio_functions.c"
../src/gpio_functions.c: In function ‘gpio_enable_mask’:
../src/gpio_functions.c:33:19: error: ‘set’ undeclared (first use in this function)
  if(((0x0000000F<<set) & mask)==mask){
                   ^
../src/gpio_functions.c:33:19: note: each undeclared identifier is reported only once for each function it appears in
../src/gpio_functions.c: In function ‘gpio_enable_one’:
../src/gpio_functions.c:39:19: error: ‘set’ undeclared (first use in this function)
  gpio_enable_mask(set,0x1<<position,value);
                   ^
../src/gpio_functions.c:39:2: error: too many arguments to function ‘gpio_enable_mask’
  gpio_enable_mask(set,0x1<<position,value);
  ^
../src/gpio_functions.c:32:6: note: declared here
 void gpio_enable_mask(uint32_t mask, uint8_t value){
      ^
../src/gpio_functions.c: In function ‘gpio_pad_in_mask’:
../src/gpio_functions.c:57:34: error: expected ‘)’ before ‘{’ token
  if(((0x0000000F & mask) == mask){
                                  ^
../src/gpio_functions.c:61:1: error: expected expression before ‘}’ token
 }
 ^
../src/gpio_functions.c: In function ‘gpio_pad_in_one’:
../src/gpio_functions.c:64:26: error: ‘set’ undeclared (first use in this function)
  return gpio_pad_in_mask(set,0x1<<position) == (0x1<<position);
                          ^
../src/gpio_functions.c:64:9: error: too many arguments to function ‘gpio_pad_in_mask’
  return gpio_pad_in_mask(set,0x1<<position) == (0x1<<position);
         ^
../src/gpio_functions.c:56:10: note: declared here
 uint32_t gpio_pad_in_mask(uint32_t mask){
          ^
../src/gpio_functions.c: In function ‘gpio_toggle_one’:
../src/gpio_functions.c:68:18: error: ‘set’ undeclared (first use in this function)
  gpio_pad_in_one(set,position) == HIGH ? gpio_pad_out_one(set,position,LOW) : gpio_pad_out_one(set,position,HIGH);
                  ^
../src/gpio_functions.c:68:2: error: too many arguments to function ‘gpio_pad_in_one’
  gpio_pad_in_one(set,position) == HIGH ? gpio_pad_out_one(set,position,LOW) : gpio_pad_out_one(set,position,HIGH);
  ^
../src/gpio_functions.c:63:10: note: declared here
 uint32_t gpio_pad_in_one(uint8_t position){
          ^
../src/gpio_functions.c:68:42: error: too many arguments to function ‘gpio_pad_out_one’
  gpio_pad_in_one(set,position) == HIGH ? gpio_pad_out_one(set,position,LOW) : gpio_pad_out_one(set,position,HIGH);
                                          ^
../src/gpio_functions.c:52:6: note: declared here
 void gpio_pad_out_one(uint8_t position, uint8_t value){
      ^
../src/gpio_functions.c:68:79: error: too many arguments to function ‘gpio_pad_out_one’
  gpio_pad_in_one(set,position) == HIGH ? gpio_pad_out_one(set,position,LOW) : gpio_pad_out_one(set,position,HIGH);
                                                                               ^
../src/gpio_functions.c:52:6: note: declared here
 void gpio_pad_out_one(uint8_t position, uint8_t value){
      ^
../src/gpio_functions.c: In function ‘gpio_pad_in_mask’:
../src/gpio_functions.c:61:1: warning: control reaches end of non-void function [-Wreturn-type]
 }
 ^
make: *** [src/gpio_functions.o] Errore 1
12:09:04 **** Auto Build of configuration Debug for project gpio ****
make pre-build main-build 
a9-linaro-pre-build-step
 
Building file: ../src/gpio_functions.c
Invoking: ARM v7 gcc compiler
arm-none-eabi-gcc -Wall -O0 -g3 -c -fmessage-length=0 -MT"src/gpio_functions.o" -mcpu=cortex-a9 -mfpu=vfpv3 -mfloat-abi=hard -I../../gpio_bsp/ps7_cortexa9_0/include -MMD -MP -MF"src/gpio_functions.d" -MT"src/gpio_functions.o" -o "src/gpio_functions.o" "../src/gpio_functions.c"
../src/gpio_functions.c: In function ‘gpio_enable_mask’:
../src/gpio_functions.c:33:19: error: ‘set’ undeclared (first use in this function)
  if(((0x0000000F<<set) & mask)==mask){
                   ^
../src/gpio_functions.c:33:19: note: each undeclared identifier is reported only once for each function it appears in
../src/gpio_functions.c: In function ‘gpio_enable_one’:
../src/gpio_functions.c:39:19: error: ‘set’ undeclared (first use in this function)
  gpio_enable_mask(set,0x1<<position,value);
                   ^
../src/gpio_functions.c:39:2: error: too many arguments to function ‘gpio_enable_mask’
  gpio_enable_mask(set,0x1<<position,value);
  ^
../src/gpio_functions.c:32:6: note: declared here
 void gpio_enable_mask(uint32_t mask, uint8_t value){
      ^
../src/gpio_functions.c: In function ‘gpio_pad_in_one’:
../src/gpio_functions.c:64:26: error: ‘set’ undeclared (first use in this function)
  return gpio_pad_in_mask(set,0x1<<position) == (0x1<<position);
                          ^
../src/gpio_functions.c:64:9: error: too many arguments to function ‘gpio_pad_in_mask’
  return gpio_pad_in_mask(set,0x1<<position) == (0x1<<position);
         ^
../src/gpio_functions.c:56:10: note: declared here
 uint32_t gpio_pad_in_mask(uint32_t mask){
          ^
../src/gpio_functions.c: In function ‘gpio_toggle_one’:
../src/gpio_functions.c:68:18: error: ‘set’ undeclared (first use in this function)
  gpio_pad_in_one(set,position) == HIGH ? gpio_pad_out_one(set,position,LOW) : gpio_pad_out_one(set,position,HIGH);
                  ^
../src/gpio_functions.c:68:2: error: too many arguments to function ‘gpio_pad_in_one’
  gpio_pad_in_one(set,position) == HIGH ? gpio_pad_out_one(set,position,LOW) : gpio_pad_out_one(set,position,HIGH);
  ^
../src/gpio_functions.c:63:10: note: declared here
 uint32_t gpio_pad_in_one(uint8_t position){
          ^
../src/gpio_functions.c:68:42: error: too many arguments to function ‘gpio_pad_out_one’
  gpio_pad_in_one(set,position) == HIGH ? gpio_pad_out_one(set,position,LOW) : gpio_pad_out_one(set,position,HIGH);
                                          ^
../src/gpio_functions.c:52:6: note: declared here
 void gpio_pad_out_one(uint8_t position, uint8_t value){
      ^
../src/gpio_functions.c:68:79: error: too many arguments to function ‘gpio_pad_out_one’
  gpio_pad_in_one(set,position) == HIGH ? gpio_pad_out_one(set,position,LOW) : gpio_pad_out_one(set,position,HIGH);
                                                                               ^
../src/gpio_functions.c:52:6: note: declared here
 void gpio_pad_out_one(uint8_t position, uint8_t value){
      ^
make: *** [src/gpio_functions.o] Errore 1
12:09:29 **** Auto Build of configuration Debug for project gpio ****
make pre-build main-build 
a9-linaro-pre-build-step
 
Building file: ../src/gpio_functions.c
Invoking: ARM v7 gcc compiler
arm-none-eabi-gcc -Wall -O0 -g3 -c -fmessage-length=0 -MT"src/gpio_functions.o" -mcpu=cortex-a9 -mfpu=vfpv3 -mfloat-abi=hard -I../../gpio_bsp/ps7_cortexa9_0/include -MMD -MP -MF"src/gpio_functions.d" -MT"src/gpio_functions.o" -o "src/gpio_functions.o" "../src/gpio_functions.c"
../src/gpio_functions.c: In function ‘gpio_pad_in_one’:
../src/gpio_functions.c:64:26: error: ‘set’ undeclared (first use in this function)
  return gpio_pad_in_mask(set,0x1<<position) == (0x1<<position);
                          ^
../src/gpio_functions.c:64:26: note: each undeclared identifier is reported only once for each function it appears in
../src/gpio_functions.c:64:9: error: too many arguments to function ‘gpio_pad_in_mask’
  return gpio_pad_in_mask(set,0x1<<position) == (0x1<<position);
         ^
../src/gpio_functions.c:56:10: note: declared here
 uint32_t gpio_pad_in_mask(uint32_t mask){
          ^
../src/gpio_functions.c: In function ‘gpio_toggle_one’:
../src/gpio_functions.c:68:18: error: ‘set’ undeclared (first use in this function)
  gpio_pad_in_one(set,position) == HIGH ? gpio_pad_out_one(set,position,LOW) : gpio_pad_out_one(set,position,HIGH);
                  ^
../src/gpio_functions.c:68:2: error: too many arguments to function ‘gpio_pad_in_one’
  gpio_pad_in_one(set,position) == HIGH ? gpio_pad_out_one(set,position,LOW) : gpio_pad_out_one(set,position,HIGH);
  ^
../src/gpio_functions.c:63:10: note: declared here
 uint32_t gpio_pad_in_one(uint8_t position){
          ^
../src/gpio_functions.c:68:42: error: too many arguments to function ‘gpio_pad_out_one’
  gpio_pad_in_one(set,position) == HIGH ? gpio_pad_out_one(set,position,LOW) : gpio_pad_out_one(set,position,HIGH);
                                          ^
../src/gpio_functions.c:52:6: note: declared here
 void gpio_pad_out_one(uint8_t position, uint8_t value){
      ^
../src/gpio_functions.c:68:79: error: too many arguments to function ‘gpio_pad_out_one’
  gpio_pad_in_one(set,position) == HIGH ? gpio_pad_out_one(set,position,LOW) : gpio_pad_out_one(set,position,HIGH);
                                                                               ^
../src/gpio_functions.c:52:6: note: declared here
 void gpio_pad_out_one(uint8_t position, uint8_t value){
      ^
make: *** [src/gpio_functions.o] Errore 1
12:09:51 **** Auto Build of configuration Debug for project gpio ****
make pre-build main-build 
a9-linaro-pre-build-step
 
Building file: ../src/gpio_functions.c
Invoking: ARM v7 gcc compiler
arm-none-eabi-gcc -Wall -O0 -g3 -c -fmessage-length=0 -MT"src/gpio_functions.o" -mcpu=cortex-a9 -mfpu=vfpv3 -mfloat-abi=hard -I../../gpio_bsp/ps7_cortexa9_0/include -MMD -MP -MF"src/gpio_functions.d" -MT"src/gpio_functions.o" -o "src/gpio_functions.o" "../src/gpio_functions.c"
../src/gpio_functions.c: In function ‘gpio_toggle_one’:
../src/gpio_functions.c:68:55: error: ‘set’ undeclared (first use in this function)
  gpio_pad_in_one(position) == HIGH ? gpio_pad_out_one(set,position,LOW) : gpio_pad_out_one(set,position,HIGH);
                                                       ^
../src/gpio_functions.c:68:55: note: each undeclared identifier is reported only once for each function it appears in
../src/gpio_functions.c:68:38: error: too many arguments to function ‘gpio_pad_out_one’
  gpio_pad_in_one(position) == HIGH ? gpio_pad_out_one(set,position,LOW) : gpio_pad_out_one(set,position,HIGH);
                                      ^
../src/gpio_functions.c:52:6: note: declared here
 void gpio_pad_out_one(uint8_t position, uint8_t value){
      ^
../src/gpio_functions.c:68:75: error: too many arguments to function ‘gpio_pad_out_one’
  gpio_pad_in_one(position) == HIGH ? gpio_pad_out_one(set,position,LOW) : gpio_pad_out_one(set,position,HIGH);
                                                                           ^
../src/gpio_functions.c:52:6: note: declared here
 void gpio_pad_out_one(uint8_t position, uint8_t value){
      ^
make: *** [src/gpio_functions.o] Errore 1
12:10:11 **** Auto Build of configuration Debug for project gpio ****
make pre-build main-build 
a9-linaro-pre-build-step
 
Building file: ../src/gpio_functions.c
Invoking: ARM v7 gcc compiler
arm-none-eabi-gcc -Wall -O0 -g3 -c -fmessage-length=0 -MT"src/gpio_functions.o" -mcpu=cortex-a9 -mfpu=vfpv3 -mfloat-abi=hard -I../../gpio_bsp/ps7_cortexa9_0/include -MMD -MP -MF"src/gpio_functions.d" -MT"src/gpio_functions.o" -o "src/gpio_functions.o" "../src/gpio_functions.c"
../src/gpio_functions.c: In function ‘gpio_toggle_one’:
../src/gpio_functions.c:68:55: error: ‘set’ undeclared (first use in this function)
  gpio_pad_in_one(position) == HIGH ? gpio_pad_out_one(set,position,LOW) : gpio_pad_out_one(set,position,HIGH);
                                                       ^
../src/gpio_functions.c:68:55: note: each undeclared identifier is reported only once for each function it appears in
../src/gpio_functions.c:68:38: error: too many arguments to function ‘gpio_pad_out_one’
  gpio_pad_in_one(position) == HIGH ? gpio_pad_out_one(set,position,LOW) : gpio_pad_out_one(set,position,HIGH);
                                      ^
../src/gpio_functions.c:52:6: note: declared here
 void gpio_pad_out_one(uint8_t position, uint8_t value){
      ^
../src/gpio_functions.c:68:75: error: too many arguments to function ‘gpio_pad_out_one’
  gpio_pad_in_one(position) == HIGH ? gpio_pad_out_one(set,position,LOW) : gpio_pad_out_one(set,position,HIGH);
                                                                           ^
../src/gpio_functions.c:52:6: note: declared here
 void gpio_pad_out_one(uint8_t position, uint8_t value){
      ^
make: *** [src/gpio_functions.o] Errore 1
12:10:23 **** Auto Build of configuration Debug for project gpio ****
make pre-build main-build 
a9-linaro-pre-build-step
 
Building file: ../src/gpio_functions.c
Invoking: ARM v7 gcc compiler
arm-none-eabi-gcc -Wall -O0 -g3 -c -fmessage-length=0 -MT"src/gpio_functions.o" -mcpu=cortex-a9 -mfpu=vfpv3 -mfloat-abi=hard -I../../gpio_bsp/ps7_cortexa9_0/include -MMD -MP -MF"src/gpio_functions.d" -MT"src/gpio_functions.o" -o "src/gpio_functions.o" "../src/gpio_functions.c"
Finished building: ../src/gpio_functions.c
 
Building target: gpio.elf
Invoking: ARM v7 gcc linker
arm-none-eabi-gcc -mcpu=cortex-a9 -mfpu=vfpv3 -mfloat-abi=hard -Wl,-build-id=none -specs=Xilinx.spec -Wl,-T -Wl,../src/lscript.ld -L../../gpio_bsp/ps7_cortexa9_0/lib -o "gpio.elf"  ./src/gpio_functions.o ./src/helloworld.o ./src/platform.o   -Wl,--start-group,-lxil,-lgcc,-lc,--end-group
Finished building target: gpio.elf
 
Invoking: ARM v7 Print Size
arm-none-eabi-size gpio.elf  |tee "gpio.elf.size"
   text	   data	    bss	    dec	    hex	filename
  23760	   1152	  22580	  47492	   b984	gpio.elf
Finished building: gpio.elf.size
 
12:32:50 **** Auto Build of configuration Debug for project gpio ****
make pre-build main-build 
a9-linaro-pre-build-step
 
Building file: ../src/gpio_functions.c
Invoking: ARM v7 gcc compiler
arm-none-eabi-gcc -Wall -O0 -g3 -c -fmessage-length=0 -MT"src/gpio_functions.o" -mcpu=cortex-a9 -mfpu=vfpv3 -mfloat-abi=hard -I../../gpio_bsp/ps7_cortexa9_0/include -MMD -MP -MF"src/gpio_functions.d" -MT"src/gpio_functions.o" -o "src/gpio_functions.o" "../src/gpio_functions.c"
../src/gpio_functions.c: In function ‘gpio_init’:
../src/gpio_functions.c:15:32: error: ‘INIT_CONFIG_RWN’ undeclared (first use in this function)
  *(my_gpio_pointer+PAD_RW_N/4)=INIT_CONFIG_RWN;
                                ^
../src/gpio_functions.c:15:32: note: each undeclared identifier is reported only once for each function it appears in
make: *** [src/gpio_functions.o] Errore 1
12:34:48 **** Auto Build of configuration Debug for project gpio ****
make pre-build main-build 
a9-linaro-pre-build-step
 
Building file: ../src/gpio_functions.c
Invoking: ARM v7 gcc compiler
arm-none-eabi-gcc -Wall -O0 -g3 -c -fmessage-length=0 -MT"src/gpio_functions.o" -mcpu=cortex-a9 -mfpu=vfpv3 -mfloat-abi=hard -I../../gpio_bsp/ps7_cortexa9_0/include -MMD -MP -MF"src/gpio_functions.d" -MT"src/gpio_functions.o" -o "src/gpio_functions.o" "../src/gpio_functions.c"
Finished building: ../src/gpio_functions.c
 
Building target: gpio.elf
Invoking: ARM v7 gcc linker
arm-none-eabi-gcc -mcpu=cortex-a9 -mfpu=vfpv3 -mfloat-abi=hard -Wl,-build-id=none -specs=Xilinx.spec -Wl,-T -Wl,../src/lscript.ld -L../../gpio_bsp/ps7_cortexa9_0/lib -o "gpio.elf"  ./src/gpio_functions.o ./src/helloworld.o ./src/platform.o   -Wl,--start-group,-lxil,-lgcc,-lc,--end-group
Finished building target: gpio.elf
 
Invoking: ARM v7 Print Size
arm-none-eabi-size gpio.elf  |tee "gpio.elf.size"
   text	   data	    bss	    dec	    hex	filename
  23780	   1152	  22580	  47512	   b998	gpio.elf
Finished building: gpio.elf.size
 
12:35:06 **** Auto Build of configuration Debug for project gpio ****
make pre-build main-build 
a9-linaro-pre-build-step
 
Building file: ../src/gpio_functions.c
Invoking: ARM v7 gcc compiler
arm-none-eabi-gcc -Wall -O0 -g3 -c -fmessage-length=0 -MT"src/gpio_functions.o" -mcpu=cortex-a9 -mfpu=vfpv3 -mfloat-abi=hard -I../../gpio_bsp/ps7_cortexa9_0/include -MMD -MP -MF"src/gpio_functions.d" -MT"src/gpio_functions.o" -o "src/gpio_functions.o" "../src/gpio_functions.c"
Finished building: ../src/gpio_functions.c
 
Building target: gpio.elf
Invoking: ARM v7 gcc linker
arm-none-eabi-gcc -mcpu=cortex-a9 -mfpu=vfpv3 -mfloat-abi=hard -Wl,-build-id=none -specs=Xilinx.spec -Wl,-T -Wl,../src/lscript.ld -L../../gpio_bsp/ps7_cortexa9_0/lib -o "gpio.elf"  ./src/gpio_functions.o ./src/helloworld.o ./src/platform.o   -Wl,--start-group,-lxil,-lgcc,-lc,--end-group
Finished building target: gpio.elf
 
Invoking: ARM v7 Print Size
arm-none-eabi-size gpio.elf  |tee "gpio.elf.size"
   text	   data	    bss	    dec	    hex	filename
  23808	   1152	  22580	  47540	   b9b4	gpio.elf
Finished building: gpio.elf.size
 
12:49:04 **** Auto Build of configuration Debug for project gpio ****
make pre-build main-build 
a9-linaro-pre-build-step
 
Building file: ../src/gpio_functions.c
Invoking: ARM v7 gcc compiler
arm-none-eabi-gcc -Wall -O0 -g3 -c -fmessage-length=0 -MT"src/gpio_functions.o" -mcpu=cortex-a9 -mfpu=vfpv3 -mfloat-abi=hard -I../../gpio_bsp/ps7_cortexa9_0/include -MMD -MP -MF"src/gpio_functions.d" -MT"src/gpio_functions.o" -o "src/gpio_functions.o" "../src/gpio_functions.c"
Finished building: ../src/gpio_functions.c
 
Building target: gpio.elf
Invoking: ARM v7 gcc linker
arm-none-eabi-gcc -mcpu=cortex-a9 -mfpu=vfpv3 -mfloat-abi=hard -Wl,-build-id=none -specs=Xilinx.spec -Wl,-T -Wl,../src/lscript.ld -L../../gpio_bsp/ps7_cortexa9_0/lib -o "gpio.elf"  ./src/gpio_functions.o ./src/helloworld.o ./src/platform.o   -Wl,--start-group,-lxil,-lgcc,-lc,--end-group
Finished building target: gpio.elf
 
Invoking: ARM v7 Print Size
arm-none-eabi-size gpio.elf  |tee "gpio.elf.size"
   text	   data	    bss	    dec	    hex	filename
  23808	   1152	  22580	  47540	   b9b4	gpio.elf
Finished building: gpio.elf.size
 
16:20:16 **** Auto Build of configuration Debug for project gpio ****
make pre-build main-build 
a9-linaro-pre-build-step
 
Building file: ../src/gpio_functions.c
Invoking: ARM v7 gcc compiler
arm-none-eabi-gcc -Wall -O0 -g3 -c -fmessage-length=0 -MT"src/gpio_functions.o" -mcpu=cortex-a9 -mfpu=vfpv3 -mfloat-abi=hard -I../../gpio_bsp/ps7_cortexa9_0/include -MMD -MP -MF"src/gpio_functions.d" -MT"src/gpio_functions.o" -o "src/gpio_functions.o" "../src/gpio_functions.c"
Finished building: ../src/gpio_functions.c
 
Building target: gpio.elf
Invoking: ARM v7 gcc linker
arm-none-eabi-gcc -mcpu=cortex-a9 -mfpu=vfpv3 -mfloat-abi=hard -Wl,-build-id=none -specs=Xilinx.spec -Wl,-T -Wl,../src/lscript.ld -L../../gpio_bsp/ps7_cortexa9_0/lib -o "gpio.elf"  ./src/gpio_functions.o ./src/helloworld.o ./src/platform.o   -Wl,--start-group,-lxil,-lgcc,-lc,--end-group
Finished building target: gpio.elf
 
Invoking: ARM v7 Print Size
arm-none-eabi-size gpio.elf  |tee "gpio.elf.size"
   text	   data	    bss	    dec	    hex	filename
  23808	   1152	  22580	  47540	   b9b4	gpio.elf
Finished building: gpio.elf.size
 
16:20:19 **** Auto Build of configuration Debug for project gpio ****
make pre-build main-build 
a9-linaro-pre-build-step
 
Building file: ../src/helloworld.c
Invoking: ARM v7 gcc compiler
arm-none-eabi-gcc -Wall -O0 -g3 -c -fmessage-length=0 -MT"src/helloworld.o" -mcpu=cortex-a9 -mfpu=vfpv3 -mfloat-abi=hard -I../../gpio_bsp/ps7_cortexa9_0/include -MMD -MP -MF"src/helloworld.d" -MT"src/helloworld.o" -o "src/helloworld.o" "../src/helloworld.c"
../src/helloworld.c: In function ‘main’:
../src/helloworld.c:60:27: error: ‘GPIO_ADDRESS’ undeclared (first use in this function)
     gpio_init(GPIO_SWITCH,GPIO_ADDRESS);
                           ^
../src/helloworld.c:60:27: note: each undeclared identifier is reported only once for each function it appears in
../src/helloworld.c:61:5: error: ‘gpio’ undeclared (first use in this function)
     gpio
     ^
../src/helloworld.c:63:5: error: expected ‘;’ before ‘while’
     while(1){
     ^
make: *** [src/helloworld.o] Errore 1
16:22:08 **** Auto Build of configuration Debug for project gpio ****
make pre-build main-build 
a9-linaro-pre-build-step
 
Building file: ../src/helloworld.c
Invoking: ARM v7 gcc compiler
arm-none-eabi-gcc -Wall -O0 -g3 -c -fmessage-length=0 -MT"src/helloworld.o" -mcpu=cortex-a9 -mfpu=vfpv3 -mfloat-abi=hard -I../../gpio_bsp/ps7_cortexa9_0/include -MMD -MP -MF"src/helloworld.d" -MT"src/helloworld.o" -o "src/helloworld.o" "../src/helloworld.c"
../src/helloworld.c: In function ‘main’:
../src/helloworld.c:60:27: error: ‘GPIO_ADDRESS’ undeclared (first use in this function)
     gpio_init(GPIO_SWITCH,GPIO_ADDRESS);
                           ^
../src/helloworld.c:60:27: note: each undeclared identifier is reported only once for each function it appears in
../src/helloworld.c:63:22: error: expected expression before ‘uint8_t’
      gpio_enable_one(uint8_t position, uint8_t value)
                      ^
../src/helloworld.c:63:6: error: too few arguments to function ‘gpio_enable_one’
      gpio_enable_one(uint8_t position, uint8_t value)
      ^
In file included from ../src/helloworld.c:51:0:
../src/gpio_header.h:66:6: note: declared here
 void gpio_enable_one(uint8_t position, uint8_t value); //ok
      ^
../src/helloworld.c:64:6: error: expected ‘;’ before ‘gpio_pad_out_mask’
      gpio_pad_out_mask(HIGH);
      ^
../src/helloworld.c:67:22: error: ‘SET_LED’ undeclared (first use in this function)
      gpio_toggle_one(SET_LED,LED_3);
                      ^
../src/helloworld.c:67:6: error: too many arguments to function ‘gpio_toggle_one’
      gpio_toggle_one(SET_LED,LED_3);
      ^
In file included from ../src/helloworld.c:51:0:
../src/gpio_header.h:71:6: note: declared here
 void gpio_toggle_one(uint8_t position);
      ^
make: *** [src/helloworld.o] Errore 1
16:22:33 **** Auto Build of configuration Debug for project gpio ****
make pre-build main-build 
a9-linaro-pre-build-step
 
Building file: ../src/helloworld.c
Invoking: ARM v7 gcc compiler
arm-none-eabi-gcc -Wall -O0 -g3 -c -fmessage-length=0 -MT"src/helloworld.o" -mcpu=cortex-a9 -mfpu=vfpv3 -mfloat-abi=hard -I../../gpio_bsp/ps7_cortexa9_0/include -MMD -MP -MF"src/helloworld.d" -MT"src/helloworld.o" -o "src/helloworld.o" "../src/helloworld.c"
../src/helloworld.c: In function ‘main’:
../src/helloworld.c:63:22: error: expected expression before ‘uint8_t’
      gpio_enable_one(uint8_t position, uint8_t value)
                      ^
../src/helloworld.c:63:6: error: too few arguments to function ‘gpio_enable_one’
      gpio_enable_one(uint8_t position, uint8_t value)
      ^
In file included from ../src/helloworld.c:51:0:
../src/gpio_header.h:66:6: note: declared here
 void gpio_enable_one(uint8_t position, uint8_t value); //ok
      ^
../src/helloworld.c:64:6: error: expected ‘;’ before ‘gpio_pad_out_mask’
      gpio_pad_out_mask(HIGH);
      ^
../src/helloworld.c:67:22: error: ‘SET_LED’ undeclared (first use in this function)
      gpio_toggle_one(SET_LED,LED_3);
                      ^
../src/helloworld.c:67:22: note: each undeclared identifier is reported only once for each function it appears in
../src/helloworld.c:67:6: error: too many arguments to function ‘gpio_toggle_one’
      gpio_toggle_one(SET_LED,LED_3);
      ^
In file included from ../src/helloworld.c:51:0:
../src/gpio_header.h:71:6: note: declared here
 void gpio_toggle_one(uint8_t position);
      ^
make: *** [src/helloworld.o] Errore 1
16:32:56 **** Auto Build of configuration Debug for project gpio ****
make pre-build main-build 
a9-linaro-pre-build-step
 
Building file: ../src/helloworld.c
Invoking: ARM v7 gcc compiler
arm-none-eabi-gcc -Wall -O0 -g3 -c -fmessage-length=0 -MT"src/helloworld.o" -mcpu=cortex-a9 -mfpu=vfpv3 -mfloat-abi=hard -I../../gpio_bsp/ps7_cortexa9_0/include -MMD -MP -MF"src/helloworld.d" -MT"src/helloworld.o" -o "src/helloworld.o" "../src/helloworld.c"
../src/helloworld.c: In function ‘main’:
../src/helloworld.c:64:6: error: too few arguments to function ‘gpio_pad_out_mask’
      gpio_pad_out_mask(HIGH);
      ^
In file included from ../src/helloworld.c:51:0:
../src/gpio_header.h:67:6: note: declared here
 void gpio_pad_out_mask(uint32_t mask, uint8_t value); //ok
      ^
../src/helloworld.c:67:22: error: ‘SET_LED’ undeclared (first use in this function)
      gpio_toggle_one(SET_LED,LED_3);
                      ^
../src/helloworld.c:67:22: note: each undeclared identifier is reported only once for each function it appears in
../src/helloworld.c:67:6: error: too many arguments to function ‘gpio_toggle_one’
      gpio_toggle_one(SET_LED,LED_3);
      ^
In file included from ../src/helloworld.c:51:0:
../src/gpio_header.h:71:6: note: declared here
 void gpio_toggle_one(uint8_t position);
      ^
make: *** [src/helloworld.o] Errore 1
16:35:13 **** Auto Build of configuration Debug for project gpio ****
make pre-build main-build 
a9-linaro-pre-build-step
 
Building file: ../src/helloworld.c
Invoking: ARM v7 gcc compiler
arm-none-eabi-gcc -Wall -O0 -g3 -c -fmessage-length=0 -MT"src/helloworld.o" -mcpu=cortex-a9 -mfpu=vfpv3 -mfloat-abi=hard -I../../gpio_bsp/ps7_cortexa9_0/include -MMD -MP -MF"src/helloworld.d" -MT"src/helloworld.o" -o "src/helloworld.o" "../src/helloworld.c"
Finished building: ../src/helloworld.c
 
Building target: gpio.elf
Invoking: ARM v7 gcc linker
arm-none-eabi-gcc -mcpu=cortex-a9 -mfpu=vfpv3 -mfloat-abi=hard -Wl,-build-id=none -specs=Xilinx.spec -Wl,-T -Wl,../src/lscript.ld -L../../gpio_bsp/ps7_cortexa9_0/lib -o "gpio.elf"  ./src/gpio_functions.o ./src/helloworld.o ./src/platform.o   -Wl,--start-group,-lxil,-lgcc,-lc,--end-group
Finished building target: gpio.elf
 
Invoking: ARM v7 Print Size
arm-none-eabi-size gpio.elf  |tee "gpio.elf.size"
   text	   data	    bss	    dec	    hex	filename
  23504	   1152	  22580	  47236	   b884	gpio.elf
Finished building: gpio.elf.size
 
16:39:24 **** Auto Build of configuration Debug for project gpio ****
make pre-build main-build 
a9-linaro-pre-build-step
 
Building file: ../src/helloworld.c
Invoking: ARM v7 gcc compiler
arm-none-eabi-gcc -Wall -O0 -g3 -c -fmessage-length=0 -MT"src/helloworld.o" -mcpu=cortex-a9 -mfpu=vfpv3 -mfloat-abi=hard -I../../gpio_bsp/ps7_cortexa9_0/include -MMD -MP -MF"src/helloworld.d" -MT"src/helloworld.o" -o "src/helloworld.o" "../src/helloworld.c"
../src/helloworld.c: In function ‘main’:
../src/helloworld.c:59:14: warning: variable ‘read_pad’ set but not used [-Wunused-but-set-variable]
     uint32_t read_pad;
              ^
Finished building: ../src/helloworld.c
 
Building target: gpio.elf
Invoking: ARM v7 gcc linker
arm-none-eabi-gcc -mcpu=cortex-a9 -mfpu=vfpv3 -mfloat-abi=hard -Wl,-build-id=none -specs=Xilinx.spec -Wl,-T -Wl,../src/lscript.ld -L../../gpio_bsp/ps7_cortexa9_0/lib -o "gpio.elf"  ./src/gpio_functions.o ./src/helloworld.o ./src/platform.o   -Wl,--start-group,-lxil,-lgcc,-lc,--end-group
Finished building target: gpio.elf
 
Invoking: ARM v7 Print Size
arm-none-eabi-size gpio.elf  |tee "gpio.elf.size"
   text	   data	    bss	    dec	    hex	filename
  23520	   1152	  22580	  47252	   b894	gpio.elf
Finished building: gpio.elf.size
 
16:40:12 **** Auto Build of configuration Debug for project gpio ****
make pre-build main-build 
a9-linaro-pre-build-step
 
Building file: ../src/helloworld.c
Invoking: ARM v7 gcc compiler
arm-none-eabi-gcc -Wall -O0 -g3 -c -fmessage-length=0 -MT"src/helloworld.o" -mcpu=cortex-a9 -mfpu=vfpv3 -mfloat-abi=hard -I../../gpio_bsp/ps7_cortexa9_0/include -MMD -MP -MF"src/helloworld.d" -MT"src/helloworld.o" -o "src/helloworld.o" "../src/helloworld.c"
../src/helloworld.c: In function ‘main’:
../src/helloworld.c:59:14: warning: variable ‘read_pad’ set but not used [-Wunused-but-set-variable]
     uint32_t read_pad;
              ^
Finished building: ../src/helloworld.c
 
Building target: gpio.elf
Invoking: ARM v7 gcc linker
arm-none-eabi-gcc -mcpu=cortex-a9 -mfpu=vfpv3 -mfloat-abi=hard -Wl,-build-id=none -specs=Xilinx.spec -Wl,-T -Wl,../src/lscript.ld -L../../gpio_bsp/ps7_cortexa9_0/lib -o "gpio.elf"  ./src/gpio_functions.o ./src/helloworld.o ./src/platform.o   -Wl,--start-group,-lxil,-lgcc,-lc,--end-group
Finished building target: gpio.elf
 
Invoking: ARM v7 Print Size
arm-none-eabi-size gpio.elf  |tee "gpio.elf.size"
   text	   data	    bss	    dec	    hex	filename
  23520	   1152	  22580	  47252	   b894	gpio.elf
Finished building: gpio.elf.size
 
16:41:09 **** Auto Build of configuration Debug for project gpio ****
make pre-build main-build 
a9-linaro-pre-build-step
 
Building file: ../src/helloworld.c
Invoking: ARM v7 gcc compiler
arm-none-eabi-gcc -Wall -O0 -g3 -c -fmessage-length=0 -MT"src/helloworld.o" -mcpu=cortex-a9 -mfpu=vfpv3 -mfloat-abi=hard -I../../gpio_bsp/ps7_cortexa9_0/include -MMD -MP -MF"src/helloworld.d" -MT"src/helloworld.o" -o "src/helloworld.o" "../src/helloworld.c"
../src/helloworld.c: In function ‘main’:
../src/helloworld.c:59:14: warning: variable ‘read_pad’ set but not used [-Wunused-but-set-variable]
     uint32_t read_pad;
              ^
Finished building: ../src/helloworld.c
 
Building target: gpio.elf
Invoking: ARM v7 gcc linker
arm-none-eabi-gcc -mcpu=cortex-a9 -mfpu=vfpv3 -mfloat-abi=hard -Wl,-build-id=none -specs=Xilinx.spec -Wl,-T -Wl,../src/lscript.ld -L../../gpio_bsp/ps7_cortexa9_0/lib -o "gpio.elf"  ./src/gpio_functions.o ./src/helloworld.o ./src/platform.o   -Wl,--start-group,-lxil,-lgcc,-lc,--end-group
Finished building target: gpio.elf
 
Invoking: ARM v7 Print Size
arm-none-eabi-size gpio.elf  |tee "gpio.elf.size"
   text	   data	    bss	    dec	    hex	filename
  23548	   1152	  22580	  47280	   b8b0	gpio.elf
Finished building: gpio.elf.size
 
16:42:32 **** Auto Build of configuration Debug for project gpio ****
make pre-build main-build 
a9-linaro-pre-build-step
 
Building file: ../src/helloworld.c
Invoking: ARM v7 gcc compiler
arm-none-eabi-gcc -Wall -O0 -g3 -c -fmessage-length=0 -MT"src/helloworld.o" -mcpu=cortex-a9 -mfpu=vfpv3 -mfloat-abi=hard -I../../gpio_bsp/ps7_cortexa9_0/include -MMD -MP -MF"src/helloworld.d" -MT"src/helloworld.o" -o "src/helloworld.o" "../src/helloworld.c"
Finished building: ../src/helloworld.c
 
Building target: gpio.elf
Invoking: ARM v7 gcc linker
arm-none-eabi-gcc -mcpu=cortex-a9 -mfpu=vfpv3 -mfloat-abi=hard -Wl,-build-id=none -specs=Xilinx.spec -Wl,-T -Wl,../src/lscript.ld -L../../gpio_bsp/ps7_cortexa9_0/lib -o "gpio.elf"  ./src/gpio_functions.o ./src/helloworld.o ./src/platform.o   -Wl,--start-group,-lxil,-lgcc,-lc,--end-group
Finished building target: gpio.elf
 
Invoking: ARM v7 Print Size
arm-none-eabi-size gpio.elf  |tee "gpio.elf.size"
   text	   data	    bss	    dec	    hex	filename
  23580	   1152	  22580	  47312	   b8d0	gpio.elf
Finished building: gpio.elf.size
 
16:49:10 **** Auto Build of configuration Debug for project gpio ****
make pre-build main-build 
a9-linaro-pre-build-step
 
Building file: ../src/helloworld.c
Invoking: ARM v7 gcc compiler
arm-none-eabi-gcc -Wall -O0 -g3 -c -fmessage-length=0 -MT"src/helloworld.o" -mcpu=cortex-a9 -mfpu=vfpv3 -mfloat-abi=hard -I../../gpio_bsp/ps7_cortexa9_0/include -MMD -MP -MF"src/helloworld.d" -MT"src/helloworld.o" -o "src/helloworld.o" "../src/helloworld.c"
Finished building: ../src/helloworld.c
 
Building target: gpio.elf
Invoking: ARM v7 gcc linker
arm-none-eabi-gcc -mcpu=cortex-a9 -mfpu=vfpv3 -mfloat-abi=hard -Wl,-build-id=none -specs=Xilinx.spec -Wl,-T -Wl,../src/lscript.ld -L../../gpio_bsp/ps7_cortexa9_0/lib -o "gpio.elf"  ./src/gpio_functions.o ./src/helloworld.o ./src/platform.o   -Wl,--start-group,-lxil,-lgcc,-lc,--end-group
Finished building target: gpio.elf
 
Invoking: ARM v7 Print Size
arm-none-eabi-size gpio.elf  |tee "gpio.elf.size"
   text	   data	    bss	    dec	    hex	filename
  23580	   1152	  22580	  47312	   b8d0	gpio.elf
Finished building: gpio.elf.size
 
16:51:21 **** Incremental Build of configuration Debug for project gpio ****
make pre-build main-build 
a9-linaro-pre-build-step
 
make: Nessuna operazione da eseguire per "main-build".
16:55:10 **** Auto Build of configuration Debug for project gpio ****
make pre-build main-build 
a9-linaro-pre-build-step
 
Building file: ../src/helloworld.c
Invoking: ARM v7 gcc compiler
arm-none-eabi-gcc -Wall -O0 -g3 -c -fmessage-length=0 -MT"src/helloworld.o" -mcpu=cortex-a9 -mfpu=vfpv3 -mfloat-abi=hard -I../../gpio_bsp/ps7_cortexa9_0/include -MMD -MP -MF"src/helloworld.d" -MT"src/helloworld.o" -o "src/helloworld.o" "../src/helloworld.c"
Finished building: ../src/helloworld.c
 
Building target: gpio.elf
Invoking: ARM v7 gcc linker
arm-none-eabi-gcc -mcpu=cortex-a9 -mfpu=vfpv3 -mfloat-abi=hard -Wl,-build-id=none -specs=Xilinx.spec -Wl,-T -Wl,../src/lscript.ld -L../../gpio_bsp/ps7_cortexa9_0/lib -o "gpio.elf"  ./src/gpio_functions.o ./src/helloworld.o ./src/platform.o   -Wl,--start-group,-lxil,-lgcc,-lc,--end-group
Finished building target: gpio.elf
 
Invoking: ARM v7 Print Size
arm-none-eabi-size gpio.elf  |tee "gpio.elf.size"
   text	   data	    bss	    dec	    hex	filename
  23580	   1152	  22580	  47312	   b8d0	gpio.elf
Finished building: gpio.elf.size
 
16:55:20 **** Incremental Build of configuration Debug for project gpio ****
make pre-build main-build 
a9-linaro-pre-build-step
 
make: Nessuna operazione da eseguire per "main-build".
16:58:31 **** Auto Build of configuration Debug for project gpio ****
make pre-build main-build 
a9-linaro-pre-build-step
 
Building file: ../src/helloworld.c
Invoking: ARM v7 gcc compiler
arm-none-eabi-gcc -Wall -O0 -g3 -c -fmessage-length=0 -MT"src/helloworld.o" -mcpu=cortex-a9 -mfpu=vfpv3 -mfloat-abi=hard -I../../gpio_bsp/ps7_cortexa9_0/include -MMD -MP -MF"src/helloworld.d" -MT"src/helloworld.o" -o "src/helloworld.o" "../src/helloworld.c"
Finished building: ../src/helloworld.c
 
Building target: gpio.elf
Invoking: ARM v7 gcc linker
arm-none-eabi-gcc -mcpu=cortex-a9 -mfpu=vfpv3 -mfloat-abi=hard -Wl,-build-id=none -specs=Xilinx.spec -Wl,-T -Wl,../src/lscript.ld -L../../gpio_bsp/ps7_cortexa9_0/lib -o "gpio.elf"  ./src/gpio_functions.o ./src/helloworld.o ./src/platform.o   -Wl,--start-group,-lxil,-lgcc,-lc,--end-group
Finished building target: gpio.elf
 
Invoking: ARM v7 Print Size
arm-none-eabi-size gpio.elf  |tee "gpio.elf.size"
   text	   data	    bss	    dec	    hex	filename
  23580	   1152	  22580	  47312	   b8d0	gpio.elf
Finished building: gpio.elf.size
 
17:09:00 **** Incremental Build of configuration Debug for project gpio ****
make pre-build main-build 
a9-linaro-pre-build-step
 
make: Nessuna operazione da eseguire per "main-build".
17:13:33 **** Auto Build of configuration Debug for project gpio ****
make pre-build main-build 
a9-linaro-pre-build-step
 
Building file: ../src/helloworld.c
Invoking: ARM v7 gcc compiler
arm-none-eabi-gcc -Wall -O0 -g3 -c -fmessage-length=0 -MT"src/helloworld.o" -mcpu=cortex-a9 -mfpu=vfpv3 -mfloat-abi=hard -I../../gpio_bsp/ps7_cortexa9_0/include -MMD -MP -MF"src/helloworld.d" -MT"src/helloworld.o" -o "src/helloworld.o" "../src/helloworld.c"
Finished building: ../src/helloworld.c
 
Building target: gpio.elf
Invoking: ARM v7 gcc linker
arm-none-eabi-gcc -mcpu=cortex-a9 -mfpu=vfpv3 -mfloat-abi=hard -Wl,-build-id=none -specs=Xilinx.spec -Wl,-T -Wl,../src/lscript.ld -L../../gpio_bsp/ps7_cortexa9_0/lib -o "gpio.elf"  ./src/gpio_functions.o ./src/helloworld.o ./src/platform.o   -Wl,--start-group,-lxil,-lgcc,-lc,--end-group
Finished building target: gpio.elf
 
Invoking: ARM v7 Print Size
arm-none-eabi-size gpio.elf  |tee "gpio.elf.size"
   text	   data	    bss	    dec	    hex	filename
  23580	   1152	  22580	  47312	   b8d0	gpio.elf
Finished building: gpio.elf.size
 
17:13:56 **** Incremental Build of configuration Debug for project gpio ****
make pre-build main-build 
a9-linaro-pre-build-step
 
make: Nessuna operazione da eseguire per "main-build".
17:20:44 **** Incremental Build of configuration Debug for project gpio ****
make pre-build main-build 
a9-linaro-pre-build-step
 
make: Nessuna operazione da eseguire per "main-build".
17:20:55 **** Incremental Build of configuration Debug for project gpio ****
make pre-build main-build 
a9-linaro-pre-build-step
 
make: Nessuna operazione da eseguire per "main-build".
17:24:20 **** Auto Build of configuration Debug for project gpio ****
make pre-build main-build 
a9-linaro-pre-build-step
 
Building file: ../src/helloworld.c
Invoking: ARM v7 gcc compiler
arm-none-eabi-gcc -Wall -O0 -g3 -c -fmessage-length=0 -MT"src/helloworld.o" -mcpu=cortex-a9 -mfpu=vfpv3 -mfloat-abi=hard -I../../gpio_bsp/ps7_cortexa9_0/include -MMD -MP -MF"src/helloworld.d" -MT"src/helloworld.o" -o "src/helloworld.o" "../src/helloworld.c"
Finished building: ../src/helloworld.c
 
Building target: gpio.elf
Invoking: ARM v7 gcc linker
arm-none-eabi-gcc -mcpu=cortex-a9 -mfpu=vfpv3 -mfloat-abi=hard -Wl,-build-id=none -specs=Xilinx.spec -Wl,-T -Wl,../src/lscript.ld -L../../gpio_bsp/ps7_cortexa9_0/lib -o "gpio.elf"  ./src/gpio_functions.o ./src/helloworld.o ./src/platform.o   -Wl,--start-group,-lxil,-lgcc,-lc,--end-group
Finished building target: gpio.elf
 
Invoking: ARM v7 Print Size
arm-none-eabi-size gpio.elf  |tee "gpio.elf.size"
   text	   data	    bss	    dec	    hex	filename
  23572	   1152	  22580	  47304	   b8c8	gpio.elf
Finished building: gpio.elf.size
 
17:24:40 **** Auto Build of configuration Debug for project gpio ****
make pre-build main-build 
a9-linaro-pre-build-step
 
Building file: ../src/helloworld.c
Invoking: ARM v7 gcc compiler
arm-none-eabi-gcc -Wall -O0 -g3 -c -fmessage-length=0 -MT"src/helloworld.o" -mcpu=cortex-a9 -mfpu=vfpv3 -mfloat-abi=hard -I../../gpio_bsp/ps7_cortexa9_0/include -MMD -MP -MF"src/helloworld.d" -MT"src/helloworld.o" -o "src/helloworld.o" "../src/helloworld.c"
Finished building: ../src/helloworld.c
 
Building target: gpio.elf
Invoking: ARM v7 gcc linker
arm-none-eabi-gcc -mcpu=cortex-a9 -mfpu=vfpv3 -mfloat-abi=hard -Wl,-build-id=none -specs=Xilinx.spec -Wl,-T -Wl,../src/lscript.ld -L../../gpio_bsp/ps7_cortexa9_0/lib -o "gpio.elf"  ./src/gpio_functions.o ./src/helloworld.o ./src/platform.o   -Wl,--start-group,-lxil,-lgcc,-lc,--end-group
Finished building target: gpio.elf
 
Invoking: ARM v7 Print Size
arm-none-eabi-size gpio.elf  |tee "gpio.elf.size"
   text	   data	    bss	    dec	    hex	filename
  23572	   1152	  22580	  47304	   b8c8	gpio.elf
Finished building: gpio.elf.size
 
17:25:10 **** Incremental Build of configuration Debug for project gpio ****
make pre-build main-build 
a9-linaro-pre-build-step
 
make: Nessuna operazione da eseguire per "main-build".
17:32:34 **** Incremental Build of configuration Debug for project gpio ****
make pre-build main-build 
a9-linaro-pre-build-step
 
make: Nessuna operazione da eseguire per "main-build".
09:31:54 **** Incremental Build of configuration Debug for project gpio ****
make pre-build main-build 
a9-linaro-pre-build-step
 
make: Nessuna operazione da eseguire per "main-build".
09:40:57 **** Auto Build of configuration Debug for project gpio ****
make pre-build main-build 
a9-linaro-pre-build-step
 
Building file: ../src/helloworld.c
Invoking: ARM v7 gcc compiler
arm-none-eabi-gcc -Wall -O0 -g3 -c -fmessage-length=0 -MT"src/helloworld.o" -mcpu=cortex-a9 -mfpu=vfpv3 -mfloat-abi=hard -I../../gpio_bsp/ps7_cortexa9_0/include -MMD -MP -MF"src/helloworld.d" -MT"src/helloworld.o" -o "src/helloworld.o" "../src/helloworld.c"
Finished building: ../src/helloworld.c
 
Building target: gpio.elf
Invoking: ARM v7 gcc linker
arm-none-eabi-gcc -mcpu=cortex-a9 -mfpu=vfpv3 -mfloat-abi=hard -Wl,-build-id=none -specs=Xilinx.spec -Wl,-T -Wl,../src/lscript.ld -L../../gpio_bsp/ps7_cortexa9_0/lib -o "gpio.elf"  ./src/gpio_functions.o ./src/helloworld.o ./src/platform.o   -Wl,--start-group,-lxil,-lgcc,-lc,--end-group
Finished building target: gpio.elf
 
Invoking: ARM v7 Print Size
arm-none-eabi-size gpio.elf  |tee "gpio.elf.size"
   text	   data	    bss	    dec	    hex	filename
  23620	   1152	  22580	  47352	   b8f8	gpio.elf
Finished building: gpio.elf.size
 
09:41:43 **** Incremental Build of configuration Debug for project gpio ****
make pre-build main-build 
a9-linaro-pre-build-step
 
make: Nessuna operazione da eseguire per "main-build".
09:47:29 **** Auto Build of configuration Debug for project gpio ****
make pre-build main-build 
a9-linaro-pre-build-step
 
Building file: ../src/helloworld.c
Invoking: ARM v7 gcc compiler
arm-none-eabi-gcc -Wall -O0 -g3 -c -fmessage-length=0 -MT"src/helloworld.o" -mcpu=cortex-a9 -mfpu=vfpv3 -mfloat-abi=hard -I../../gpio_bsp/ps7_cortexa9_0/include -MMD -MP -MF"src/helloworld.d" -MT"src/helloworld.o" -o "src/helloworld.o" "../src/helloworld.c"
Finished building: ../src/helloworld.c
 
Building target: gpio.elf
Invoking: ARM v7 gcc linker
arm-none-eabi-gcc -mcpu=cortex-a9 -mfpu=vfpv3 -mfloat-abi=hard -Wl,-build-id=none -specs=Xilinx.spec -Wl,-T -Wl,../src/lscript.ld -L../../gpio_bsp/ps7_cortexa9_0/lib -o "gpio.elf"  ./src/gpio_functions.o ./src/helloworld.o ./src/platform.o   -Wl,--start-group,-lxil,-lgcc,-lc,--end-group
Finished building target: gpio.elf
 
Invoking: ARM v7 Print Size
arm-none-eabi-size gpio.elf  |tee "gpio.elf.size"
   text	   data	    bss	    dec	    hex	filename
  23620	   1152	  22580	  47352	   b8f8	gpio.elf
Finished building: gpio.elf.size
 
09:48:23 **** Incremental Build of configuration Debug for project gpio ****
make pre-build main-build 
a9-linaro-pre-build-step
 
make: Nessuna operazione da eseguire per "main-build".
09:48:33 **** Incremental Build of configuration Debug for project gpio ****
make pre-build main-build 
a9-linaro-pre-build-step
 
make: Nessuna operazione da eseguire per "main-build".
09:50:51 **** Incremental Build of configuration Debug for project gpio ****
make pre-build main-build 
a9-linaro-pre-build-step
 
make: Nessuna operazione da eseguire per "main-build".
09:51:07 **** Incremental Build of configuration Debug for project gpio ****
make pre-build main-build 
a9-linaro-pre-build-step
 
make: Nessuna operazione da eseguire per "main-build".
09:52:54 **** Incremental Build of configuration Debug for project gpio ****
make pre-build main-build 
a9-linaro-pre-build-step
 
make: Nessuna operazione da eseguire per "main-build".
09:58:13 **** Incremental Build of configuration Debug for project gpio ****
make pre-build main-build 
a9-linaro-pre-build-step
 
make: Nessuna operazione da eseguire per "main-build".
10:00:31 **** Auto Build of configuration Debug for project gpio ****
make pre-build main-build 
a9-linaro-pre-build-step
 
Building file: ../src/helloworld.c
Invoking: ARM v7 gcc compiler
arm-none-eabi-gcc -Wall -O0 -g3 -c -fmessage-length=0 -MT"src/helloworld.o" -mcpu=cortex-a9 -mfpu=vfpv3 -mfloat-abi=hard -I../../gpio_bsp/ps7_cortexa9_0/include -MMD -MP -MF"src/helloworld.d" -MT"src/helloworld.o" -o "src/helloworld.o" "../src/helloworld.c"
Finished building: ../src/helloworld.c
 
Building target: gpio.elf
Invoking: ARM v7 gcc linker
arm-none-eabi-gcc -mcpu=cortex-a9 -mfpu=vfpv3 -mfloat-abi=hard -Wl,-build-id=none -specs=Xilinx.spec -Wl,-T -Wl,../src/lscript.ld -L../../gpio_bsp/ps7_cortexa9_0/lib -o "gpio.elf"  ./src/gpio_functions.o ./src/helloworld.o ./src/platform.o   -Wl,--start-group,-lxil,-lgcc,-lc,--end-group
Finished building target: gpio.elf
 
Invoking: ARM v7 Print Size
arm-none-eabi-size gpio.elf  |tee "gpio.elf.size"
   text	   data	    bss	    dec	    hex	filename
  23644	   1152	  22580	  47376	   b910	gpio.elf
Finished building: gpio.elf.size
 
10:00:46 **** Incremental Build of configuration Debug for project gpio ****
make pre-build main-build 
a9-linaro-pre-build-step
 
make: Nessuna operazione da eseguire per "main-build".
10:31:20 **** Auto Build of configuration Debug for project gpio ****
make pre-build main-build 
a9-linaro-pre-build-step
 
Building file: ../src/helloworld.c
Invoking: ARM v7 gcc compiler
arm-none-eabi-gcc -Wall -O0 -g3 -c -fmessage-length=0 -MT"src/helloworld.o" -mcpu=cortex-a9 -mfpu=vfpv3 -mfloat-abi=hard -I../../gpio_bsp/ps7_cortexa9_0/include -MMD -MP -MF"src/helloworld.d" -MT"src/helloworld.o" -o "src/helloworld.o" "../src/helloworld.c"
../src/helloworld.c: In function ‘main’:
../src/helloworld.c:59:14: warning: unused variable ‘read_pad’ [-Wunused-variable]
     uint32_t read_pad;
              ^
Finished building: ../src/helloworld.c
 
Building target: gpio.elf
Invoking: ARM v7 gcc linker
arm-none-eabi-gcc -mcpu=cortex-a9 -mfpu=vfpv3 -mfloat-abi=hard -Wl,-build-id=none -specs=Xilinx.spec -Wl,-T -Wl,../src/lscript.ld -L../../gpio_bsp/ps7_cortexa9_0/lib -o "gpio.elf"  ./src/gpio_functions.o ./src/helloworld.o ./src/platform.o   -Wl,--start-group,-lxil,-lgcc,-lc,--end-group
Finished building target: gpio.elf
 
Invoking: ARM v7 Print Size
arm-none-eabi-size gpio.elf  |tee "gpio.elf.size"
   text	   data	    bss	    dec	    hex	filename
  23600	   1152	  22580	  47332	   b8e4	gpio.elf
Finished building: gpio.elf.size
 
10:31:47 **** Incremental Build of configuration Debug for project gpio ****
make pre-build main-build 
a9-linaro-pre-build-step
 
make: Nessuna operazione da eseguire per "main-build".
10:33:21 **** Incremental Build of configuration Debug for project gpio ****
make pre-build main-build 
a9-linaro-pre-build-step
 
make: Nessuna operazione da eseguire per "main-build".
10:35:00 **** Auto Build of configuration Debug for project gpio ****
make pre-build main-build 
a9-linaro-pre-build-step
 
Building file: ../src/gpio_functions.c
Invoking: ARM v7 gcc compiler
arm-none-eabi-gcc -Wall -O0 -g3 -c -fmessage-length=0 -MT"src/gpio_functions.o" -mcpu=cortex-a9 -mfpu=vfpv3 -mfloat-abi=hard -I../../gpio_bsp/ps7_cortexa9_0/include -MMD -MP -MF"src/gpio_functions.d" -MT"src/gpio_functions.o" -o "src/gpio_functions.o" "../src/gpio_functions.c"
Finished building: ../src/gpio_functions.c
 
Building target: gpio.elf
Invoking: ARM v7 gcc linker
arm-none-eabi-gcc -mcpu=cortex-a9 -mfpu=vfpv3 -mfloat-abi=hard -Wl,-build-id=none -specs=Xilinx.spec -Wl,-T -Wl,../src/lscript.ld -L../../gpio_bsp/ps7_cortexa9_0/lib -o "gpio.elf"  ./src/gpio_functions.o ./src/helloworld.o ./src/platform.o   -Wl,--start-group,-lxil,-lgcc,-lc,--end-group
Finished building target: gpio.elf
 
Invoking: ARM v7 Print Size
arm-none-eabi-size gpio.elf  |tee "gpio.elf.size"
   text	   data	    bss	    dec	    hex	filename
  23600	   1152	  22580	  47332	   b8e4	gpio.elf
Finished building: gpio.elf.size
 
10:35:19 **** Incremental Build of configuration Debug for project gpio ****
make pre-build main-build 
a9-linaro-pre-build-step
 
make: Nessuna operazione da eseguire per "main-build".
11:10:42 **** Clean-only build of project gpio_bsp ****
make -k clean 
rm -f ps7_cortexa9_0/lib/libxil.a
11:10:42 **** Clean-only build of configuration Debug for project gpio ****
make clean 
rm -rf  ./src/gpio_functions.o ./src/helloworld.o ./src/platform.o  ./src/gpio_functions.d ./src/helloworld.d ./src/platform.d  gpio.elf.size  gpio.elf
 
11:10:43 **** Build of project gpio_bsp ****
make -k all 
Running Make include in ps7_cortexa9_0/libsrc/coresightps_dcc_v1_2/src
make -C ps7_cortexa9_0/libsrc/coresightps_dcc_v1_2/src -s include  "SHELL=/bin/sh" "COMPILER=arm-none-eabi-gcc" "ARCHIVER=arm-none-eabi-ar" "COMPILER_FLAGS=  -O2 -c" "EXTRA_COMPILER_FLAGS=-mcpu=cortex-a9 -mfpu=vfpv3 -mfloat-abi=hard -nostartfiles"
Running Make include in ps7_cortexa9_0/libsrc/cpu_cortexa9_v2_2/src
make -C ps7_cortexa9_0/libsrc/cpu_cortexa9_v2_2/src -s include  "SHELL=/bin/sh" "COMPILER=arm-none-eabi-gcc" "ARCHIVER=arm-none-eabi-ar" "COMPILER_FLAGS=  -O2 -c" "EXTRA_COMPILER_FLAGS=-mcpu=cortex-a9 -mfpu=vfpv3 -mfloat-abi=hard -nostartfiles"
Running Make include in ps7_cortexa9_0/libsrc/ddrps_v1_0/src
make -C ps7_cortexa9_0/libsrc/ddrps_v1_0/src -s include  "SHELL=/bin/sh" "COMPILER=arm-none-eabi-gcc" "ARCHIVER=arm-none-eabi-ar" "COMPILER_FLAGS=  -O2 -c" "EXTRA_COMPILER_FLAGS=-mcpu=cortex-a9 -mfpu=vfpv3 -mfloat-abi=hard -nostartfiles"
Running Make include in ps7_cortexa9_0/libsrc/devcfg_v3_4/src
make -C ps7_cortexa9_0/libsrc/devcfg_v3_4/src -s include  "SHELL=/bin/sh" "COMPILER=arm-none-eabi-gcc" "ARCHIVER=arm-none-eabi-ar" "COMPILER_FLAGS=  -O2 -c" "EXTRA_COMPILER_FLAGS=-mcpu=cortex-a9 -mfpu=vfpv3 -mfloat-abi=hard -nostartfiles"
Running Make include in ps7_cortexa9_0/libsrc/dmaps_v2_1/src
make -C ps7_cortexa9_0/libsrc/dmaps_v2_1/src -s include  "SHELL=/bin/sh" "COMPILER=arm-none-eabi-gcc" "ARCHIVER=arm-none-eabi-ar" "COMPILER_FLAGS=  -O2 -c" "EXTRA_COMPILER_FLAGS=-mcpu=cortex-a9 -mfpu=vfpv3 -mfloat-abi=hard -nostartfiles"
Running Make include in ps7_cortexa9_0/libsrc/emacps_v3_2/src
make -C ps7_cortexa9_0/libsrc/emacps_v3_2/src -s include  "SHELL=/bin/sh" "COMPILER=arm-none-eabi-gcc" "ARCHIVER=arm-none-eabi-ar" "COMPILER_FLAGS=  -O2 -c" "EXTRA_COMPILER_FLAGS=-mcpu=cortex-a9 -mfpu=vfpv3 -mfloat-abi=hard -nostartfiles"
Running Make include in ps7_cortexa9_0/libsrc/gpiops_v3_1/src
make -C ps7_cortexa9_0/libsrc/gpiops_v3_1/src -s include  "SHELL=/bin/sh" "COMPILER=arm-none-eabi-gcc" "ARCHIVER=arm-none-eabi-ar" "COMPILER_FLAGS=  -O2 -c" "EXTRA_COMPILER_FLAGS=-mcpu=cortex-a9 -mfpu=vfpv3 -mfloat-abi=hard -nostartfiles"
Running Make include in ps7_cortexa9_0/libsrc/my_gpio_v1_0/src
make -C ps7_cortexa9_0/libsrc/my_gpio_v1_0/src -s include  "SHELL=/bin/sh" "COMPILER=arm-none-eabi-gcc" "ARCHIVER=arm-none-eabi-ar" "COMPILER_FLAGS=  -O2 -c" "EXTRA_COMPILER_FLAGS=-mcpu=cortex-a9 -mfpu=vfpv3 -mfloat-abi=hard -nostartfiles"
Running Make include in ps7_cortexa9_0/libsrc/qspips_v3_3/src
[...]
Finished building target: gpio.elf
 
Invoking: ARM v7 Print Size
arm-none-eabi-size gpio.elf  |tee "gpio.elf.size"
   text	   data	    bss	    dec	    hex	filename
  57716	   2588	  23340	  83644	  146bc	gpio.elf
Finished building: gpio.elf.size
 
10:35:42 **** Auto Build of configuration Debug for project gpio ****
make pre-build main-build 
a9-linaro-pre-build-step
 
Building file: ../src/gpio_functions.c
Invoking: ARM v7 gcc compiler
arm-none-eabi-gcc -Wall -O0 -g3 -c -fmessage-length=0 -MT"src/gpio_functions.o" -mcpu=cortex-a9 -mfpu=vfpv3 -mfloat-abi=hard -I../../gpio_bsp/ps7_cortexa9_0/include -MMD -MP -MF"src/gpio_functions.d" -MT"src/gpio_functions.o" -o "src/gpio_functions.o" "../src/gpio_functions.c"
Finished building: ../src/gpio_functions.c
 
Building file: ../src/main.c
Invoking: ARM v7 gcc compiler
arm-none-eabi-gcc -Wall -O0 -g3 -c -fmessage-length=0 -MT"src/main.o" -mcpu=cortex-a9 -mfpu=vfpv3 -mfloat-abi=hard -I../../gpio_bsp/ps7_cortexa9_0/include -MMD -MP -MF"src/main.d" -MT"src/main.o" -o "src/main.o" "../src/main.c"
Finished building: ../src/main.c
 
Building target: gpio.elf
Invoking: ARM v7 gcc linker
arm-none-eabi-gcc -mcpu=cortex-a9 -mfpu=vfpv3 -mfloat-abi=hard -Wl,-build-id=none -specs=Xilinx.spec -Wl,-T -Wl,../src/lscript.ld -L../../gpio_bsp/ps7_cortexa9_0/lib -o "gpio.elf"  ./src/gpio_functions.o ./src/main.o ./src/platform.o   -Wl,--start-group,-lxil,-lgcc,-lc,--end-group
Finished building target: gpio.elf
 
Invoking: ARM v7 Print Size
arm-none-eabi-size gpio.elf  |tee "gpio.elf.size"
   text	   data	    bss	    dec	    hex	filename
  57716	   2588	  23340	  83644	  146bc	gpio.elf
Finished building: gpio.elf.size
 
10:49:33 **** Auto Build of configuration Debug for project gpio ****
make pre-build main-build 
a9-linaro-pre-build-step
 
Building file: ../src/gpio_functions.c
Invoking: ARM v7 gcc compiler
arm-none-eabi-gcc -Wall -O0 -g3 -c -fmessage-length=0 -MT"src/gpio_functions.o" -mcpu=cortex-a9 -mfpu=vfpv3 -mfloat-abi=hard -I../../gpio_bsp/ps7_cortexa9_0/include -MMD -MP -MF"src/gpio_functions.d" -MT"src/gpio_functions.o" -o "src/gpio_functions.o" "../src/gpio_functions.c"
../src/gpio_functions.c: In function ‘gpio_init’:
../src/gpio_functions.c:9:30: error: ‘INIT_CONFIG_EN’ undeclared (first use in this function)
  *(my_gpio_pointer+PAD_EN/4)=INIT_CONFIG_EN;
                              ^
../src/gpio_functions.c:9:30: note: each undeclared identifier is reported only once for each function it appears in
../src/gpio_functions.c:10:32: error: ‘INIT_CONFIG_RWN’ undeclared (first use in this function)
  *(my_gpio_pointer+PAD_RW_N/4)=INIT_CONFIG_RWN;
                                ^
make: *** [src/gpio_functions.o] Errore 1
10:50:59 **** Auto Build of configuration Debug for project gpio ****
make pre-build main-build 
a9-linaro-pre-build-step
 
Building file: ../src/gpio_functions.c
Invoking: ARM v7 gcc compiler
arm-none-eabi-gcc -Wall -O0 -g3 -c -fmessage-length=0 -MT"src/gpio_functions.o" -mcpu=cortex-a9 -mfpu=vfpv3 -mfloat-abi=hard -I../../gpio_bsp/ps7_cortexa9_0/include -MMD -MP -MF"src/gpio_functions.d" -MT"src/gpio_functions.o" -o "src/gpio_functions.o" "../src/gpio_functions.c"
Finished building: ../src/gpio_functions.c
 
Building file: ../src/main.c
Invoking: ARM v7 gcc compiler
arm-none-eabi-gcc -Wall -O0 -g3 -c -fmessage-length=0 -MT"src/main.o" -mcpu=cortex-a9 -mfpu=vfpv3 -mfloat-abi=hard -I../../gpio_bsp/ps7_cortexa9_0/include -MMD -MP -MF"src/main.d" -MT"src/main.o" -o "src/main.o" "../src/main.c"
Finished building: ../src/main.c
 
Building target: gpio.elf
Invoking: ARM v7 gcc linker
arm-none-eabi-gcc -mcpu=cortex-a9 -mfpu=vfpv3 -mfloat-abi=hard -Wl,-build-id=none -specs=Xilinx.spec -Wl,-T -Wl,../src/lscript.ld -L../../gpio_bsp/ps7_cortexa9_0/lib -o "gpio.elf"  ./src/gpio_functions.o ./src/main.o ./src/platform.o   -Wl,--start-group,-lxil,-lgcc,-lc,--end-group
Finished building target: gpio.elf
 
Invoking: ARM v7 Print Size
arm-none-eabi-size gpio.elf  |tee "gpio.elf.size"
   text	   data	    bss	    dec	    hex	filename
  57716	   2588	  23340	  83644	  146bc	gpio.elf
Finished building: gpio.elf.size
 
10:51:59 **** Auto Build of configuration Debug for project gpio ****
make pre-build main-build 
a9-linaro-pre-build-step
 
Building file: ../src/gpio_functions.c
Invoking: ARM v7 gcc compiler
arm-none-eabi-gcc -Wall -O0 -g3 -c -fmessage-length=0 -MT"src/gpio_functions.o" -mcpu=cortex-a9 -mfpu=vfpv3 -mfloat-abi=hard -I../../gpio_bsp/ps7_cortexa9_0/include -MMD -MP -MF"src/gpio_functions.d" -MT"src/gpio_functions.o" -o "src/gpio_functions.o" "../src/gpio_functions.c"
Finished building: ../src/gpio_functions.c
 
Building file: ../src/main.c
Invoking: ARM v7 gcc compiler
arm-none-eabi-gcc -Wall -O0 -g3 -c -fmessage-length=0 -MT"src/main.o" -mcpu=cortex-a9 -mfpu=vfpv3 -mfloat-abi=hard -I../../gpio_bsp/ps7_cortexa9_0/include -MMD -MP -MF"src/main.d" -MT"src/main.o" -o "src/main.o" "../src/main.c"
Finished building: ../src/main.c
 
Building target: gpio.elf
Invoking: ARM v7 gcc linker
arm-none-eabi-gcc -mcpu=cortex-a9 -mfpu=vfpv3 -mfloat-abi=hard -Wl,-build-id=none -specs=Xilinx.spec -Wl,-T -Wl,../src/lscript.ld -L../../gpio_bsp/ps7_cortexa9_0/lib -o "gpio.elf"  ./src/gpio_functions.o ./src/main.o ./src/platform.o   -Wl,--start-group,-lxil,-lgcc,-lc,--end-group
Finished building target: gpio.elf
 
Invoking: ARM v7 Print Size
arm-none-eabi-size gpio.elf  |tee "gpio.elf.size"
   text	   data	    bss	    dec	    hex	filename
  57716	   2588	  23340	  83644	  146bc	gpio.elf
Finished building: gpio.elf.size
 
10:52:12 **** Auto Build of configuration Debug for project gpio ****
make pre-build main-build 
a9-linaro-pre-build-step
 
Building file: ../src/gpio_functions.c
Invoking: ARM v7 gcc compiler
arm-none-eabi-gcc -Wall -O0 -g3 -c -fmessage-length=0 -MT"src/gpio_functions.o" -mcpu=cortex-a9 -mfpu=vfpv3 -mfloat-abi=hard -I../../gpio_bsp/ps7_cortexa9_0/include -MMD -MP -MF"src/gpio_functions.d" -MT"src/gpio_functions.o" -o "src/gpio_functions.o" "../src/gpio_functions.c"
Finished building: ../src/gpio_functions.c
 
Building file: ../src/main.c
Invoking: ARM v7 gcc compiler
arm-none-eabi-gcc -Wall -O0 -g3 -c -fmessage-length=0 -MT"src/main.o" -mcpu=cortex-a9 -mfpu=vfpv3 -mfloat-abi=hard -I../../gpio_bsp/ps7_cortexa9_0/include -MMD -MP -MF"src/main.d" -MT"src/main.o" -o "src/main.o" "../src/main.c"
Finished building: ../src/main.c
 
Building target: gpio.elf
Invoking: ARM v7 gcc linker
arm-none-eabi-gcc -mcpu=cortex-a9 -mfpu=vfpv3 -mfloat-abi=hard -Wl,-build-id=none -specs=Xilinx.spec -Wl,-T -Wl,../src/lscript.ld -L../../gpio_bsp/ps7_cortexa9_0/lib -o "gpio.elf"  ./src/gpio_functions.o ./src/main.o ./src/platform.o   -Wl,--start-group,-lxil,-lgcc,-lc,--end-group
Finished building target: gpio.elf
 
Invoking: ARM v7 Print Size
arm-none-eabi-size gpio.elf  |tee "gpio.elf.size"
   text	   data	    bss	    dec	    hex	filename
  57716	   2588	  23340	  83644	  146bc	gpio.elf
Finished building: gpio.elf.size
 
10:54:47 **** Auto Build of configuration Debug for project gpio ****
make pre-build main-build 
a9-linaro-pre-build-step
 
Building file: ../src/gpio_functions.c
Invoking: ARM v7 gcc compiler
arm-none-eabi-gcc -Wall -O0 -g3 -c -fmessage-length=0 -MT"src/gpio_functions.o" -mcpu=cortex-a9 -mfpu=vfpv3 -mfloat-abi=hard -I../../gpio_bsp/ps7_cortexa9_0/include -MMD -MP -MF"src/gpio_functions.d" -MT"src/gpio_functions.o" -o "src/gpio_functions.o" "../src/gpio_functions.c"
Finished building: ../src/gpio_functions.c
 
Building file: ../src/main.c
Invoking: ARM v7 gcc compiler
arm-none-eabi-gcc -Wall -O0 -g3 -c -fmessage-length=0 -MT"src/main.o" -mcpu=cortex-a9 -mfpu=vfpv3 -mfloat-abi=hard -I../../gpio_bsp/ps7_cortexa9_0/include -MMD -MP -MF"src/main.d" -MT"src/main.o" -o "src/main.o" "../src/main.c"
Finished building: ../src/main.c
 
Building target: gpio.elf
Invoking: ARM v7 gcc linker
arm-none-eabi-gcc -mcpu=cortex-a9 -mfpu=vfpv3 -mfloat-abi=hard -Wl,-build-id=none -specs=Xilinx.spec -Wl,-T -Wl,../src/lscript.ld -L../../gpio_bsp/ps7_cortexa9_0/lib -o "gpio.elf"  ./src/gpio_functions.o ./src/main.o ./src/platform.o   -Wl,--start-group,-lxil,-lgcc,-lc,--end-group
Finished building target: gpio.elf
 
Invoking: ARM v7 Print Size
arm-none-eabi-size gpio.elf  |tee "gpio.elf.size"
   text	   data	    bss	    dec	    hex	filename
  57716	   2588	  23340	  83644	  146bc	gpio.elf
Finished building: gpio.elf.size
 
11:07:08 **** Auto Build of configuration Debug for project gpio ****
make pre-build main-build 
a9-linaro-pre-build-step
 
Building file: ../src/gpio_functions.c
Invoking: ARM v7 gcc compiler
arm-none-eabi-gcc -Wall -O0 -g3 -c -fmessage-length=0 -MT"src/gpio_functions.o" -mcpu=cortex-a9 -mfpu=vfpv3 -mfloat-abi=hard -I../../gpio_bsp/ps7_cortexa9_0/include -MMD -MP -MF"src/gpio_functions.d" -MT"src/gpio_functions.o" -o "src/gpio_functions.o" "../src/gpio_functions.c"
Finished building: ../src/gpio_functions.c
 
Building file: ../src/main.c
Invoking: ARM v7 gcc compiler
arm-none-eabi-gcc -Wall -O0 -g3 -c -fmessage-length=0 -MT"src/main.o" -mcpu=cortex-a9 -mfpu=vfpv3 -mfloat-abi=hard -I../../gpio_bsp/ps7_cortexa9_0/include -MMD -MP -MF"src/main.d" -MT"src/main.o" -o "src/main.o" "../src/main.c"
Finished building: ../src/main.c
 
Building target: gpio.elf
Invoking: ARM v7 gcc linker
arm-none-eabi-gcc -mcpu=cortex-a9 -mfpu=vfpv3 -mfloat-abi=hard -Wl,-build-id=none -specs=Xilinx.spec -Wl,-T -Wl,../src/lscript.ld -L../../gpio_bsp/ps7_cortexa9_0/lib -o "gpio.elf"  ./src/gpio_functions.o ./src/main.o ./src/platform.o   -Wl,--start-group,-lxil,-lgcc,-lc,--end-group
Finished building target: gpio.elf
 
Invoking: ARM v7 Print Size
arm-none-eabi-size gpio.elf  |tee "gpio.elf.size"
   text	   data	    bss	    dec	    hex	filename
  57716	   2588	  23340	  83644	  146bc	gpio.elf
Finished building: gpio.elf.size
 
11:23:37 **** Auto Build of configuration Debug for project gpio ****
make pre-build main-build 
a9-linaro-pre-build-step
 
Building file: ../src/gpio_functions.c
Invoking: ARM v7 gcc compiler
arm-none-eabi-gcc -Wall -O0 -g3 -c -fmessage-length=0 -MT"src/gpio_functions.o" -mcpu=cortex-a9 -mfpu=vfpv3 -mfloat-abi=hard -I../../gpio_bsp/ps7_cortexa9_0/include -MMD -MP -MF"src/gpio_functions.d" -MT"src/gpio_functions.o" -o "src/gpio_functions.o" "../src/gpio_functions.c"
Finished building: ../src/gpio_functions.c
 
Building target: gpio.elf
Invoking: ARM v7 gcc linker
arm-none-eabi-gcc -mcpu=cortex-a9 -mfpu=vfpv3 -mfloat-abi=hard -Wl,-build-id=none -specs=Xilinx.spec -Wl,-T -Wl,../src/lscript.ld -L../../gpio_bsp/ps7_cortexa9_0/lib -o "gpio.elf"  ./src/gpio_functions.o ./src/main.o ./src/platform.o   -Wl,--start-group,-lxil,-lgcc,-lc,--end-group
Finished building target: gpio.elf
 
Invoking: ARM v7 Print Size
arm-none-eabi-size gpio.elf  |tee "gpio.elf.size"
   text	   data	    bss	    dec	    hex	filename
  57716	   2588	  23340	  83644	  146bc	gpio.elf
Finished building: gpio.elf.size
 
11:25:39 **** Auto Build of configuration Debug for project gpio ****
make pre-build main-build 
a9-linaro-pre-build-step
 
Building file: ../src/gpio_functions.c
Invoking: ARM v7 gcc compiler
arm-none-eabi-gcc -Wall -O0 -g3 -c -fmessage-length=0 -MT"src/gpio_functions.o" -mcpu=cortex-a9 -mfpu=vfpv3 -mfloat-abi=hard -I../../gpio_bsp/ps7_cortexa9_0/include -MMD -MP -MF"src/gpio_functions.d" -MT"src/gpio_functions.o" -o "src/gpio_functions.o" "../src/gpio_functions.c"
Finished building: ../src/gpio_functions.c
 
Building target: gpio.elf
Invoking: ARM v7 gcc linker
arm-none-eabi-gcc -mcpu=cortex-a9 -mfpu=vfpv3 -mfloat-abi=hard -Wl,-build-id=none -specs=Xilinx.spec -Wl,-T -Wl,../src/lscript.ld -L../../gpio_bsp/ps7_cortexa9_0/lib -o "gpio.elf"  ./src/gpio_functions.o ./src/main.o ./src/platform.o   -Wl,--start-group,-lxil,-lgcc,-lc,--end-group
Finished building target: gpio.elf
 
Invoking: ARM v7 Print Size
arm-none-eabi-size gpio.elf  |tee "gpio.elf.size"
   text	   data	    bss	    dec	    hex	filename
  57716	   2588	  23340	  83644	  146bc	gpio.elf
Finished building: gpio.elf.size
 
12:11:47 **** Auto Build of configuration Debug for project gpio ****
make pre-build main-build 
a9-linaro-pre-build-step
 
Building file: ../src/gpio_functions.c
Invoking: ARM v7 gcc compiler
arm-none-eabi-gcc -Wall -O0 -g3 -c -fmessage-length=0 -MT"src/gpio_functions.o" -mcpu=cortex-a9 -mfpu=vfpv3 -mfloat-abi=hard -I../../gpio_bsp/ps7_cortexa9_0/include -MMD -MP -MF"src/gpio_functions.d" -MT"src/gpio_functions.o" -o "src/gpio_functions.o" "../src/gpio_functions.c"
Finished building: ../src/gpio_functions.c
 
Building target: gpio.elf
Invoking: ARM v7 gcc linker
arm-none-eabi-gcc -mcpu=cortex-a9 -mfpu=vfpv3 -mfloat-abi=hard -Wl,-build-id=none -specs=Xilinx.spec -Wl,-T -Wl,../src/lscript.ld -L../../gpio_bsp/ps7_cortexa9_0/lib -o "gpio.elf"  ./src/gpio_functions.o ./src/main.o ./src/platform.o   -Wl,--start-group,-lxil,-lgcc,-lc,--end-group
Finished building target: gpio.elf
 
Invoking: ARM v7 Print Size
arm-none-eabi-size gpio.elf  |tee "gpio.elf.size"
   text	   data	    bss	    dec	    hex	filename
  57716	   2588	  23340	  83644	  146bc	gpio.elf
Finished building: gpio.elf.size
 
12:12:01 **** Auto Build of configuration Debug for project gpio ****
make pre-build main-build 
a9-linaro-pre-build-step
 
Building file: ../src/gpio_functions.c
Invoking: ARM v7 gcc compiler
arm-none-eabi-gcc -Wall -O0 -g3 -c -fmessage-length=0 -MT"src/gpio_functions.o" -mcpu=cortex-a9 -mfpu=vfpv3 -mfloat-abi=hard -I../../gpio_bsp/ps7_cortexa9_0/include -MMD -MP -MF"src/gpio_functions.d" -MT"src/gpio_functions.o" -o "src/gpio_functions.o" "../src/gpio_functions.c"
Finished building: ../src/gpio_functions.c
 
Building target: gpio.elf
Invoking: ARM v7 gcc linker
arm-none-eabi-gcc -mcpu=cortex-a9 -mfpu=vfpv3 -mfloat-abi=hard -Wl,-build-id=none -specs=Xilinx.spec -Wl,-T -Wl,../src/lscript.ld -L../../gpio_bsp/ps7_cortexa9_0/lib -o "gpio.elf"  ./src/gpio_functions.o ./src/main.o ./src/platform.o   -Wl,--start-group,-lxil,-lgcc,-lc,--end-group
Finished building target: gpio.elf
 
Invoking: ARM v7 Print Size
arm-none-eabi-size gpio.elf  |tee "gpio.elf.size"
   text	   data	    bss	    dec	    hex	filename
  57716	   2588	  23340	  83644	  146bc	gpio.elf
Finished building: gpio.elf.size
 
12:25:17 **** Auto Build of configuration Debug for project gpio ****
make pre-build main-build 
a9-linaro-pre-build-step
 
Building file: ../src/gpio_functions.c
Invoking: ARM v7 gcc compiler
arm-none-eabi-gcc -Wall -O0 -g3 -c -fmessage-length=0 -MT"src/gpio_functions.o" -mcpu=cortex-a9 -mfpu=vfpv3 -mfloat-abi=hard -I../../gpio_bsp/ps7_cortexa9_0/include -MMD -MP -MF"src/gpio_functions.d" -MT"src/gpio_functions.o" -o "src/gpio_functions.o" "../src/gpio_functions.c"
Finished building: ../src/gpio_functions.c
 
Building target: gpio.elf
Invoking: ARM v7 gcc linker
arm-none-eabi-gcc -mcpu=cortex-a9 -mfpu=vfpv3 -mfloat-abi=hard -Wl,-build-id=none -specs=Xilinx.spec -Wl,-T -Wl,../src/lscript.ld -L../../gpio_bsp/ps7_cortexa9_0/lib -o "gpio.elf"  ./src/gpio_functions.o ./src/main.o ./src/platform.o   -Wl,--start-group,-lxil,-lgcc,-lc,--end-group
Finished building target: gpio.elf
 
Invoking: ARM v7 Print Size
arm-none-eabi-size gpio.elf  |tee "gpio.elf.size"
   text	   data	    bss	    dec	    hex	filename
  57716	   2588	  23340	  83644	  146bc	gpio.elf
Finished building: gpio.elf.size
 
13:52:14 **** Auto Build of configuration Debug for project gpio ****
make pre-build main-build 
a9-linaro-pre-build-step
 
Building file: ../src/main.c
Invoking: ARM v7 gcc compiler
arm-none-eabi-gcc -Wall -O0 -g3 -c -fmessage-length=0 -MT"src/main.o" -mcpu=cortex-a9 -mfpu=vfpv3 -mfloat-abi=hard -I../../gpio_bsp/ps7_cortexa9_0/include -MMD -MP -MF"src/main.d" -MT"src/main.o" -o "src/main.o" "../src/main.c"
Finished building: ../src/main.c
 
Building target: gpio.elf
Invoking: ARM v7 gcc linker
arm-none-eabi-gcc -mcpu=cortex-a9 -mfpu=vfpv3 -mfloat-abi=hard -Wl,-build-id=none -specs=Xilinx.spec -Wl,-T -Wl,../src/lscript.ld -L../../gpio_bsp/ps7_cortexa9_0/lib -o "gpio.elf"  ./src/gpio_functions.o ./src/main.o ./src/platform.o   -Wl,--start-group,-lxil,-lgcc,-lc,--end-group
Finished building target: gpio.elf
 
Invoking: ARM v7 Print Size
arm-none-eabi-size gpio.elf  |tee "gpio.elf.size"
   text	   data	    bss	    dec	    hex	filename
  57716	   2588	  23340	  83644	  146bc	gpio.elf
Finished building: gpio.elf.size
 
13:53:36 **** Auto Build of configuration Debug for project gpio ****
make pre-build main-build 
a9-linaro-pre-build-step
 
Building file: ../src/main.c
Invoking: ARM v7 gcc compiler
arm-none-eabi-gcc -Wall -O0 -g3 -c -fmessage-length=0 -MT"src/main.o" -mcpu=cortex-a9 -mfpu=vfpv3 -mfloat-abi=hard -I../../gpio_bsp/ps7_cortexa9_0/include -MMD -MP -MF"src/main.d" -MT"src/main.o" -o "src/main.o" "../src/main.c"
Finished building: ../src/main.c
 
Building target: gpio.elf
Invoking: ARM v7 gcc linker
arm-none-eabi-gcc -mcpu=cortex-a9 -mfpu=vfpv3 -mfloat-abi=hard -Wl,-build-id=none -specs=Xilinx.spec -Wl,-T -Wl,../src/lscript.ld -L../../gpio_bsp/ps7_cortexa9_0/lib -o "gpio.elf"  ./src/gpio_functions.o ./src/main.o ./src/platform.o   -Wl,--start-group,-lxil,-lgcc,-lc,--end-group
Finished building target: gpio.elf
 
Invoking: ARM v7 Print Size
arm-none-eabi-size gpio.elf  |tee "gpio.elf.size"
   text	   data	    bss	    dec	    hex	filename
  57716	   2588	  23340	  83644	  146bc	gpio.elf
Finished building: gpio.elf.size
 
14:08:14 **** Auto Build of configuration Debug for project gpio ****
make pre-build main-build 
a9-linaro-pre-build-step
 
Building file: ../src/main.c
Invoking: ARM v7 gcc compiler
arm-none-eabi-gcc -Wall -O0 -g3 -c -fmessage-length=0 -MT"src/main.o" -mcpu=cortex-a9 -mfpu=vfpv3 -mfloat-abi=hard -I../../gpio_bsp/ps7_cortexa9_0/include -MMD -MP -MF"src/main.d" -MT"src/main.o" -o "src/main.o" "../src/main.c"
Finished building: ../src/main.c
 
Building target: gpio.elf
Invoking: ARM v7 gcc linker
arm-none-eabi-gcc -mcpu=cortex-a9 -mfpu=vfpv3 -mfloat-abi=hard -Wl,-build-id=none -specs=Xilinx.spec -Wl,-T -Wl,../src/lscript.ld -L../../gpio_bsp/ps7_cortexa9_0/lib -o "gpio.elf"  ./src/gpio_functions.o ./src/main.o ./src/platform.o   -Wl,--start-group,-lxil,-lgcc,-lc,--end-group
Finished building target: gpio.elf
 
Invoking: ARM v7 Print Size
arm-none-eabi-size gpio.elf  |tee "gpio.elf.size"
   text	   data	    bss	    dec	    hex	filename
  57716	   2588	  23340	  83644	  146bc	gpio.elf
Finished building: gpio.elf.size
 
14:09:19 **** Auto Build of configuration Debug for project gpio ****
make pre-build main-build 
a9-linaro-pre-build-step
 
Building file: ../src/gpio_functions.c
Invoking: ARM v7 gcc compiler
arm-none-eabi-gcc -Wall -O0 -g3 -c -fmessage-length=0 -MT"src/gpio_functions.o" -mcpu=cortex-a9 -mfpu=vfpv3 -mfloat-abi=hard -I../../gpio_bsp/ps7_cortexa9_0/include -MMD -MP -MF"src/gpio_functions.d" -MT"src/gpio_functions.o" -o "src/gpio_functions.o" "../src/gpio_functions.c"
Finished building: ../src/gpio_functions.c
 
Building file: ../src/main.c
Invoking: ARM v7 gcc compiler
arm-none-eabi-gcc -Wall -O0 -g3 -c -fmessage-length=0 -MT"src/main.o" -mcpu=cortex-a9 -mfpu=vfpv3 -mfloat-abi=hard -I../../gpio_bsp/ps7_cortexa9_0/include -MMD -MP -MF"src/main.d" -MT"src/main.o" -o "src/main.o" "../src/main.c"
Finished building: ../src/main.c
 
Building target: gpio.elf
Invoking: ARM v7 gcc linker
arm-none-eabi-gcc -mcpu=cortex-a9 -mfpu=vfpv3 -mfloat-abi=hard -Wl,-build-id=none -specs=Xilinx.spec -Wl,-T -Wl,../src/lscript.ld -L../../gpio_bsp/ps7_cortexa9_0/lib -o "gpio.elf"  ./src/gpio_functions.o ./src/main.o ./src/platform.o   -Wl,--start-group,-lxil,-lgcc,-lc,--end-group
Finished building target: gpio.elf
 
Invoking: ARM v7 Print Size
arm-none-eabi-size gpio.elf  |tee "gpio.elf.size"
   text	   data	    bss	    dec	    hex	filename
  57716	   2588	  23340	  83644	  146bc	gpio.elf
Finished building: gpio.elf.size
 
